---
version: 1
interactions:
- request:
    body: hello
    form: {}
    headers:
      Content-Length:
      - "5"
      Content-Md5:
      - XUFAKrxLKna5cZ2REBfFkg==
      Content-Type:
      - text/plain; charset=utf-8
      User-Agent:
      - aws-sdk-go/1.19.16 (go1.12; linux; amd64) S3Manager
      X-Amz-Content-Sha256:
      - 2cf24dba5fb0a30e26e83b2ac5b9e29e1b161e5c1fa7425e73043362938b9824
      X-Amz-Date:
      - 20190426T212646Z
    url: https://go-cloud-testing.s3.us-west-1.amazonaws.com/weird-keys%40
    method: PUT
  response:
    body: ""
    headers:
      Content-Length:
      - "0"
      Date:
      - Fri, 26 Apr 2019 21:26:47 GMT
      Etag:
      - '"5d41402abc4b2a76b9719d911017c592"'
      Server:
      - AmazonS3
      X-Amz-Id-2:
      - alsb4BJfzhvl9zfNtWISo+UOH1wFLRo9RDQipwFL6bDxXl1ryzPSJC1HgiTP35GODGOVj6nKHm4=
      X-Amz-Request-Id:
      - 93E90F00E040B349
    status: 200 OK
    code: 200
    duration: ""
- request:
    body: ""
    form: {}
    headers:
      User-Agent:
      - aws-sdk-go/1.19.16 (go1.12; linux; amd64)
      X-Amz-Content-Sha256:
      - e3b0c44298fc1c149afbf4c8996fb92427ae41e4649b934ca495991b7852b855
      X-Amz-Date:
      - 20190426T212646Z
    url: https://go-cloud-testing.s3.us-west-1.amazonaws.com/weird-keys%40
    method: GET
  response:
    body: hello
    headers:
      Accept-Ranges:
      - bytes
      Content-Length:
      - "5"
      Content-Type:
      - text/plain; charset=utf-8
      Date:
      - Fri, 26 Apr 2019 21:26:47 GMT
      Etag:
      - '"5d41402abc4b2a76b9719d911017c592"'
      Last-Modified:
      - Fri, 26 Apr 2019 21:26:47 GMT
      Server:
      - AmazonS3
      X-Amz-Id-2:
      - gXIm33/4SlpxXTZvXbwZ1e4QmzD1O+H2wCwuHPBSlTDo36Yi6YkAWC0fP05/DYoTi9KVDlF2Q9Y=
      X-Amz-Request-Id:
      - 7C5650E53B39A107
    status: 200 OK
    code: 200
    duration: ""
- request:
    body: ""
    form: {}
    headers:
      User-Agent:
      - aws-sdk-go/1.19.16 (go1.12; linux; amd64)
      X-Amz-Content-Sha256:
      - e3b0c44298fc1c149afbf4c8996fb92427ae41e4649b934ca495991b7852b855
      X-Amz-Date:
      - 20190426T212646Z
    url: https://go-cloud-testing.s3.us-west-1.amazonaws.com/weird-keys%40
    method: HEAD
  response:
    body: ""
    headers:
      Accept-Ranges:
      - bytes
      Content-Length:
      - "5"
      Content-Type:
      - text/plain; charset=utf-8
      Date:
      - Fri, 26 Apr 2019 21:26:47 GMT
      Etag:
      - '"5d41402abc4b2a76b9719d911017c592"'
      Last-Modified:
      - Fri, 26 Apr 2019 21:26:47 GMT
      Server:
      - AmazonS3
      X-Amz-Id-2:
      - 3qrbF4Dbe3SUXP0EJe7BqpwsD7AW2SpD/20tW9UfUO6gvP6xWJSMVDHLaNJinCFjPfb9F2ZQSzs=
      X-Amz-Request-Id:
      - 727B0ECC1018A60C
    status: 200 OK
    code: 200
    duration: ""
- request:
    body: ""
    form: {}
    headers: {}
    url: https://go-cloud-testing.s3.us-west-1.amazonaws.com/weird-keys%40?X-Amz-Algorithm=AWS4-HMAC-SHA256&X-Amz-Credential=AKIAIFP4ZBSWPYQQERJA%2F20190426%2Fus-west-1%2Fs3%2Faws4_request&X-Amz-Date=20190426T212646Z&X-Amz-Expires=3600&X-Amz-SignedHeaders=host&X-Amz-Signature=99b4e5c1f2f38f92ea4806e8c79ceae05cd9f22c4c96e504dd3bb2c78d8c3479
    method: GET
  response:
    body: hello
    headers:
      Accept-Ranges:
      - bytes
      Content-Length:
      - "5"
      Content-Type:
      - text/plain; charset=utf-8
      Date:
      - Fri, 26 Apr 2019 21:26:47 GMT
      Etag:
      - '"5d41402abc4b2a76b9719d911017c592"'
      Last-Modified:
      - Fri, 26 Apr 2019 21:26:47 GMT
      Server:
      - AmazonS3
      X-Amz-Id-2:
      - UtHHRNeDTh2wSvSlTT39sT5MX/7ForJ79oBqDtD0U+WA2/KogvYfgoBFi3mbpkwH78zdmfTaS9k=
      X-Amz-Request-Id:
      - 6071DCC059E384AE
    status: 200 OK
    code: 200
    duration: ""
- request:
    body: ""
    form: {}
    headers:
      User-Agent:
      - aws-sdk-go/1.19.16 (go1.12; linux; amd64)
      X-Amz-Content-Sha256:
      - e3b0c44298fc1c149afbf4c8996fb92427ae41e4649b934ca495991b7852b855
      X-Amz-Date:
      - 20190426T212646Z
    url: https://go-cloud-testing.s3.us-west-1.amazonaws.com/weird-keys%40
    method: HEAD
  response:
    body: ""
    headers:
      Accept-Ranges:
      - bytes
      Content-Length:
      - "5"
      Content-Type:
      - text/plain; charset=utf-8
      Date:
      - Fri, 26 Apr 2019 21:26:47 GMT
      Etag:
      - '"5d41402abc4b2a76b9719d911017c592"'
      Last-Modified:
      - Fri, 26 Apr 2019 21:26:47 GMT
      Server:
      - AmazonS3
      X-Amz-Id-2:
      - JVlx9Ti3ytrbppYDQpOsFJgUXCyj7F3m493Kkm6sJ/IEdLVnoq6Q5NstNQWCMlB3kWPGl6CtTik=
      X-Amz-Request-Id:
      - C773E55EA5E9571B
    status: 200 OK
    code: 200
    duration: ""
- request:
    body: ""
    form: {}
    headers:
      User-Agent:
      - aws-sdk-go/1.19.16 (go1.12; linux; amd64)
      X-Amz-Content-Sha256:
      - e3b0c44298fc1c149afbf4c8996fb92427ae41e4649b934ca495991b7852b855
      X-Amz-Date:
      - 20190426T212646Z
    url: https://go-cloud-testing.s3.us-west-1.amazonaws.com/weird-keys%40
    method: DELETE
  response:
    body: ""
    headers:
      Date:
      - Fri, 26 Apr 2019 21:26:47 GMT
      Server:
      - AmazonS3
      X-Amz-Id-2:
      - +vFzhw2V5eQ3rePJ1yTjXxO6pPeUPeV+ak58IPge8b0kfXWWHSEKng4cJfMeJi6W8e6/ov4SWMY=
      X-Amz-Request-Id:
      - E5C95DB2A52393B9
    status: 204 No Content
    code: 204
    duration: ""
