---
version: 1
interactions:
- request:
    body: hello
    form: {}
    headers:
      Content-Length:
      - "5"
      Content-Md5:
      - XUFAKrxLKna5cZ2REBfFkg==
      Content-Type:
      - text/plain; charset=utf-8
      User-Agent:
      - aws-sdk-go/1.16.23 (devel +56c9f8e8cf; linux; amd64) S3Manager
      X-Amz-Content-Sha256:
      - 2cf24dba5fb0a30e26e83b2ac5b9e29e1b161e5c1fa7425e73043362938b9824
      X-Amz-Date:
      - 20190211T183201Z
    url: https://go-cloud-testing.s3.us-west-1.amazonaws.com/weird-keys%7B%7C%7D~%7F
    method: PUT
  response:
    body: ""
    headers:
      Content-Length:
      - "0"
      Date:
      - Mon, 11 Feb 2019 18:32:02 GMT
      Etag:
      - '"5d41402abc4b2a76b9719d911017c592"'
      Server:
      - AmazonS3
      X-Amz-Id-2:
      - ih7NcK/88GBtINlCb3Nwc4I993t8Va0Hhvs5jgNCMz1luy7mo+sOwZA6wbwd8R7ww18nJTXeaa8=
      X-Amz-Request-Id:
      - F85F27B3E943729C
    status: 200 OK
    code: 200
    duration: ""
- request:
    body: ""
    form: {}
    headers:
      User-Agent:
      - aws-sdk-go/1.16.23 (devel +56c9f8e8cf; linux; amd64)
      X-Amz-Content-Sha256:
      - e3b0c44298fc1c149afbf4c8996fb92427ae41e4649b934ca495991b7852b855
      X-Amz-Date:
      - 20190211T183201Z
    url: https://go-cloud-testing.s3.us-west-1.amazonaws.com/weird-keys%7B%7C%7D~%7F
    method: GET
  response:
    body: hello
    headers:
      Accept-Ranges:
      - bytes
      Content-Length:
      - "5"
      Content-Type:
      - text/plain; charset=utf-8
      Date:
      - Mon, 11 Feb 2019 18:32:02 GMT
      Etag:
      - '"5d41402abc4b2a76b9719d911017c592"'
      Last-Modified:
      - Mon, 11 Feb 2019 18:32:02 GMT
      Server:
      - AmazonS3
      X-Amz-Id-2:
      - cIL4IyKdSCHcdVwtAtSLNGz8N6gIVxSLQ3R8L3f78Y6ndX1jwWmiwuFOyfZtASiKx5KjSj3Ix5E=
      X-Amz-Request-Id:
      - E77ACFA984807392
    status: 200 OK
    code: 200
    duration: ""
- request:
    body: ""
    form: {}
    headers:
      User-Agent:
      - aws-sdk-go/1.16.23 (devel +56c9f8e8cf; linux; amd64)
      X-Amz-Content-Sha256:
      - e3b0c44298fc1c149afbf4c8996fb92427ae41e4649b934ca495991b7852b855
      X-Amz-Date:
      - 20190211T183201Z
    url: https://go-cloud-testing.s3.us-west-1.amazonaws.com/weird-keys%7B%7C%7D~%7F
    method: HEAD
  response:
    body: ""
    headers:
      Accept-Ranges:
      - bytes
      Content-Length:
      - "5"
      Content-Type:
      - text/plain; charset=utf-8
      Date:
      - Mon, 11 Feb 2019 18:32:02 GMT
      Etag:
      - '"5d41402abc4b2a76b9719d911017c592"'
      Last-Modified:
      - Mon, 11 Feb 2019 18:32:02 GMT
      Server:
      - AmazonS3
      X-Amz-Id-2:
      - W89RVZTo1lNOH7sxpWpo16AXhIde0L8Rpu9NvRfK8fvK+5aw1DmyFRl3RLk5YdT1FDARNMOXK3A=
      X-Amz-Request-Id:
      - 940641DD2FA70663
    status: 200 OK
    code: 200
    duration: ""
- request:
    body: ""
    form: {}
    headers: {}
    url: https://go-cloud-testing.s3.us-west-1.amazonaws.com/weird-keys%7B%7C%7D~%7F?X-Amz-Algorithm=AWS4-HMAC-SHA256&X-Amz-Credential=AKIAJUGP3DMJYQAR6PDA%2F20190211%2Fus-west-1%2Fs3%2Faws4_request&X-Amz-Date=20190211T183201Z&X-Amz-Expires=3600&X-Amz-SignedHeaders=host&X-Amz-Signature=288bb611a8ba25dda9ea25eee4e5fc2009869a7659279b57311754df8235f960
    method: GET
  response:
    body: hello
    headers:
      Accept-Ranges:
      - bytes
      Content-Length:
      - "5"
      Content-Type:
      - text/plain; charset=utf-8
      Date:
      - Mon, 11 Feb 2019 18:32:02 GMT
      Etag:
      - '"5d41402abc4b2a76b9719d911017c592"'
      Last-Modified:
      - Mon, 11 Feb 2019 18:32:02 GMT
      Server:
      - AmazonS3
      X-Amz-Id-2:
      - FB3tOFDZNID+yAPA7ctGe3+IeHBrQanO+kO2a5oBONLFRtgrp7DrOdFDrHeT+19Zke7lpTVSaPE=
      X-Amz-Request-Id:
      - CD97CF9C8F3472BA
    status: 200 OK
    code: 200
    duration: ""
- request:
    body: ""
    form: {}
    headers:
      User-Agent:
      - aws-sdk-go/1.16.23 (devel +56c9f8e8cf; linux; amd64)
      X-Amz-Content-Sha256:
      - e3b0c44298fc1c149afbf4c8996fb92427ae41e4649b934ca495991b7852b855
      X-Amz-Date:
      - 20190211T183201Z
    url: https://go-cloud-testing.s3.us-west-1.amazonaws.com/weird-keys%7B%7C%7D~%7F
    method: HEAD
  response:
    body: ""
    headers:
      Accept-Ranges:
      - bytes
      Content-Length:
      - "5"
      Content-Type:
      - text/plain; charset=utf-8
      Date:
      - Mon, 11 Feb 2019 18:32:02 GMT
      Etag:
      - '"5d41402abc4b2a76b9719d911017c592"'
      Last-Modified:
      - Mon, 11 Feb 2019 18:32:02 GMT
      Server:
      - AmazonS3
      X-Amz-Id-2:
      - 8RSLe7Lb6UACrv/p+UFm+CSk2vbCkBWRhegLjjEui0FXJ3o7d9/gP8jrqHqMEbrqTE9dg9okRVY=
      X-Amz-Request-Id:
      - 61E721A24E8DD37A
    status: 200 OK
    code: 200
    duration: ""
- request:
    body: ""
    form: {}
    headers:
      User-Agent:
      - aws-sdk-go/1.16.23 (devel +56c9f8e8cf; linux; amd64)
      X-Amz-Content-Sha256:
      - e3b0c44298fc1c149afbf4c8996fb92427ae41e4649b934ca495991b7852b855
      X-Amz-Date:
      - 20190211T183201Z
    url: https://go-cloud-testing.s3.us-west-1.amazonaws.com/weird-keys%7B%7C%7D~%7F
    method: DELETE
  response:
    body: ""
    headers:
      Date:
      - Mon, 11 Feb 2019 18:32:02 GMT
      Server:
      - AmazonS3
      X-Amz-Id-2:
      - TScvK6JpcF//WquIpabBpFvnEJ+xCMTx/1kb0uVhNKDbc79TIKpUk6Bu3ljIKM5QKLb5sYLj5Jo=
      X-Amz-Request-Id:
      - 9A340728C3DC8763
    status: 204 No Content
    code: 204
    duration: ""
