---
version: 1
interactions:
- request:
    body: hello
    form: {}
    headers:
      Content-Length:
      - "5"
      Content-Md5:
      - XUFAKrxLKna5cZ2REBfFkg==
      Content-Type:
      - text/plain; charset=utf-8
      User-Agent:
      - aws-sdk-go/1.19.16 (go1.12; linux; amd64) S3Manager
      X-Amz-Content-Sha256:
      - 2cf24dba5fb0a30e26e83b2ac5b9e29e1b161e5c1fa7425e73043362938b9824
      X-Amz-Date:
      - 20190426T212652Z
    url: https://go-cloud-testing.s3.us-west-1.amazonaws.com/weird-keys%7B%7C%7D~%7F
    method: PUT
  response:
    body: ""
    headers:
      Content-Length:
      - "0"
      Date:
      - Fri, 26 Apr 2019 21:26:53 GMT
      Etag:
      - '"5d41402abc4b2a76b9719d911017c592"'
      Server:
      - AmazonS3
      X-Amz-Id-2:
      - XdBfkzpCDPdWSZ0izUuCnZWbXv37IOm+EqIskwWhpoR5l7U7AwANCia2UX1BhAh9Go7HLP+DU/A=
      X-Amz-Request-Id:
      - CAF3273B9BB895C8
    status: 200 OK
    code: 200
    duration: ""
- request:
    body: ""
    form: {}
    headers:
      User-Agent:
      - aws-sdk-go/1.19.16 (go1.12; linux; amd64)
      X-Amz-Content-Sha256:
      - e3b0c44298fc1c149afbf4c8996fb92427ae41e4649b934ca495991b7852b855
      X-Amz-Date:
      - 20190426T212652Z
    url: https://go-cloud-testing.s3.us-west-1.amazonaws.com/weird-keys%7B%7C%7D~%7F
    method: GET
  response:
    body: hello
    headers:
      Accept-Ranges:
      - bytes
      Content-Length:
      - "5"
      Content-Type:
      - text/plain; charset=utf-8
      Date:
      - Fri, 26 Apr 2019 21:26:53 GMT
      Etag:
      - '"5d41402abc4b2a76b9719d911017c592"'
      Last-Modified:
      - Fri, 26 Apr 2019 21:26:53 GMT
      Server:
      - AmazonS3
      X-Amz-Id-2:
      - BW98cC0iU8U31u1IurfN6UI3hSHZ8kdIjjwOxvt8hTcwmsaQ5uuhoUwKD/77Tn2rOYH/lze2jV4=
      X-Amz-Request-Id:
      - 0C4E378690F457B9
    status: 200 OK
    code: 200
    duration: ""
- request:
    body: ""
    form: {}
    headers:
      User-Agent:
      - aws-sdk-go/1.19.16 (go1.12; linux; amd64)
      X-Amz-Content-Sha256:
      - e3b0c44298fc1c149afbf4c8996fb92427ae41e4649b934ca495991b7852b855
      X-Amz-Date:
      - 20190426T212652Z
    url: https://go-cloud-testing.s3.us-west-1.amazonaws.com/weird-keys%7B%7C%7D~%7F
    method: HEAD
  response:
    body: ""
    headers:
      Accept-Ranges:
      - bytes
      Content-Length:
      - "5"
      Content-Type:
      - text/plain; charset=utf-8
      Date:
      - Fri, 26 Apr 2019 21:26:53 GMT
      Etag:
      - '"5d41402abc4b2a76b9719d911017c592"'
      Last-Modified:
      - Fri, 26 Apr 2019 21:26:53 GMT
      Server:
      - AmazonS3
      X-Amz-Id-2:
      - LrGVqRBC5LG18IzXJFvZJXQmGMDKtOwbH25H3tjJ5Q1jrEiMqOmYXzashugwlnmcoTBeHsIZbrk=
      X-Amz-Request-Id:
      - C847D52171DB1246
    status: 200 OK
    code: 200
    duration: ""
- request:
    body: ""
    form: {}
    headers: {}
    url: https://go-cloud-testing.s3.us-west-1.amazonaws.com/weird-keys%7B%7C%7D~%7F?X-Amz-Algorithm=AWS4-HMAC-SHA256&X-Amz-Credential=AKIAIFP4ZBSWPYQQERJA%2F20190426%2Fus-west-1%2Fs3%2Faws4_request&X-Amz-Date=20190426T212652Z&X-Amz-Expires=3600&X-Amz-SignedHeaders=host&X-Amz-Signature=417968bb8ffa531ea5e4f148a0b87a21454a5c220b552ecb0041d3dfb387acb4
    method: GET
  response:
    body: hello
    headers:
      Accept-Ranges:
      - bytes
      Content-Length:
      - "5"
      Content-Type:
      - text/plain; charset=utf-8
      Date:
      - Fri, 26 Apr 2019 21:26:53 GMT
      Etag:
      - '"5d41402abc4b2a76b9719d911017c592"'
      Last-Modified:
      - Fri, 26 Apr 2019 21:26:53 GMT
      Server:
      - AmazonS3
      X-Amz-Id-2:
      - Na5+U/R4MKQiGgYYijDD/SbNcy2tUmgXPgajbyg0VSW8J7pYcgdT740fcRFF4L9xtu2VwwzSPwc=
      X-Amz-Request-Id:
      - 3A262CFDAE6797D8
    status: 200 OK
    code: 200
    duration: ""
- request:
    body: ""
    form: {}
    headers:
      User-Agent:
      - aws-sdk-go/1.19.16 (go1.12; linux; amd64)
      X-Amz-Content-Sha256:
      - e3b0c44298fc1c149afbf4c8996fb92427ae41e4649b934ca495991b7852b855
      X-Amz-Date:
      - 20190426T212652Z
    url: https://go-cloud-testing.s3.us-west-1.amazonaws.com/weird-keys%7B%7C%7D~%7F
    method: HEAD
  response:
    body: ""
    headers:
      Accept-Ranges:
      - bytes
      Content-Length:
      - "5"
      Content-Type:
      - text/plain; charset=utf-8
      Date:
      - Fri, 26 Apr 2019 21:26:53 GMT
      Etag:
      - '"5d41402abc4b2a76b9719d911017c592"'
      Last-Modified:
      - Fri, 26 Apr 2019 21:26:53 GMT
      Server:
      - AmazonS3
      X-Amz-Id-2:
      - LOSpApbHbLG/J40IpknWUAgiRU5DGSAhcfNBFSZS/RWALddaPSUGkWn6sgpvMguPwsY9smsgRno=
      X-Amz-Request-Id:
      - 7199EDADCAC53EC1
    status: 200 OK
    code: 200
    duration: ""
- request:
    body: ""
    form: {}
    headers:
      User-Agent:
      - aws-sdk-go/1.19.16 (go1.12; linux; amd64)
      X-Amz-Content-Sha256:
      - e3b0c44298fc1c149afbf4c8996fb92427ae41e4649b934ca495991b7852b855
      X-Amz-Date:
      - 20190426T212652Z
    url: https://go-cloud-testing.s3.us-west-1.amazonaws.com/weird-keys%7B%7C%7D~%7F
    method: DELETE
  response:
    body: ""
    headers:
      Date:
      - Fri, 26 Apr 2019 21:26:53 GMT
      Server:
      - AmazonS3
      X-Amz-Id-2:
      - s84hroci+4YT1I+ojVwVL0IINqeD+U8pDJK3c9pvkrw8ghjzQ6/iQWGiasEFMRByvpmH87uWqoQ=
      X-Amz-Request-Id:
      - 452E013A15C68082
    status: 204 No Content
    code: 204
    duration: ""
