---
version: 1
interactions:
- request:
    body: ""
    form: {}
    headers:
      User-Agent:
      - google-api-go-client/0.5
      X-Goog-Api-Client:
      - gl-go/1.11.0-rc2 gccl/20180226
    url: https://www.googleapis.com/storage/v1/b/go-cloud-blob-test-bucket/o?alt=json&delimiter=&maxResults=1000&pageToken=&prefix=blob-for-delimiters-abc&prettyPrint=false&projection=full&versions=false
    method: GET
  response:
    body: '{"kind":"storage#objects","items":[{"kind":"storage#object","id":"go-cloud-blob-test-bucket/blob-for-delimiters-abcdir1abca.txt/1539896906873913","selfLink":"https://www.googleapis.com/storage/v1/b/go-cloud-blob-test-bucket/o/blob-for-delimiters-abcdir1abca.txt","name":"blob-for-delimiters-abcdir1abca.txt","bucket":"go-cloud-blob-test-bucket","generation":"1539896906873913","metageneration":"1","contentType":"text/plain;
      charset=utf-8","timeCreated":"2018-10-18T21:08:26.873Z","updated":"2018-10-18T21:08:26.873Z","storageClass":"REGIONAL","timeStorageClassUpdated":"2018-10-18T21:08:26.873Z","size":"5","md5Hash":"XUFAKrxLKna5cZ2REBfFkg==","mediaLink":"https://www.googleapis.com/download/storage/v1/b/go-cloud-blob-test-bucket/o/blob-for-delimiters-abcdir1abca.txt?generation=1539896906873913&alt=media","acl":[{"kind":"storage#objectAccessControl","id":"go-cloud-blob-test-bucket/blob-for-delimiters-abcdir1abca.txt/1539896906873913/project-owners-892942638129","selfLink":"https://www.googleapis.com/storage/v1/b/go-cloud-blob-test-bucket/o/blob-for-delimiters-abcdir1abca.txt/acl/project-owners-892942638129","bucket":"go-cloud-blob-test-bucket","object":"blob-for-delimiters-abcdir1abca.txt","generation":"1539896906873913","entity":"project-owners-892942638129","role":"OWNER","projectTeam":{"projectNumber":"892942638129","team":"owners"},"etag":"CLn4/4DzkN4CEAE="},{"kind":"storage#objectAccessControl","id":"go-cloud-blob-test-bucket/blob-for-delimiters-abcdir1abca.txt/1539896906873913/project-editors-892942638129","selfLink":"https://www.googleapis.com/storage/v1/b/go-cloud-blob-test-bucket/o/blob-for-delimiters-abcdir1abca.txt/acl/project-editors-892942638129","bucket":"go-cloud-blob-test-bucket","object":"blob-for-delimiters-abcdir1abca.txt","generation":"1539896906873913","entity":"project-editors-892942638129","role":"OWNER","projectTeam":{"projectNumber":"892942638129","team":"editors"},"etag":"CLn4/4DzkN4CEAE="},{"kind":"storage#objectAccessControl","id":"go-cloud-blob-test-bucket/blob-for-delimiters-abcdir1abca.txt/1539896906873913/project-viewers-892942638129","selfLink":"https://www.googleapis.com/storage/v1/b/go-cloud-blob-test-bucket/o/blob-for-delimiters-abcdir1abca.txt/acl/project-viewers-892942638129","bucket":"go-cloud-blob-test-bucket","object":"blob-for-delimiters-abcdir1abca.txt","generation":"1539896906873913","entity":"project-viewers-892942638129","role":"READER","projectTeam":{"projectNumber":"892942638129","team":"viewers"},"etag":"CLn4/4DzkN4CEAE="},{"kind":"storage#objectAccessControl","id":"go-cloud-blob-test-bucket/blob-for-delimiters-abcdir1abca.txt/1539896906873913/user-rvangent@google.com","selfLink":"https://www.googleapis.com/storage/v1/b/go-cloud-blob-test-bucket/o/blob-for-delimiters-abcdir1abca.txt/acl/user-rvangent@google.com","bucket":"go-cloud-blob-test-bucket","object":"blob-for-delimiters-abcdir1abca.txt","generation":"1539896906873913","entity":"user-rvangent@google.com","role":"OWNER","email":"rvangent@google.com","etag":"CLn4/4DzkN4CEAE="}],"owner":{"entity":"user-rvangent@google.com"},"crc32c":"mnG7TA==","etag":"CLn4/4DzkN4CEAE="},{"kind":"storage#object","id":"go-cloud-blob-test-bucket/blob-for-delimiters-abcdir1abcb.txt/1539896906917127","selfLink":"https://www.googleapis.com/storage/v1/b/go-cloud-blob-test-bucket/o/blob-for-delimiters-abcdir1abcb.txt","name":"blob-for-delimiters-abcdir1abcb.txt","bucket":"go-cloud-blob-test-bucket","generation":"1539896906917127","metageneration":"1","contentType":"text/plain;
      charset=utf-8","timeCreated":"2018-10-18T21:08:26.916Z","updated":"2018-10-18T21:08:26.916Z","storageClass":"REGIONAL","timeStorageClassUpdated":"2018-10-18T21:08:26.916Z","size":"5","md5Hash":"XUFAKrxLKna5cZ2REBfFkg==","mediaLink":"https://www.googleapis.com/download/storage/v1/b/go-cloud-blob-test-bucket/o/blob-for-delimiters-abcdir1abcb.txt?generation=1539896906917127&alt=media","acl":[{"kind":"storage#objectAccessControl","id":"go-cloud-blob-test-bucket/blob-for-delimiters-abcdir1abcb.txt/1539896906917127/project-owners-892942638129","selfLink":"https://www.googleapis.com/storage/v1/b/go-cloud-blob-test-bucket/o/blob-for-delimiters-abcdir1abcb.txt/acl/project-owners-892942638129","bucket":"go-cloud-blob-test-bucket","object":"blob-for-delimiters-abcdir1abcb.txt","generation":"1539896906917127","entity":"project-owners-892942638129","role":"OWNER","projectTeam":{"projectNumber":"892942638129","team":"owners"},"etag":"CIfKgoHzkN4CEAE="},{"kind":"storage#objectAccessControl","id":"go-cloud-blob-test-bucket/blob-for-delimiters-abcdir1abcb.txt/1539896906917127/project-editors-892942638129","selfLink":"https://www.googleapis.com/storage/v1/b/go-cloud-blob-test-bucket/o/blob-for-delimiters-abcdir1abcb.txt/acl/project-editors-892942638129","bucket":"go-cloud-blob-test-bucket","object":"blob-for-delimiters-abcdir1abcb.txt","generation":"1539896906917127","entity":"project-editors-892942638129","role":"OWNER","projectTeam":{"projectNumber":"892942638129","team":"editors"},"etag":"CIfKgoHzkN4CEAE="},{"kind":"storage#objectAccessControl","id":"go-cloud-blob-test-bucket/blob-for-delimiters-abcdir1abcb.txt/1539896906917127/project-viewers-892942638129","selfLink":"https://www.googleapis.com/storage/v1/b/go-cloud-blob-test-bucket/o/blob-for-delimiters-abcdir1abcb.txt/acl/project-viewers-892942638129","bucket":"go-cloud-blob-test-bucket","object":"blob-for-delimiters-abcdir1abcb.txt","generation":"1539896906917127","entity":"project-viewers-892942638129","role":"READER","projectTeam":{"projectNumber":"892942638129","team":"viewers"},"etag":"CIfKgoHzkN4CEAE="},{"kind":"storage#objectAccessControl","id":"go-cloud-blob-test-bucket/blob-for-delimiters-abcdir1abcb.txt/1539896906917127/user-rvangent@google.com","selfLink":"https://www.googleapis.com/storage/v1/b/go-cloud-blob-test-bucket/o/blob-for-delimiters-abcdir1abcb.txt/acl/user-rvangent@google.com","bucket":"go-cloud-blob-test-bucket","object":"blob-for-delimiters-abcdir1abcb.txt","generation":"1539896906917127","entity":"user-rvangent@google.com","role":"OWNER","email":"rvangent@google.com","etag":"CIfKgoHzkN4CEAE="}],"owner":{"entity":"user-rvangent@google.com"},"crc32c":"mnG7TA==","etag":"CIfKgoHzkN4CEAE="},{"kind":"storage#object","id":"go-cloud-blob-test-bucket/blob-for-delimiters-abcdir1abcsubdirabcc.txt/1539896907064981","selfLink":"https://www.googleapis.com/storage/v1/b/go-cloud-blob-test-bucket/o/blob-for-delimiters-abcdir1abcsubdirabcc.txt","name":"blob-for-delimiters-abcdir1abcsubdirabcc.txt","bucket":"go-cloud-blob-test-bucket","generation":"1539896907064981","metageneration":"1","contentType":"text/plain;
      charset=utf-8","timeCreated":"2018-10-18T21:08:27.064Z","updated":"2018-10-18T21:08:27.064Z","storageClass":"REGIONAL","timeStorageClassUpdated":"2018-10-18T21:08:27.064Z","size":"5","md5Hash":"XUFAKrxLKna5cZ2REBfFkg==","mediaLink":"https://www.googleapis.com/download/storage/v1/b/go-cloud-blob-test-bucket/o/blob-for-delimiters-abcdir1abcsubdirabcc.txt?generation=1539896907064981&alt=media","acl":[{"kind":"storage#objectAccessControl","id":"go-cloud-blob-test-bucket/blob-for-delimiters-abcdir1abcsubdirabcc.txt/1539896907064981/project-owners-892942638129","selfLink":"https://www.googleapis.com/storage/v1/b/go-cloud-blob-test-bucket/o/blob-for-delimiters-abcdir1abcsubdirabcc.txt/acl/project-owners-892942638129","bucket":"go-cloud-blob-test-bucket","object":"blob-for-delimiters-abcdir1abcsubdirabcc.txt","generation":"1539896907064981","entity":"project-owners-892942638129","role":"OWNER","projectTeam":{"projectNumber":"892942638129","team":"owners"},"etag":"CJXNi4HzkN4CEAE="},{"kind":"storage#objectAccessControl","id":"go-cloud-blob-test-bucket/blob-for-delimiters-abcdir1abcsubdirabcc.txt/1539896907064981/project-editors-892942638129","selfLink":"https://www.googleapis.com/storage/v1/b/go-cloud-blob-test-bucket/o/blob-for-delimiters-abcdir1abcsubdirabcc.txt/acl/project-editors-892942638129","bucket":"go-cloud-blob-test-bucket","object":"blob-for-delimiters-abcdir1abcsubdirabcc.txt","generation":"1539896907064981","entity":"project-editors-892942638129","role":"OWNER","projectTeam":{"projectNumber":"892942638129","team":"editors"},"etag":"CJXNi4HzkN4CEAE="},{"kind":"storage#objectAccessControl","id":"go-cloud-blob-test-bucket/blob-for-delimiters-abcdir1abcsubdirabcc.txt/1539896907064981/project-viewers-892942638129","selfLink":"https://www.googleapis.com/storage/v1/b/go-cloud-blob-test-bucket/o/blob-for-delimiters-abcdir1abcsubdirabcc.txt/acl/project-viewers-892942638129","bucket":"go-cloud-blob-test-bucket","object":"blob-for-delimiters-abcdir1abcsubdirabcc.txt","generation":"1539896907064981","entity":"project-viewers-892942638129","role":"READER","projectTeam":{"projectNumber":"892942638129","team":"viewers"},"etag":"CJXNi4HzkN4CEAE="},{"kind":"storage#objectAccessControl","id":"go-cloud-blob-test-bucket/blob-for-delimiters-abcdir1abcsubdirabcc.txt/1539896907064981/user-rvangent@google.com","selfLink":"https://www.googleapis.com/storage/v1/b/go-cloud-blob-test-bucket/o/blob-for-delimiters-abcdir1abcsubdirabcc.txt/acl/user-rvangent@google.com","bucket":"go-cloud-blob-test-bucket","object":"blob-for-delimiters-abcdir1abcsubdirabcc.txt","generation":"1539896907064981","entity":"user-rvangent@google.com","role":"OWNER","email":"rvangent@google.com","etag":"CJXNi4HzkN4CEAE="}],"owner":{"entity":"user-rvangent@google.com"},"crc32c":"mnG7TA==","etag":"CJXNi4HzkN4CEAE="},{"kind":"storage#object","id":"go-cloud-blob-test-bucket/blob-for-delimiters-abcdir1abcsubdirabcd.txt/1539896907113872","selfLink":"https://www.googleapis.com/storage/v1/b/go-cloud-blob-test-bucket/o/blob-for-delimiters-abcdir1abcsubdirabcd.txt","name":"blob-for-delimiters-abcdir1abcsubdirabcd.txt","bucket":"go-cloud-blob-test-bucket","generation":"1539896907113872","metageneration":"1","contentType":"text/plain;
      charset=utf-8","timeCreated":"2018-10-18T21:08:27.113Z","updated":"2018-10-18T21:08:27.113Z","storageClass":"REGIONAL","timeStorageClassUpdated":"2018-10-18T21:08:27.113Z","size":"5","md5Hash":"XUFAKrxLKna5cZ2REBfFkg==","mediaLink":"https://www.googleapis.com/download/storage/v1/b/go-cloud-blob-test-bucket/o/blob-for-delimiters-abcdir1abcsubdirabcd.txt?generation=1539896907113872&alt=media","acl":[{"kind":"storage#objectAccessControl","id":"go-cloud-blob-test-bucket/blob-for-delimiters-abcdir1abcsubdirabcd.txt/1539896907113872/project-owners-892942638129","selfLink":"https://www.googleapis.com/storage/v1/b/go-cloud-blob-test-bucket/o/blob-for-delimiters-abcdir1abcsubdirabcd.txt/acl/project-owners-892942638129","bucket":"go-cloud-blob-test-bucket","object":"blob-for-delimiters-abcdir1abcsubdirabcd.txt","generation":"1539896907113872","entity":"project-owners-892942638129","role":"OWNER","projectTeam":{"projectNumber":"892942638129","team":"owners"},"etag":"CJDLjoHzkN4CEAE="},{"kind":"storage#objectAccessControl","id":"go-cloud-blob-test-bucket/blob-for-delimiters-abcdir1abcsubdirabcd.txt/1539896907113872/project-editors-892942638129","selfLink":"https://www.googleapis.com/storage/v1/b/go-cloud-blob-test-bucket/o/blob-for-delimiters-abcdir1abcsubdirabcd.txt/acl/project-editors-892942638129","bucket":"go-cloud-blob-test-bucket","object":"blob-for-delimiters-abcdir1abcsubdirabcd.txt","generation":"1539896907113872","entity":"project-editors-892942638129","role":"OWNER","projectTeam":{"projectNumber":"892942638129","team":"editors"},"etag":"CJDLjoHzkN4CEAE="},{"kind":"storage#objectAccessControl","id":"go-cloud-blob-test-bucket/blob-for-delimiters-abcdir1abcsubdirabcd.txt/1539896907113872/project-viewers-892942638129","selfLink":"https://www.googleapis.com/storage/v1/b/go-cloud-blob-test-bucket/o/blob-for-delimiters-abcdir1abcsubdirabcd.txt/acl/project-viewers-892942638129","bucket":"go-cloud-blob-test-bucket","object":"blob-for-delimiters-abcdir1abcsubdirabcd.txt","generation":"1539896907113872","entity":"project-viewers-892942638129","role":"READER","projectTeam":{"projectNumber":"892942638129","team":"viewers"},"etag":"CJDLjoHzkN4CEAE="},{"kind":"storage#objectAccessControl","id":"go-cloud-blob-test-bucket/blob-for-delimiters-abcdir1abcsubdirabcd.txt/1539896907113872/user-rvangent@google.com","selfLink":"https://www.googleapis.com/storage/v1/b/go-cloud-blob-test-bucket/o/blob-for-delimiters-abcdir1abcsubdirabcd.txt/acl/user-rvangent@google.com","bucket":"go-cloud-blob-test-bucket","object":"blob-for-delimiters-abcdir1abcsubdirabcd.txt","generation":"1539896907113872","entity":"user-rvangent@google.com","role":"OWNER","email":"rvangent@google.com","etag":"CJDLjoHzkN4CEAE="}],"owner":{"entity":"user-rvangent@google.com"},"crc32c":"mnG7TA==","etag":"CJDLjoHzkN4CEAE="},{"kind":"storage#object","id":"go-cloud-blob-test-bucket/blob-for-delimiters-abcdir2abce.txt/1540585270082393","selfLink":"https://www.googleapis.com/storage/v1/b/go-cloud-blob-test-bucket/o/blob-for-delimiters-abcdir2abce.txt","name":"blob-for-delimiters-abcdir2abce.txt","bucket":"go-cloud-blob-test-bucket","generation":"1540585270082393","metageneration":"1","contentType":"text/plain;
      charset=utf-8","timeCreated":"2018-10-26T20:21:10.082Z","updated":"2018-10-26T20:21:10.082Z","storageClass":"REGIONAL","timeStorageClassUpdated":"2018-10-26T20:21:10.082Z","size":"5","md5Hash":"XUFAKrxLKna5cZ2REBfFkg==","mediaLink":"https://www.googleapis.com/download/storage/v1/b/go-cloud-blob-test-bucket/o/blob-for-delimiters-abcdir2abce.txt?generation=1540585270082393&alt=media","acl":[{"kind":"storage#objectAccessControl","id":"go-cloud-blob-test-bucket/blob-for-delimiters-abcdir2abce.txt/1540585270082393/project-owners-892942638129","selfLink":"https://www.googleapis.com/storage/v1/b/go-cloud-blob-test-bucket/o/blob-for-delimiters-abcdir2abce.txt/acl/project-owners-892942638129","bucket":"go-cloud-blob-test-bucket","object":"blob-for-delimiters-abcdir2abce.txt","generation":"1540585270082393","entity":"project-owners-892942638129","role":"OWNER","projectTeam":{"projectNumber":"892942638129","team":"owners"},"etag":"CNn2k673pN4CEAE="},{"kind":"storage#objectAccessControl","id":"go-cloud-blob-test-bucket/blob-for-delimiters-abcdir2abce.txt/1540585270082393/project-editors-892942638129","selfLink":"https://www.googleapis.com/storage/v1/b/go-cloud-blob-test-bucket/o/blob-for-delimiters-abcdir2abce.txt/acl/project-editors-892942638129","bucket":"go-cloud-blob-test-bucket","object":"blob-for-delimiters-abcdir2abce.txt","generation":"1540585270082393","entity":"project-editors-892942638129","role":"OWNER","projectTeam":{"projectNumber":"892942638129","team":"editors"},"etag":"CNn2k673pN4CEAE="},{"kind":"storage#objectAccessControl","id":"go-cloud-blob-test-bucket/blob-for-delimiters-abcdir2abce.txt/1540585270082393/project-viewers-892942638129","selfLink":"https://www.googleapis.com/storage/v1/b/go-cloud-blob-test-bucket/o/blob-for-delimiters-abcdir2abce.txt/acl/project-viewers-892942638129","bucket":"go-cloud-blob-test-bucket","object":"blob-for-delimiters-abcdir2abce.txt","generation":"1540585270082393","entity":"project-viewers-892942638129","role":"READER","projectTeam":{"projectNumber":"892942638129","team":"viewers"},"etag":"CNn2k673pN4CEAE="},{"kind":"storage#objectAccessControl","id":"go-cloud-blob-test-bucket/blob-for-delimiters-abcdir2abce.txt/1540585270082393/user-rvangent@google.com","selfLink":"https://www.googleapis.com/storage/v1/b/go-cloud-blob-test-bucket/o/blob-for-delimiters-abcdir2abce.txt/acl/user-rvangent@google.com","bucket":"go-cloud-blob-test-bucket","object":"blob-for-delimiters-abcdir2abce.txt","generation":"1540585270082393","entity":"user-rvangent@google.com","role":"OWNER","email":"rvangent@google.com","etag":"CNn2k673pN4CEAE="}],"owner":{"entity":"user-rvangent@google.com"},"crc32c":"mnG7TA==","etag":"CNn2k673pN4CEAE="},{"kind":"storage#object","id":"go-cloud-blob-test-bucket/blob-for-delimiters-abcf.txt/1539896907314869","selfLink":"https://www.googleapis.com/storage/v1/b/go-cloud-blob-test-bucket/o/blob-for-delimiters-abcf.txt","name":"blob-for-delimiters-abcf.txt","bucket":"go-cloud-blob-test-bucket","generation":"1539896907314869","metageneration":"1","contentType":"text/plain;
      charset=utf-8","timeCreated":"2018-10-18T21:08:27.314Z","updated":"2018-10-18T21:08:27.314Z","storageClass":"REGIONAL","timeStorageClassUpdated":"2018-10-18T21:08:27.314Z","size":"5","md5Hash":"XUFAKrxLKna5cZ2REBfFkg==","mediaLink":"https://www.googleapis.com/download/storage/v1/b/go-cloud-blob-test-bucket/o/blob-for-delimiters-abcf.txt?generation=1539896907314869&alt=media","acl":[{"kind":"storage#objectAccessControl","id":"go-cloud-blob-test-bucket/blob-for-delimiters-abcf.txt/1539896907314869/project-owners-892942638129","selfLink":"https://www.googleapis.com/storage/v1/b/go-cloud-blob-test-bucket/o/blob-for-delimiters-abcf.txt/acl/project-owners-892942638129","bucket":"go-cloud-blob-test-bucket","object":"blob-for-delimiters-abcf.txt","generation":"1539896907314869","entity":"project-owners-892942638129","role":"OWNER","projectTeam":{"projectNumber":"892942638129","team":"owners"},"etag":"CLXtmoHzkN4CEAE="},{"kind":"storage#objectAccessControl","id":"go-cloud-blob-test-bucket/blob-for-delimiters-abcf.txt/1539896907314869/project-editors-892942638129","selfLink":"https://www.googleapis.com/storage/v1/b/go-cloud-blob-test-bucket/o/blob-for-delimiters-abcf.txt/acl/project-editors-892942638129","bucket":"go-cloud-blob-test-bucket","object":"blob-for-delimiters-abcf.txt","generation":"1539896907314869","entity":"project-editors-892942638129","role":"OWNER","projectTeam":{"projectNumber":"892942638129","team":"editors"},"etag":"CLXtmoHzkN4CEAE="},{"kind":"storage#objectAccessControl","id":"go-cloud-blob-test-bucket/blob-for-delimiters-abcf.txt/1539896907314869/project-viewers-892942638129","selfLink":"https://www.googleapis.com/storage/v1/b/go-cloud-blob-test-bucket/o/blob-for-delimiters-abcf.txt/acl/project-viewers-892942638129","bucket":"go-cloud-blob-test-bucket","object":"blob-for-delimiters-abcf.txt","generation":"1539896907314869","entity":"project-viewers-892942638129","role":"READER","projectTeam":{"projectNumber":"892942638129","team":"viewers"},"etag":"CLXtmoHzkN4CEAE="},{"kind":"storage#objectAccessControl","id":"go-cloud-blob-test-bucket/blob-for-delimiters-abcf.txt/1539896907314869/user-rvangent@google.com","selfLink":"https://www.googleapis.com/storage/v1/b/go-cloud-blob-test-bucket/o/blob-for-delimiters-abcf.txt/acl/user-rvangent@google.com","bucket":"go-cloud-blob-test-bucket","object":"blob-for-delimiters-abcf.txt","generation":"1539896907314869","entity":"user-rvangent@google.com","role":"OWNER","email":"rvangent@google.com","etag":"CLXtmoHzkN4CEAE="}],"owner":{"entity":"user-rvangent@google.com"},"crc32c":"mnG7TA==","etag":"CLXtmoHzkN4CEAE="}]}'
    headers:
      Alt-Svc:
      - quic=":443"; ma=2592000; v="44,43,39,35"
      Cache-Control:
      - private, max-age=0, must-revalidate, no-transform
      Content-Length:
      - "18734"
      Content-Type:
      - application/json; charset=UTF-8
      Date:
      - Tue, 30 Oct 2018 20:17:28 GMT
      Expires:
      - Tue, 30 Oct 2018 20:17:28 GMT
      Server:
      - UploadServer
      Vary:
      - Origin
      - X-Origin
      X-Guploader-Customer:
      - apiary_cloudstorage_metadata
      X-Guploader-Request-Result:
      - success
      X-Guploader-Upload-Result:
      - success
      X-Guploader-Uploadid:
      - AEnB2UqUd5-r0ZVNxDeL_34JFBEQ1ad_eSuWdUVCWXAG-o9WrJlTVbANtP9F7Ej1_F42e3sziRjdIV4cGNjIuEn8Ng9eLqEHCg
    status: 200 OK
    code: 200
    duration: ""
- request:
    body: ""
    form: {}
    headers:
      User-Agent:
      - google-api-go-client/0.5
      X-Goog-Api-Client:
      - gl-go/1.11.0-rc2 gccl/20180226
    url: https://www.googleapis.com/storage/v1/b/go-cloud-blob-test-bucket/o?alt=json&delimiter=&maxResults=1000&pageToken=&prefix=blob-for-delimiters-abc&prettyPrint=false&projection=full&versions=false
    method: GET
  response:
    body: '{"kind":"storage#objects","items":[{"kind":"storage#object","id":"go-cloud-blob-test-bucket/blob-for-delimiters-abcdir1abca.txt/1539896906873913","selfLink":"https://www.googleapis.com/storage/v1/b/go-cloud-blob-test-bucket/o/blob-for-delimiters-abcdir1abca.txt","name":"blob-for-delimiters-abcdir1abca.txt","bucket":"go-cloud-blob-test-bucket","generation":"1539896906873913","metageneration":"1","contentType":"text/plain;
      charset=utf-8","timeCreated":"2018-10-18T21:08:26.873Z","updated":"2018-10-18T21:08:26.873Z","storageClass":"REGIONAL","timeStorageClassUpdated":"2018-10-18T21:08:26.873Z","size":"5","md5Hash":"XUFAKrxLKna5cZ2REBfFkg==","mediaLink":"https://www.googleapis.com/download/storage/v1/b/go-cloud-blob-test-bucket/o/blob-for-delimiters-abcdir1abca.txt?generation=1539896906873913&alt=media","acl":[{"kind":"storage#objectAccessControl","id":"go-cloud-blob-test-bucket/blob-for-delimiters-abcdir1abca.txt/1539896906873913/project-owners-892942638129","selfLink":"https://www.googleapis.com/storage/v1/b/go-cloud-blob-test-bucket/o/blob-for-delimiters-abcdir1abca.txt/acl/project-owners-892942638129","bucket":"go-cloud-blob-test-bucket","object":"blob-for-delimiters-abcdir1abca.txt","generation":"1539896906873913","entity":"project-owners-892942638129","role":"OWNER","projectTeam":{"projectNumber":"892942638129","team":"owners"},"etag":"CLn4/4DzkN4CEAE="},{"kind":"storage#objectAccessControl","id":"go-cloud-blob-test-bucket/blob-for-delimiters-abcdir1abca.txt/1539896906873913/project-editors-892942638129","selfLink":"https://www.googleapis.com/storage/v1/b/go-cloud-blob-test-bucket/o/blob-for-delimiters-abcdir1abca.txt/acl/project-editors-892942638129","bucket":"go-cloud-blob-test-bucket","object":"blob-for-delimiters-abcdir1abca.txt","generation":"1539896906873913","entity":"project-editors-892942638129","role":"OWNER","projectTeam":{"projectNumber":"892942638129","team":"editors"},"etag":"CLn4/4DzkN4CEAE="},{"kind":"storage#objectAccessControl","id":"go-cloud-blob-test-bucket/blob-for-delimiters-abcdir1abca.txt/1539896906873913/project-viewers-892942638129","selfLink":"https://www.googleapis.com/storage/v1/b/go-cloud-blob-test-bucket/o/blob-for-delimiters-abcdir1abca.txt/acl/project-viewers-892942638129","bucket":"go-cloud-blob-test-bucket","object":"blob-for-delimiters-abcdir1abca.txt","generation":"1539896906873913","entity":"project-viewers-892942638129","role":"READER","projectTeam":{"projectNumber":"892942638129","team":"viewers"},"etag":"CLn4/4DzkN4CEAE="},{"kind":"storage#objectAccessControl","id":"go-cloud-blob-test-bucket/blob-for-delimiters-abcdir1abca.txt/1539896906873913/user-rvangent@google.com","selfLink":"https://www.googleapis.com/storage/v1/b/go-cloud-blob-test-bucket/o/blob-for-delimiters-abcdir1abca.txt/acl/user-rvangent@google.com","bucket":"go-cloud-blob-test-bucket","object":"blob-for-delimiters-abcdir1abca.txt","generation":"1539896906873913","entity":"user-rvangent@google.com","role":"OWNER","email":"rvangent@google.com","etag":"CLn4/4DzkN4CEAE="}],"owner":{"entity":"user-rvangent@google.com"},"crc32c":"mnG7TA==","etag":"CLn4/4DzkN4CEAE="},{"kind":"storage#object","id":"go-cloud-blob-test-bucket/blob-for-delimiters-abcdir1abcb.txt/1539896906917127","selfLink":"https://www.googleapis.com/storage/v1/b/go-cloud-blob-test-bucket/o/blob-for-delimiters-abcdir1abcb.txt","name":"blob-for-delimiters-abcdir1abcb.txt","bucket":"go-cloud-blob-test-bucket","generation":"1539896906917127","metageneration":"1","contentType":"text/plain;
      charset=utf-8","timeCreated":"2018-10-18T21:08:26.916Z","updated":"2018-10-18T21:08:26.916Z","storageClass":"REGIONAL","timeStorageClassUpdated":"2018-10-18T21:08:26.916Z","size":"5","md5Hash":"XUFAKrxLKna5cZ2REBfFkg==","mediaLink":"https://www.googleapis.com/download/storage/v1/b/go-cloud-blob-test-bucket/o/blob-for-delimiters-abcdir1abcb.txt?generation=1539896906917127&alt=media","acl":[{"kind":"storage#objectAccessControl","id":"go-cloud-blob-test-bucket/blob-for-delimiters-abcdir1abcb.txt/1539896906917127/project-owners-892942638129","selfLink":"https://www.googleapis.com/storage/v1/b/go-cloud-blob-test-bucket/o/blob-for-delimiters-abcdir1abcb.txt/acl/project-owners-892942638129","bucket":"go-cloud-blob-test-bucket","object":"blob-for-delimiters-abcdir1abcb.txt","generation":"1539896906917127","entity":"project-owners-892942638129","role":"OWNER","projectTeam":{"projectNumber":"892942638129","team":"owners"},"etag":"CIfKgoHzkN4CEAE="},{"kind":"storage#objectAccessControl","id":"go-cloud-blob-test-bucket/blob-for-delimiters-abcdir1abcb.txt/1539896906917127/project-editors-892942638129","selfLink":"https://www.googleapis.com/storage/v1/b/go-cloud-blob-test-bucket/o/blob-for-delimiters-abcdir1abcb.txt/acl/project-editors-892942638129","bucket":"go-cloud-blob-test-bucket","object":"blob-for-delimiters-abcdir1abcb.txt","generation":"1539896906917127","entity":"project-editors-892942638129","role":"OWNER","projectTeam":{"projectNumber":"892942638129","team":"editors"},"etag":"CIfKgoHzkN4CEAE="},{"kind":"storage#objectAccessControl","id":"go-cloud-blob-test-bucket/blob-for-delimiters-abcdir1abcb.txt/1539896906917127/project-viewers-892942638129","selfLink":"https://www.googleapis.com/storage/v1/b/go-cloud-blob-test-bucket/o/blob-for-delimiters-abcdir1abcb.txt/acl/project-viewers-892942638129","bucket":"go-cloud-blob-test-bucket","object":"blob-for-delimiters-abcdir1abcb.txt","generation":"1539896906917127","entity":"project-viewers-892942638129","role":"READER","projectTeam":{"projectNumber":"892942638129","team":"viewers"},"etag":"CIfKgoHzkN4CEAE="},{"kind":"storage#objectAccessControl","id":"go-cloud-blob-test-bucket/blob-for-delimiters-abcdir1abcb.txt/1539896906917127/user-rvangent@google.com","selfLink":"https://www.googleapis.com/storage/v1/b/go-cloud-blob-test-bucket/o/blob-for-delimiters-abcdir1abcb.txt/acl/user-rvangent@google.com","bucket":"go-cloud-blob-test-bucket","object":"blob-for-delimiters-abcdir1abcb.txt","generation":"1539896906917127","entity":"user-rvangent@google.com","role":"OWNER","email":"rvangent@google.com","etag":"CIfKgoHzkN4CEAE="}],"owner":{"entity":"user-rvangent@google.com"},"crc32c":"mnG7TA==","etag":"CIfKgoHzkN4CEAE="},{"kind":"storage#object","id":"go-cloud-blob-test-bucket/blob-for-delimiters-abcdir1abcsubdirabcc.txt/1539896907064981","selfLink":"https://www.googleapis.com/storage/v1/b/go-cloud-blob-test-bucket/o/blob-for-delimiters-abcdir1abcsubdirabcc.txt","name":"blob-for-delimiters-abcdir1abcsubdirabcc.txt","bucket":"go-cloud-blob-test-bucket","generation":"1539896907064981","metageneration":"1","contentType":"text/plain;
      charset=utf-8","timeCreated":"2018-10-18T21:08:27.064Z","updated":"2018-10-18T21:08:27.064Z","storageClass":"REGIONAL","timeStorageClassUpdated":"2018-10-18T21:08:27.064Z","size":"5","md5Hash":"XUFAKrxLKna5cZ2REBfFkg==","mediaLink":"https://www.googleapis.com/download/storage/v1/b/go-cloud-blob-test-bucket/o/blob-for-delimiters-abcdir1abcsubdirabcc.txt?generation=1539896907064981&alt=media","acl":[{"kind":"storage#objectAccessControl","id":"go-cloud-blob-test-bucket/blob-for-delimiters-abcdir1abcsubdirabcc.txt/1539896907064981/project-owners-892942638129","selfLink":"https://www.googleapis.com/storage/v1/b/go-cloud-blob-test-bucket/o/blob-for-delimiters-abcdir1abcsubdirabcc.txt/acl/project-owners-892942638129","bucket":"go-cloud-blob-test-bucket","object":"blob-for-delimiters-abcdir1abcsubdirabcc.txt","generation":"1539896907064981","entity":"project-owners-892942638129","role":"OWNER","projectTeam":{"projectNumber":"892942638129","team":"owners"},"etag":"CJXNi4HzkN4CEAE="},{"kind":"storage#objectAccessControl","id":"go-cloud-blob-test-bucket/blob-for-delimiters-abcdir1abcsubdirabcc.txt/1539896907064981/project-editors-892942638129","selfLink":"https://www.googleapis.com/storage/v1/b/go-cloud-blob-test-bucket/o/blob-for-delimiters-abcdir1abcsubdirabcc.txt/acl/project-editors-892942638129","bucket":"go-cloud-blob-test-bucket","object":"blob-for-delimiters-abcdir1abcsubdirabcc.txt","generation":"1539896907064981","entity":"project-editors-892942638129","role":"OWNER","projectTeam":{"projectNumber":"892942638129","team":"editors"},"etag":"CJXNi4HzkN4CEAE="},{"kind":"storage#objectAccessControl","id":"go-cloud-blob-test-bucket/blob-for-delimiters-abcdir1abcsubdirabcc.txt/1539896907064981/project-viewers-892942638129","selfLink":"https://www.googleapis.com/storage/v1/b/go-cloud-blob-test-bucket/o/blob-for-delimiters-abcdir1abcsubdirabcc.txt/acl/project-viewers-892942638129","bucket":"go-cloud-blob-test-bucket","object":"blob-for-delimiters-abcdir1abcsubdirabcc.txt","generation":"1539896907064981","entity":"project-viewers-892942638129","role":"READER","projectTeam":{"projectNumber":"892942638129","team":"viewers"},"etag":"CJXNi4HzkN4CEAE="},{"kind":"storage#objectAccessControl","id":"go-cloud-blob-test-bucket/blob-for-delimiters-abcdir1abcsubdirabcc.txt/1539896907064981/user-rvangent@google.com","selfLink":"https://www.googleapis.com/storage/v1/b/go-cloud-blob-test-bucket/o/blob-for-delimiters-abcdir1abcsubdirabcc.txt/acl/user-rvangent@google.com","bucket":"go-cloud-blob-test-bucket","object":"blob-for-delimiters-abcdir1abcsubdirabcc.txt","generation":"1539896907064981","entity":"user-rvangent@google.com","role":"OWNER","email":"rvangent@google.com","etag":"CJXNi4HzkN4CEAE="}],"owner":{"entity":"user-rvangent@google.com"},"crc32c":"mnG7TA==","etag":"CJXNi4HzkN4CEAE="},{"kind":"storage#object","id":"go-cloud-blob-test-bucket/blob-for-delimiters-abcdir1abcsubdirabcd.txt/1539896907113872","selfLink":"https://www.googleapis.com/storage/v1/b/go-cloud-blob-test-bucket/o/blob-for-delimiters-abcdir1abcsubdirabcd.txt","name":"blob-for-delimiters-abcdir1abcsubdirabcd.txt","bucket":"go-cloud-blob-test-bucket","generation":"1539896907113872","metageneration":"1","contentType":"text/plain;
      charset=utf-8","timeCreated":"2018-10-18T21:08:27.113Z","updated":"2018-10-18T21:08:27.113Z","storageClass":"REGIONAL","timeStorageClassUpdated":"2018-10-18T21:08:27.113Z","size":"5","md5Hash":"XUFAKrxLKna5cZ2REBfFkg==","mediaLink":"https://www.googleapis.com/download/storage/v1/b/go-cloud-blob-test-bucket/o/blob-for-delimiters-abcdir1abcsubdirabcd.txt?generation=1539896907113872&alt=media","acl":[{"kind":"storage#objectAccessControl","id":"go-cloud-blob-test-bucket/blob-for-delimiters-abcdir1abcsubdirabcd.txt/1539896907113872/project-owners-892942638129","selfLink":"https://www.googleapis.com/storage/v1/b/go-cloud-blob-test-bucket/o/blob-for-delimiters-abcdir1abcsubdirabcd.txt/acl/project-owners-892942638129","bucket":"go-cloud-blob-test-bucket","object":"blob-for-delimiters-abcdir1abcsubdirabcd.txt","generation":"1539896907113872","entity":"project-owners-892942638129","role":"OWNER","projectTeam":{"projectNumber":"892942638129","team":"owners"},"etag":"CJDLjoHzkN4CEAE="},{"kind":"storage#objectAccessControl","id":"go-cloud-blob-test-bucket/blob-for-delimiters-abcdir1abcsubdirabcd.txt/1539896907113872/project-editors-892942638129","selfLink":"https://www.googleapis.com/storage/v1/b/go-cloud-blob-test-bucket/o/blob-for-delimiters-abcdir1abcsubdirabcd.txt/acl/project-editors-892942638129","bucket":"go-cloud-blob-test-bucket","object":"blob-for-delimiters-abcdir1abcsubdirabcd.txt","generation":"1539896907113872","entity":"project-editors-892942638129","role":"OWNER","projectTeam":{"projectNumber":"892942638129","team":"editors"},"etag":"CJDLjoHzkN4CEAE="},{"kind":"storage#objectAccessControl","id":"go-cloud-blob-test-bucket/blob-for-delimiters-abcdir1abcsubdirabcd.txt/1539896907113872/project-viewers-892942638129","selfLink":"https://www.googleapis.com/storage/v1/b/go-cloud-blob-test-bucket/o/blob-for-delimiters-abcdir1abcsubdirabcd.txt/acl/project-viewers-892942638129","bucket":"go-cloud-blob-test-bucket","object":"blob-for-delimiters-abcdir1abcsubdirabcd.txt","generation":"1539896907113872","entity":"project-viewers-892942638129","role":"READER","projectTeam":{"projectNumber":"892942638129","team":"viewers"},"etag":"CJDLjoHzkN4CEAE="},{"kind":"storage#objectAccessControl","id":"go-cloud-blob-test-bucket/blob-for-delimiters-abcdir1abcsubdirabcd.txt/1539896907113872/user-rvangent@google.com","selfLink":"https://www.googleapis.com/storage/v1/b/go-cloud-blob-test-bucket/o/blob-for-delimiters-abcdir1abcsubdirabcd.txt/acl/user-rvangent@google.com","bucket":"go-cloud-blob-test-bucket","object":"blob-for-delimiters-abcdir1abcsubdirabcd.txt","generation":"1539896907113872","entity":"user-rvangent@google.com","role":"OWNER","email":"rvangent@google.com","etag":"CJDLjoHzkN4CEAE="}],"owner":{"entity":"user-rvangent@google.com"},"crc32c":"mnG7TA==","etag":"CJDLjoHzkN4CEAE="},{"kind":"storage#object","id":"go-cloud-blob-test-bucket/blob-for-delimiters-abcdir2abce.txt/1540585270082393","selfLink":"https://www.googleapis.com/storage/v1/b/go-cloud-blob-test-bucket/o/blob-for-delimiters-abcdir2abce.txt","name":"blob-for-delimiters-abcdir2abce.txt","bucket":"go-cloud-blob-test-bucket","generation":"1540585270082393","metageneration":"1","contentType":"text/plain;
      charset=utf-8","timeCreated":"2018-10-26T20:21:10.082Z","updated":"2018-10-26T20:21:10.082Z","storageClass":"REGIONAL","timeStorageClassUpdated":"2018-10-26T20:21:10.082Z","size":"5","md5Hash":"XUFAKrxLKna5cZ2REBfFkg==","mediaLink":"https://www.googleapis.com/download/storage/v1/b/go-cloud-blob-test-bucket/o/blob-for-delimiters-abcdir2abce.txt?generation=1540585270082393&alt=media","acl":[{"kind":"storage#objectAccessControl","id":"go-cloud-blob-test-bucket/blob-for-delimiters-abcdir2abce.txt/1540585270082393/project-owners-892942638129","selfLink":"https://www.googleapis.com/storage/v1/b/go-cloud-blob-test-bucket/o/blob-for-delimiters-abcdir2abce.txt/acl/project-owners-892942638129","bucket":"go-cloud-blob-test-bucket","object":"blob-for-delimiters-abcdir2abce.txt","generation":"1540585270082393","entity":"project-owners-892942638129","role":"OWNER","projectTeam":{"projectNumber":"892942638129","team":"owners"},"etag":"CNn2k673pN4CEAE="},{"kind":"storage#objectAccessControl","id":"go-cloud-blob-test-bucket/blob-for-delimiters-abcdir2abce.txt/1540585270082393/project-editors-892942638129","selfLink":"https://www.googleapis.com/storage/v1/b/go-cloud-blob-test-bucket/o/blob-for-delimiters-abcdir2abce.txt/acl/project-editors-892942638129","bucket":"go-cloud-blob-test-bucket","object":"blob-for-delimiters-abcdir2abce.txt","generation":"1540585270082393","entity":"project-editors-892942638129","role":"OWNER","projectTeam":{"projectNumber":"892942638129","team":"editors"},"etag":"CNn2k673pN4CEAE="},{"kind":"storage#objectAccessControl","id":"go-cloud-blob-test-bucket/blob-for-delimiters-abcdir2abce.txt/1540585270082393/project-viewers-892942638129","selfLink":"https://www.googleapis.com/storage/v1/b/go-cloud-blob-test-bucket/o/blob-for-delimiters-abcdir2abce.txt/acl/project-viewers-892942638129","bucket":"go-cloud-blob-test-bucket","object":"blob-for-delimiters-abcdir2abce.txt","generation":"1540585270082393","entity":"project-viewers-892942638129","role":"READER","projectTeam":{"projectNumber":"892942638129","team":"viewers"},"etag":"CNn2k673pN4CEAE="},{"kind":"storage#objectAccessControl","id":"go-cloud-blob-test-bucket/blob-for-delimiters-abcdir2abce.txt/1540585270082393/user-rvangent@google.com","selfLink":"https://www.googleapis.com/storage/v1/b/go-cloud-blob-test-bucket/o/blob-for-delimiters-abcdir2abce.txt/acl/user-rvangent@google.com","bucket":"go-cloud-blob-test-bucket","object":"blob-for-delimiters-abcdir2abce.txt","generation":"1540585270082393","entity":"user-rvangent@google.com","role":"OWNER","email":"rvangent@google.com","etag":"CNn2k673pN4CEAE="}],"owner":{"entity":"user-rvangent@google.com"},"crc32c":"mnG7TA==","etag":"CNn2k673pN4CEAE="},{"kind":"storage#object","id":"go-cloud-blob-test-bucket/blob-for-delimiters-abcf.txt/1539896907314869","selfLink":"https://www.googleapis.com/storage/v1/b/go-cloud-blob-test-bucket/o/blob-for-delimiters-abcf.txt","name":"blob-for-delimiters-abcf.txt","bucket":"go-cloud-blob-test-bucket","generation":"1539896907314869","metageneration":"1","contentType":"text/plain;
      charset=utf-8","timeCreated":"2018-10-18T21:08:27.314Z","updated":"2018-10-18T21:08:27.314Z","storageClass":"REGIONAL","timeStorageClassUpdated":"2018-10-18T21:08:27.314Z","size":"5","md5Hash":"XUFAKrxLKna5cZ2REBfFkg==","mediaLink":"https://www.googleapis.com/download/storage/v1/b/go-cloud-blob-test-bucket/o/blob-for-delimiters-abcf.txt?generation=1539896907314869&alt=media","acl":[{"kind":"storage#objectAccessControl","id":"go-cloud-blob-test-bucket/blob-for-delimiters-abcf.txt/1539896907314869/project-owners-892942638129","selfLink":"https://www.googleapis.com/storage/v1/b/go-cloud-blob-test-bucket/o/blob-for-delimiters-abcf.txt/acl/project-owners-892942638129","bucket":"go-cloud-blob-test-bucket","object":"blob-for-delimiters-abcf.txt","generation":"1539896907314869","entity":"project-owners-892942638129","role":"OWNER","projectTeam":{"projectNumber":"892942638129","team":"owners"},"etag":"CLXtmoHzkN4CEAE="},{"kind":"storage#objectAccessControl","id":"go-cloud-blob-test-bucket/blob-for-delimiters-abcf.txt/1539896907314869/project-editors-892942638129","selfLink":"https://www.googleapis.com/storage/v1/b/go-cloud-blob-test-bucket/o/blob-for-delimiters-abcf.txt/acl/project-editors-892942638129","bucket":"go-cloud-blob-test-bucket","object":"blob-for-delimiters-abcf.txt","generation":"1539896907314869","entity":"project-editors-892942638129","role":"OWNER","projectTeam":{"projectNumber":"892942638129","team":"editors"},"etag":"CLXtmoHzkN4CEAE="},{"kind":"storage#objectAccessControl","id":"go-cloud-blob-test-bucket/blob-for-delimiters-abcf.txt/1539896907314869/project-viewers-892942638129","selfLink":"https://www.googleapis.com/storage/v1/b/go-cloud-blob-test-bucket/o/blob-for-delimiters-abcf.txt/acl/project-viewers-892942638129","bucket":"go-cloud-blob-test-bucket","object":"blob-for-delimiters-abcf.txt","generation":"1539896907314869","entity":"project-viewers-892942638129","role":"READER","projectTeam":{"projectNumber":"892942638129","team":"viewers"},"etag":"CLXtmoHzkN4CEAE="},{"kind":"storage#objectAccessControl","id":"go-cloud-blob-test-bucket/blob-for-delimiters-abcf.txt/1539896907314869/user-rvangent@google.com","selfLink":"https://www.googleapis.com/storage/v1/b/go-cloud-blob-test-bucket/o/blob-for-delimiters-abcf.txt/acl/user-rvangent@google.com","bucket":"go-cloud-blob-test-bucket","object":"blob-for-delimiters-abcf.txt","generation":"1539896907314869","entity":"user-rvangent@google.com","role":"OWNER","email":"rvangent@google.com","etag":"CLXtmoHzkN4CEAE="}],"owner":{"entity":"user-rvangent@google.com"},"crc32c":"mnG7TA==","etag":"CLXtmoHzkN4CEAE="}]}'
    headers:
      Alt-Svc:
      - quic=":443"; ma=2592000; v="44,43,39,35"
      Cache-Control:
      - private, max-age=0, must-revalidate, no-transform
      Content-Length:
      - "18734"
      Content-Type:
      - application/json; charset=UTF-8
      Date:
      - Tue, 30 Oct 2018 20:17:28 GMT
      Expires:
      - Tue, 30 Oct 2018 20:17:28 GMT
      Server:
      - UploadServer
      Vary:
      - Origin
      - X-Origin
      X-Guploader-Customer:
      - apiary_cloudstorage_metadata
      X-Guploader-Request-Result:
      - success
      X-Guploader-Upload-Result:
      - success
      X-Guploader-Uploadid:
      - AEnB2UrZW2bvzAmBsrgDPZEt5H5McVoq2yU179KeiHHkdrhZqcOnOvl5CZqoo6Ed_2HhxcLO2h6cTWg39AedLgwvUpzwYihAQQ
    status: 200 OK
    code: 200
    duration: ""
- request:
    body: ""
    form: {}
    headers:
      User-Agent:
      - google-api-go-client/0.5
      X-Goog-Api-Client:
      - gl-go/1.11.0-rc2 gccl/20180226
    url: https://www.googleapis.com/storage/v1/b/go-cloud-blob-test-bucket/o?alt=json&delimiter=abc&maxResults=1000&pageToken=&prefix=blob-for-delimiters-abc&prettyPrint=false&projection=full&versions=false
    method: GET
  response:
    body: '{"kind":"storage#objects","prefixes":["blob-for-delimiters-abcdir1abc","blob-for-delimiters-abcdir2abc"],"items":[{"kind":"storage#object","id":"go-cloud-blob-test-bucket/blob-for-delimiters-abcf.txt/1539896907314869","selfLink":"https://www.googleapis.com/storage/v1/b/go-cloud-blob-test-bucket/o/blob-for-delimiters-abcf.txt","name":"blob-for-delimiters-abcf.txt","bucket":"go-cloud-blob-test-bucket","generation":"1539896907314869","metageneration":"1","contentType":"text/plain;
      charset=utf-8","timeCreated":"2018-10-18T21:08:27.314Z","updated":"2018-10-18T21:08:27.314Z","storageClass":"REGIONAL","timeStorageClassUpdated":"2018-10-18T21:08:27.314Z","size":"5","md5Hash":"XUFAKrxLKna5cZ2REBfFkg==","mediaLink":"https://www.googleapis.com/download/storage/v1/b/go-cloud-blob-test-bucket/o/blob-for-delimiters-abcf.txt?generation=1539896907314869&alt=media","acl":[{"kind":"storage#objectAccessControl","id":"go-cloud-blob-test-bucket/blob-for-delimiters-abcf.txt/1539896907314869/project-owners-892942638129","selfLink":"https://www.googleapis.com/storage/v1/b/go-cloud-blob-test-bucket/o/blob-for-delimiters-abcf.txt/acl/project-owners-892942638129","bucket":"go-cloud-blob-test-bucket","object":"blob-for-delimiters-abcf.txt","generation":"1539896907314869","entity":"project-owners-892942638129","role":"OWNER","projectTeam":{"projectNumber":"892942638129","team":"owners"},"etag":"CLXtmoHzkN4CEAE="},{"kind":"storage#objectAccessControl","id":"go-cloud-blob-test-bucket/blob-for-delimiters-abcf.txt/1539896907314869/project-editors-892942638129","selfLink":"https://www.googleapis.com/storage/v1/b/go-cloud-blob-test-bucket/o/blob-for-delimiters-abcf.txt/acl/project-editors-892942638129","bucket":"go-cloud-blob-test-bucket","object":"blob-for-delimiters-abcf.txt","generation":"1539896907314869","entity":"project-editors-892942638129","role":"OWNER","projectTeam":{"projectNumber":"892942638129","team":"editors"},"etag":"CLXtmoHzkN4CEAE="},{"kind":"storage#objectAccessControl","id":"go-cloud-blob-test-bucket/blob-for-delimiters-abcf.txt/1539896907314869/project-viewers-892942638129","selfLink":"https://www.googleapis.com/storage/v1/b/go-cloud-blob-test-bucket/o/blob-for-delimiters-abcf.txt/acl/project-viewers-892942638129","bucket":"go-cloud-blob-test-bucket","object":"blob-for-delimiters-abcf.txt","generation":"1539896907314869","entity":"project-viewers-892942638129","role":"READER","projectTeam":{"projectNumber":"892942638129","team":"viewers"},"etag":"CLXtmoHzkN4CEAE="},{"kind":"storage#objectAccessControl","id":"go-cloud-blob-test-bucket/blob-for-delimiters-abcf.txt/1539896907314869/user-rvangent@google.com","selfLink":"https://www.googleapis.com/storage/v1/b/go-cloud-blob-test-bucket/o/blob-for-delimiters-abcf.txt/acl/user-rvangent@google.com","bucket":"go-cloud-blob-test-bucket","object":"blob-for-delimiters-abcf.txt","generation":"1539896907314869","entity":"user-rvangent@google.com","role":"OWNER","email":"rvangent@google.com","etag":"CLXtmoHzkN4CEAE="}],"owner":{"entity":"user-rvangent@google.com"},"crc32c":"mnG7TA==","etag":"CLXtmoHzkN4CEAE="}]}'
    headers:
      Alt-Svc:
      - quic=":443"; ma=2592000; v="44,43,39,35"
      Cache-Control:
      - private, max-age=0, must-revalidate, no-transform
      Content-Length:
      - "3090"
      Content-Type:
      - application/json; charset=UTF-8
      Date:
      - Tue, 30 Oct 2018 20:17:28 GMT
      Expires:
      - Tue, 30 Oct 2018 20:17:28 GMT
      Server:
      - UploadServer
      Vary:
      - Origin
      - X-Origin
      X-Guploader-Customer:
      - apiary_cloudstorage_metadata
      X-Guploader-Request-Result:
      - success
      X-Guploader-Upload-Result:
      - success
      X-Guploader-Uploadid:
      - AEnB2UqlURR7IhOV9XNZXzVpEtis5_SIhIrhy2vVpJXtpxkhqchuEInuRWGMhUFNni__wUS1yVqQccp877J2cKn920vCf-UJPw
    status: 200 OK
    code: 200
    duration: ""
- request:
    body: ""
    form: {}
    headers:
      User-Agent:
      - google-api-go-client/0.5
      X-Goog-Api-Client:
      - gl-go/1.11.0-rc2 gccl/20180226
    url: https://www.googleapis.com/storage/v1/b/go-cloud-blob-test-bucket/o?alt=json&delimiter=abc&maxResults=1000&pageToken=&prefix=blob-for-delimiters-abcdir1abc&prettyPrint=false&projection=full&versions=false
    method: GET
  response:
    body: '{"kind":"storage#objects","prefixes":["blob-for-delimiters-abcdir1abcsubdirabc"],"items":[{"kind":"storage#object","id":"go-cloud-blob-test-bucket/blob-for-delimiters-abcdir1abca.txt/1539896906873913","selfLink":"https://www.googleapis.com/storage/v1/b/go-cloud-blob-test-bucket/o/blob-for-delimiters-abcdir1abca.txt","name":"blob-for-delimiters-abcdir1abca.txt","bucket":"go-cloud-blob-test-bucket","generation":"1539896906873913","metageneration":"1","contentType":"text/plain;
      charset=utf-8","timeCreated":"2018-10-18T21:08:26.873Z","updated":"2018-10-18T21:08:26.873Z","storageClass":"REGIONAL","timeStorageClassUpdated":"2018-10-18T21:08:26.873Z","size":"5","md5Hash":"XUFAKrxLKna5cZ2REBfFkg==","mediaLink":"https://www.googleapis.com/download/storage/v1/b/go-cloud-blob-test-bucket/o/blob-for-delimiters-abcdir1abca.txt?generation=1539896906873913&alt=media","acl":[{"kind":"storage#objectAccessControl","id":"go-cloud-blob-test-bucket/blob-for-delimiters-abcdir1abca.txt/1539896906873913/project-owners-892942638129","selfLink":"https://www.googleapis.com/storage/v1/b/go-cloud-blob-test-bucket/o/blob-for-delimiters-abcdir1abca.txt/acl/project-owners-892942638129","bucket":"go-cloud-blob-test-bucket","object":"blob-for-delimiters-abcdir1abca.txt","generation":"1539896906873913","entity":"project-owners-892942638129","role":"OWNER","projectTeam":{"projectNumber":"892942638129","team":"owners"},"etag":"CLn4/4DzkN4CEAE="},{"kind":"storage#objectAccessControl","id":"go-cloud-blob-test-bucket/blob-for-delimiters-abcdir1abca.txt/1539896906873913/project-editors-892942638129","selfLink":"https://www.googleapis.com/storage/v1/b/go-cloud-blob-test-bucket/o/blob-for-delimiters-abcdir1abca.txt/acl/project-editors-892942638129","bucket":"go-cloud-blob-test-bucket","object":"blob-for-delimiters-abcdir1abca.txt","generation":"1539896906873913","entity":"project-editors-892942638129","role":"OWNER","projectTeam":{"projectNumber":"892942638129","team":"editors"},"etag":"CLn4/4DzkN4CEAE="},{"kind":"storage#objectAccessControl","id":"go-cloud-blob-test-bucket/blob-for-delimiters-abcdir1abca.txt/1539896906873913/project-viewers-892942638129","selfLink":"https://www.googleapis.com/storage/v1/b/go-cloud-blob-test-bucket/o/blob-for-delimiters-abcdir1abca.txt/acl/project-viewers-892942638129","bucket":"go-cloud-blob-test-bucket","object":"blob-for-delimiters-abcdir1abca.txt","generation":"1539896906873913","entity":"project-viewers-892942638129","role":"READER","projectTeam":{"projectNumber":"892942638129","team":"viewers"},"etag":"CLn4/4DzkN4CEAE="},{"kind":"storage#objectAccessControl","id":"go-cloud-blob-test-bucket/blob-for-delimiters-abcdir1abca.txt/1539896906873913/user-rvangent@google.com","selfLink":"https://www.googleapis.com/storage/v1/b/go-cloud-blob-test-bucket/o/blob-for-delimiters-abcdir1abca.txt/acl/user-rvangent@google.com","bucket":"go-cloud-blob-test-bucket","object":"blob-for-delimiters-abcdir1abca.txt","generation":"1539896906873913","entity":"user-rvangent@google.com","role":"OWNER","email":"rvangent@google.com","etag":"CLn4/4DzkN4CEAE="}],"owner":{"entity":"user-rvangent@google.com"},"crc32c":"mnG7TA==","etag":"CLn4/4DzkN4CEAE="},{"kind":"storage#object","id":"go-cloud-blob-test-bucket/blob-for-delimiters-abcdir1abcb.txt/1539896906917127","selfLink":"https://www.googleapis.com/storage/v1/b/go-cloud-blob-test-bucket/o/blob-for-delimiters-abcdir1abcb.txt","name":"blob-for-delimiters-abcdir1abcb.txt","bucket":"go-cloud-blob-test-bucket","generation":"1539896906917127","metageneration":"1","contentType":"text/plain;
      charset=utf-8","timeCreated":"2018-10-18T21:08:26.916Z","updated":"2018-10-18T21:08:26.916Z","storageClass":"REGIONAL","timeStorageClassUpdated":"2018-10-18T21:08:26.916Z","size":"5","md5Hash":"XUFAKrxLKna5cZ2REBfFkg==","mediaLink":"https://www.googleapis.com/download/storage/v1/b/go-cloud-blob-test-bucket/o/blob-for-delimiters-abcdir1abcb.txt?generation=1539896906917127&alt=media","acl":[{"kind":"storage#objectAccessControl","id":"go-cloud-blob-test-bucket/blob-for-delimiters-abcdir1abcb.txt/1539896906917127/project-owners-892942638129","selfLink":"https://www.googleapis.com/storage/v1/b/go-cloud-blob-test-bucket/o/blob-for-delimiters-abcdir1abcb.txt/acl/project-owners-892942638129","bucket":"go-cloud-blob-test-bucket","object":"blob-for-delimiters-abcdir1abcb.txt","generation":"1539896906917127","entity":"project-owners-892942638129","role":"OWNER","projectTeam":{"projectNumber":"892942638129","team":"owners"},"etag":"CIfKgoHzkN4CEAE="},{"kind":"storage#objectAccessControl","id":"go-cloud-blob-test-bucket/blob-for-delimiters-abcdir1abcb.txt/1539896906917127/project-editors-892942638129","selfLink":"https://www.googleapis.com/storage/v1/b/go-cloud-blob-test-bucket/o/blob-for-delimiters-abcdir1abcb.txt/acl/project-editors-892942638129","bucket":"go-cloud-blob-test-bucket","object":"blob-for-delimiters-abcdir1abcb.txt","generation":"1539896906917127","entity":"project-editors-892942638129","role":"OWNER","projectTeam":{"projectNumber":"892942638129","team":"editors"},"etag":"CIfKgoHzkN4CEAE="},{"kind":"storage#objectAccessControl","id":"go-cloud-blob-test-bucket/blob-for-delimiters-abcdir1abcb.txt/1539896906917127/project-viewers-892942638129","selfLink":"https://www.googleapis.com/storage/v1/b/go-cloud-blob-test-bucket/o/blob-for-delimiters-abcdir1abcb.txt/acl/project-viewers-892942638129","bucket":"go-cloud-blob-test-bucket","object":"blob-for-delimiters-abcdir1abcb.txt","generation":"1539896906917127","entity":"project-viewers-892942638129","role":"READER","projectTeam":{"projectNumber":"892942638129","team":"viewers"},"etag":"CIfKgoHzkN4CEAE="},{"kind":"storage#objectAccessControl","id":"go-cloud-blob-test-bucket/blob-for-delimiters-abcdir1abcb.txt/1539896906917127/user-rvangent@google.com","selfLink":"https://www.googleapis.com/storage/v1/b/go-cloud-blob-test-bucket/o/blob-for-delimiters-abcdir1abcb.txt/acl/user-rvangent@google.com","bucket":"go-cloud-blob-test-bucket","object":"blob-for-delimiters-abcdir1abcb.txt","generation":"1539896906917127","entity":"user-rvangent@google.com","role":"OWNER","email":"rvangent@google.com","etag":"CIfKgoHzkN4CEAE="}],"owner":{"entity":"user-rvangent@google.com"},"crc32c":"mnG7TA==","etag":"CIfKgoHzkN4CEAE="}]}'
    headers:
      Alt-Svc:
      - quic=":443"; ma=2592000; v="44,43,39,35"
      Cache-Control:
      - private, max-age=0, must-revalidate, no-transform
      Content-Length:
      - "6265"
      Content-Type:
      - application/json; charset=UTF-8
      Date:
      - Tue, 30 Oct 2018 20:17:28 GMT
      Expires:
      - Tue, 30 Oct 2018 20:17:28 GMT
      Server:
      - UploadServer
      Vary:
      - Origin
      - X-Origin
      X-Guploader-Customer:
      - apiary_cloudstorage_metadata
      X-Guploader-Request-Result:
      - success
      X-Guploader-Upload-Result:
      - success
      X-Guploader-Uploadid:
      - AEnB2UoaZhl5E_1Nvdy1PfnxPMVbdjAF4LWpCk4DgUfmik9iUXNiXofyQqhp6BVPQCZ-xfD1ufX1WO0IZnY2kDeZcI5N_6XPnQ
    status: 200 OK
    code: 200
    duration: ""
- request:
    body: ""
    form: {}
    headers:
      User-Agent:
      - google-api-go-client/0.5
      X-Goog-Api-Client:
      - gl-go/1.11.0-rc2 gccl/20180226
    url: https://www.googleapis.com/storage/v1/b/go-cloud-blob-test-bucket/o?alt=json&delimiter=abc&maxResults=1000&pageToken=&prefix=blob-for-delimiters-abcdir1abcsubdirabc&prettyPrint=false&projection=full&versions=false
    method: GET
  response:
    body: '{"kind":"storage#objects","items":[{"kind":"storage#object","id":"go-cloud-blob-test-bucket/blob-for-delimiters-abcdir1abcsubdirabcc.txt/1539896907064981","selfLink":"https://www.googleapis.com/storage/v1/b/go-cloud-blob-test-bucket/o/blob-for-delimiters-abcdir1abcsubdirabcc.txt","name":"blob-for-delimiters-abcdir1abcsubdirabcc.txt","bucket":"go-cloud-blob-test-bucket","generation":"1539896907064981","metageneration":"1","contentType":"text/plain;
      charset=utf-8","timeCreated":"2018-10-18T21:08:27.064Z","updated":"2018-10-18T21:08:27.064Z","storageClass":"REGIONAL","timeStorageClassUpdated":"2018-10-18T21:08:27.064Z","size":"5","md5Hash":"XUFAKrxLKna5cZ2REBfFkg==","mediaLink":"https://www.googleapis.com/download/storage/v1/b/go-cloud-blob-test-bucket/o/blob-for-delimiters-abcdir1abcsubdirabcc.txt?generation=1539896907064981&alt=media","acl":[{"kind":"storage#objectAccessControl","id":"go-cloud-blob-test-bucket/blob-for-delimiters-abcdir1abcsubdirabcc.txt/1539896907064981/project-owners-892942638129","selfLink":"https://www.googleapis.com/storage/v1/b/go-cloud-blob-test-bucket/o/blob-for-delimiters-abcdir1abcsubdirabcc.txt/acl/project-owners-892942638129","bucket":"go-cloud-blob-test-bucket","object":"blob-for-delimiters-abcdir1abcsubdirabcc.txt","generation":"1539896907064981","entity":"project-owners-892942638129","role":"OWNER","projectTeam":{"projectNumber":"892942638129","team":"owners"},"etag":"CJXNi4HzkN4CEAE="},{"kind":"storage#objectAccessControl","id":"go-cloud-blob-test-bucket/blob-for-delimiters-abcdir1abcsubdirabcc.txt/1539896907064981/project-editors-892942638129","selfLink":"https://www.googleapis.com/storage/v1/b/go-cloud-blob-test-bucket/o/blob-for-delimiters-abcdir1abcsubdirabcc.txt/acl/project-editors-892942638129","bucket":"go-cloud-blob-test-bucket","object":"blob-for-delimiters-abcdir1abcsubdirabcc.txt","generation":"1539896907064981","entity":"project-editors-892942638129","role":"OWNER","projectTeam":{"projectNumber":"892942638129","team":"editors"},"etag":"CJXNi4HzkN4CEAE="},{"kind":"storage#objectAccessControl","id":"go-cloud-blob-test-bucket/blob-for-delimiters-abcdir1abcsubdirabcc.txt/1539896907064981/project-viewers-892942638129","selfLink":"https://www.googleapis.com/storage/v1/b/go-cloud-blob-test-bucket/o/blob-for-delimiters-abcdir1abcsubdirabcc.txt/acl/project-viewers-892942638129","bucket":"go-cloud-blob-test-bucket","object":"blob-for-delimiters-abcdir1abcsubdirabcc.txt","generation":"1539896907064981","entity":"project-viewers-892942638129","role":"READER","projectTeam":{"projectNumber":"892942638129","team":"viewers"},"etag":"CJXNi4HzkN4CEAE="},{"kind":"storage#objectAccessControl","id":"go-cloud-blob-test-bucket/blob-for-delimiters-abcdir1abcsubdirabcc.txt/1539896907064981/user-rvangent@google.com","selfLink":"https://www.googleapis.com/storage/v1/b/go-cloud-blob-test-bucket/o/blob-for-delimiters-abcdir1abcsubdirabcc.txt/acl/user-rvangent@google.com","bucket":"go-cloud-blob-test-bucket","object":"blob-for-delimiters-abcdir1abcsubdirabcc.txt","generation":"1539896907064981","entity":"user-rvangent@google.com","role":"OWNER","email":"rvangent@google.com","etag":"CJXNi4HzkN4CEAE="}],"owner":{"entity":"user-rvangent@google.com"},"crc32c":"mnG7TA==","etag":"CJXNi4HzkN4CEAE="},{"kind":"storage#object","id":"go-cloud-blob-test-bucket/blob-for-delimiters-abcdir1abcsubdirabcd.txt/1539896907113872","selfLink":"https://www.googleapis.com/storage/v1/b/go-cloud-blob-test-bucket/o/blob-for-delimiters-abcdir1abcsubdirabcd.txt","name":"blob-for-delimiters-abcdir1abcsubdirabcd.txt","bucket":"go-cloud-blob-test-bucket","generation":"1539896907113872","metageneration":"1","contentType":"text/plain;
      charset=utf-8","timeCreated":"2018-10-18T21:08:27.113Z","updated":"2018-10-18T21:08:27.113Z","storageClass":"REGIONAL","timeStorageClassUpdated":"2018-10-18T21:08:27.113Z","size":"5","md5Hash":"XUFAKrxLKna5cZ2REBfFkg==","mediaLink":"https://www.googleapis.com/download/storage/v1/b/go-cloud-blob-test-bucket/o/blob-for-delimiters-abcdir1abcsubdirabcd.txt?generation=1539896907113872&alt=media","acl":[{"kind":"storage#objectAccessControl","id":"go-cloud-blob-test-bucket/blob-for-delimiters-abcdir1abcsubdirabcd.txt/1539896907113872/project-owners-892942638129","selfLink":"https://www.googleapis.com/storage/v1/b/go-cloud-blob-test-bucket/o/blob-for-delimiters-abcdir1abcsubdirabcd.txt/acl/project-owners-892942638129","bucket":"go-cloud-blob-test-bucket","object":"blob-for-delimiters-abcdir1abcsubdirabcd.txt","generation":"1539896907113872","entity":"project-owners-892942638129","role":"OWNER","projectTeam":{"projectNumber":"892942638129","team":"owners"},"etag":"CJDLjoHzkN4CEAE="},{"kind":"storage#objectAccessControl","id":"go-cloud-blob-test-bucket/blob-for-delimiters-abcdir1abcsubdirabcd.txt/1539896907113872/project-editors-892942638129","selfLink":"https://www.googleapis.com/storage/v1/b/go-cloud-blob-test-bucket/o/blob-for-delimiters-abcdir1abcsubdirabcd.txt/acl/project-editors-892942638129","bucket":"go-cloud-blob-test-bucket","object":"blob-for-delimiters-abcdir1abcsubdirabcd.txt","generation":"1539896907113872","entity":"project-editors-892942638129","role":"OWNER","projectTeam":{"projectNumber":"892942638129","team":"editors"},"etag":"CJDLjoHzkN4CEAE="},{"kind":"storage#objectAccessControl","id":"go-cloud-blob-test-bucket/blob-for-delimiters-abcdir1abcsubdirabcd.txt/1539896907113872/project-viewers-892942638129","selfLink":"https://www.googleapis.com/storage/v1/b/go-cloud-blob-test-bucket/o/blob-for-delimiters-abcdir1abcsubdirabcd.txt/acl/project-viewers-892942638129","bucket":"go-cloud-blob-test-bucket","object":"blob-for-delimiters-abcdir1abcsubdirabcd.txt","generation":"1539896907113872","entity":"project-viewers-892942638129","role":"READER","projectTeam":{"projectNumber":"892942638129","team":"viewers"},"etag":"CJDLjoHzkN4CEAE="},{"kind":"storage#objectAccessControl","id":"go-cloud-blob-test-bucket/blob-for-delimiters-abcdir1abcsubdirabcd.txt/1539896907113872/user-rvangent@google.com","selfLink":"https://www.googleapis.com/storage/v1/b/go-cloud-blob-test-bucket/o/blob-for-delimiters-abcdir1abcsubdirabcd.txt/acl/user-rvangent@google.com","bucket":"go-cloud-blob-test-bucket","object":"blob-for-delimiters-abcdir1abcsubdirabcd.txt","generation":"1539896907113872","entity":"user-rvangent@google.com","role":"OWNER","email":"rvangent@google.com","etag":"CJDLjoHzkN4CEAE="}],"owner":{"entity":"user-rvangent@google.com"},"crc32c":"mnG7TA==","etag":"CJDLjoHzkN4CEAE="}]}'
    headers:
      Alt-Svc:
      - quic=":443"; ma=2592000; v="44,43,39,35"
      Cache-Control:
      - private, max-age=0, must-revalidate, no-transform
      Content-Length:
      - "6498"
      Content-Type:
      - application/json; charset=UTF-8
      Date:
      - Tue, 30 Oct 2018 20:17:29 GMT
      Expires:
      - Tue, 30 Oct 2018 20:17:29 GMT
      Server:
      - UploadServer
      Vary:
      - Origin
      - X-Origin
      X-Guploader-Customer:
      - apiary_cloudstorage_metadata
      X-Guploader-Request-Result:
      - success
      X-Guploader-Upload-Result:
      - success
      X-Guploader-Uploadid:
      - AEnB2UoE78uYAQs7hhXjZsCDi0szkEGjZRaBTNpkpU-mMi1D_STkim4RmSMb4-OKJNIydiKWVzYqd9k4ovbQ_7MknUdz_ILHGA
    status: 200 OK
    code: 200
    duration: ""
- request:
    body: ""
    form: {}
    headers:
      User-Agent:
      - google-api-go-client/0.5
      X-Goog-Api-Client:
      - gl-go/1.11.0-rc2 gccl/20180226
    url: https://www.googleapis.com/storage/v1/b/go-cloud-blob-test-bucket/o?alt=json&delimiter=abc&maxResults=1000&pageToken=&prefix=blob-for-delimiters-abcdir2abc&prettyPrint=false&projection=full&versions=false
    method: GET
  response:
    body: '{"kind":"storage#objects","items":[{"kind":"storage#object","id":"go-cloud-blob-test-bucket/blob-for-delimiters-abcdir2abce.txt/1540585270082393","selfLink":"https://www.googleapis.com/storage/v1/b/go-cloud-blob-test-bucket/o/blob-for-delimiters-abcdir2abce.txt","name":"blob-for-delimiters-abcdir2abce.txt","bucket":"go-cloud-blob-test-bucket","generation":"1540585270082393","metageneration":"1","contentType":"text/plain;
      charset=utf-8","timeCreated":"2018-10-26T20:21:10.082Z","updated":"2018-10-26T20:21:10.082Z","storageClass":"REGIONAL","timeStorageClassUpdated":"2018-10-26T20:21:10.082Z","size":"5","md5Hash":"XUFAKrxLKna5cZ2REBfFkg==","mediaLink":"https://www.googleapis.com/download/storage/v1/b/go-cloud-blob-test-bucket/o/blob-for-delimiters-abcdir2abce.txt?generation=1540585270082393&alt=media","acl":[{"kind":"storage#objectAccessControl","id":"go-cloud-blob-test-bucket/blob-for-delimiters-abcdir2abce.txt/1540585270082393/project-owners-892942638129","selfLink":"https://www.googleapis.com/storage/v1/b/go-cloud-blob-test-bucket/o/blob-for-delimiters-abcdir2abce.txt/acl/project-owners-892942638129","bucket":"go-cloud-blob-test-bucket","object":"blob-for-delimiters-abcdir2abce.txt","generation":"1540585270082393","entity":"project-owners-892942638129","role":"OWNER","projectTeam":{"projectNumber":"892942638129","team":"owners"},"etag":"CNn2k673pN4CEAE="},{"kind":"storage#objectAccessControl","id":"go-cloud-blob-test-bucket/blob-for-delimiters-abcdir2abce.txt/1540585270082393/project-editors-892942638129","selfLink":"https://www.googleapis.com/storage/v1/b/go-cloud-blob-test-bucket/o/blob-for-delimiters-abcdir2abce.txt/acl/project-editors-892942638129","bucket":"go-cloud-blob-test-bucket","object":"blob-for-delimiters-abcdir2abce.txt","generation":"1540585270082393","entity":"project-editors-892942638129","role":"OWNER","projectTeam":{"projectNumber":"892942638129","team":"editors"},"etag":"CNn2k673pN4CEAE="},{"kind":"storage#objectAccessControl","id":"go-cloud-blob-test-bucket/blob-for-delimiters-abcdir2abce.txt/1540585270082393/project-viewers-892942638129","selfLink":"https://www.googleapis.com/storage/v1/b/go-cloud-blob-test-bucket/o/blob-for-delimiters-abcdir2abce.txt/acl/project-viewers-892942638129","bucket":"go-cloud-blob-test-bucket","object":"blob-for-delimiters-abcdir2abce.txt","generation":"1540585270082393","entity":"project-viewers-892942638129","role":"READER","projectTeam":{"projectNumber":"892942638129","team":"viewers"},"etag":"CNn2k673pN4CEAE="},{"kind":"storage#objectAccessControl","id":"go-cloud-blob-test-bucket/blob-for-delimiters-abcdir2abce.txt/1540585270082393/user-rvangent@google.com","selfLink":"https://www.googleapis.com/storage/v1/b/go-cloud-blob-test-bucket/o/blob-for-delimiters-abcdir2abce.txt/acl/user-rvangent@google.com","bucket":"go-cloud-blob-test-bucket","object":"blob-for-delimiters-abcdir2abce.txt","generation":"1540585270082393","entity":"user-rvangent@google.com","role":"OWNER","email":"rvangent@google.com","etag":"CNn2k673pN4CEAE="}],"owner":{"entity":"user-rvangent@google.com"},"crc32c":"mnG7TA==","etag":"CNn2k673pN4CEAE="}]}'
    headers:
      Alt-Svc:
      - quic=":443"; ma=2592000; v="44,43,39,35"
      Cache-Control:
      - private, max-age=0, must-revalidate, no-transform
      Content-Length:
      - "3123"
      Content-Type:
      - application/json; charset=UTF-8
      Date:
      - Tue, 30 Oct 2018 20:17:29 GMT
      Expires:
      - Tue, 30 Oct 2018 20:17:29 GMT
      Server:
      - UploadServer
      Vary:
      - Origin
      - X-Origin
      X-Guploader-Customer:
      - apiary_cloudstorage_metadata
      X-Guploader-Request-Result:
      - success
      X-Guploader-Upload-Result:
      - success
      X-Guploader-Uploadid:
      - AEnB2UrMgdKsxRz_71rW48njJ3UTXL3cT-LbyDXzndlvX4VbkkHiGwuZK1IC5NBbLNJPdp7BEBcKQXN8TyEyB-gVtiRgCQIqgw
    status: 200 OK
    code: 200
    duration: ""
- request:
    body: ""
    form: {}
    headers:
      User-Agent:
      - google-api-go-client/0.5
      X-Goog-Api-Client:
      - gl-go/1.11.0-rc2 gccl/20180226
    url: https://www.googleapis.com/storage/v1/b/go-cloud-blob-test-bucket/o/blob-for-delimiters-abcdir2abce.txt?alt=json&prettyPrint=false
    method: DELETE
  response:
    body: ""
    headers:
      Alt-Svc:
      - quic=":443"; ma=2592000; v="44,43,39,35"
      Cache-Control:
      - no-cache, no-store, max-age=0, must-revalidate
      Content-Length:
      - "0"
      Content-Type:
      - application/json
      Date:
      - Tue, 30 Oct 2018 20:17:29 GMT
      Expires:
      - Mon, 01 Jan 1990 00:00:00 GMT
      Pragma:
      - no-cache
      Server:
      - UploadServer
      Vary:
      - Origin
      - X-Origin
      X-Guploader-Customer:
      - apiary_cloudstorage_metadata
      X-Guploader-Request-Result:
      - success
      X-Guploader-Upload-Result:
      - success
      X-Guploader-Uploadid:
      - AEnB2UoobLDkjcqCQ0kCu-y6kzDcs1--0tzYOkq3IjY407rQpv5N1ULfJpdC1Mj3unHt3aTLvCbOdmMHS7bpM9_9Y9F3MChigw
    status: 204 No Content
    code: 204
    duration: ""
- request:
    body: ""
    form: {}
    headers:
      User-Agent:
      - google-api-go-client/0.5
      X-Goog-Api-Client:
      - gl-go/1.11.0-rc2 gccl/20180226
    url: https://www.googleapis.com/storage/v1/b/go-cloud-blob-test-bucket/o?alt=json&delimiter=abc&maxResults=1000&pageToken=&prefix=blob-for-delimiters-abc&prettyPrint=false&projection=full&versions=false
    method: GET
  response:
    body: '{"kind":"storage#objects","prefixes":["blob-for-delimiters-abcdir1abc"],"items":[{"kind":"storage#object","id":"go-cloud-blob-test-bucket/blob-for-delimiters-abcf.txt/1539896907314869","selfLink":"https://www.googleapis.com/storage/v1/b/go-cloud-blob-test-bucket/o/blob-for-delimiters-abcf.txt","name":"blob-for-delimiters-abcf.txt","bucket":"go-cloud-blob-test-bucket","generation":"1539896907314869","metageneration":"1","contentType":"text/plain;
      charset=utf-8","timeCreated":"2018-10-18T21:08:27.314Z","updated":"2018-10-18T21:08:27.314Z","storageClass":"REGIONAL","timeStorageClassUpdated":"2018-10-18T21:08:27.314Z","size":"5","md5Hash":"XUFAKrxLKna5cZ2REBfFkg==","mediaLink":"https://www.googleapis.com/download/storage/v1/b/go-cloud-blob-test-bucket/o/blob-for-delimiters-abcf.txt?generation=1539896907314869&alt=media","acl":[{"kind":"storage#objectAccessControl","id":"go-cloud-blob-test-bucket/blob-for-delimiters-abcf.txt/1539896907314869/project-owners-892942638129","selfLink":"https://www.googleapis.com/storage/v1/b/go-cloud-blob-test-bucket/o/blob-for-delimiters-abcf.txt/acl/project-owners-892942638129","bucket":"go-cloud-blob-test-bucket","object":"blob-for-delimiters-abcf.txt","generation":"1539896907314869","entity":"project-owners-892942638129","role":"OWNER","projectTeam":{"projectNumber":"892942638129","team":"owners"},"etag":"CLXtmoHzkN4CEAE="},{"kind":"storage#objectAccessControl","id":"go-cloud-blob-test-bucket/blob-for-delimiters-abcf.txt/1539896907314869/project-editors-892942638129","selfLink":"https://www.googleapis.com/storage/v1/b/go-cloud-blob-test-bucket/o/blob-for-delimiters-abcf.txt/acl/project-editors-892942638129","bucket":"go-cloud-blob-test-bucket","object":"blob-for-delimiters-abcf.txt","generation":"1539896907314869","entity":"project-editors-892942638129","role":"OWNER","projectTeam":{"projectNumber":"892942638129","team":"editors"},"etag":"CLXtmoHzkN4CEAE="},{"kind":"storage#objectAccessControl","id":"go-cloud-blob-test-bucket/blob-for-delimiters-abcf.txt/1539896907314869/project-viewers-892942638129","selfLink":"https://www.googleapis.com/storage/v1/b/go-cloud-blob-test-bucket/o/blob-for-delimiters-abcf.txt/acl/project-viewers-892942638129","bucket":"go-cloud-blob-test-bucket","object":"blob-for-delimiters-abcf.txt","generation":"1539896907314869","entity":"project-viewers-892942638129","role":"READER","projectTeam":{"projectNumber":"892942638129","team":"viewers"},"etag":"CLXtmoHzkN4CEAE="},{"kind":"storage#objectAccessControl","id":"go-cloud-blob-test-bucket/blob-for-delimiters-abcf.txt/1539896907314869/user-rvangent@google.com","selfLink":"https://www.googleapis.com/storage/v1/b/go-cloud-blob-test-bucket/o/blob-for-delimiters-abcf.txt/acl/user-rvangent@google.com","bucket":"go-cloud-blob-test-bucket","object":"blob-for-delimiters-abcf.txt","generation":"1539896907314869","entity":"user-rvangent@google.com","role":"OWNER","email":"rvangent@google.com","etag":"CLXtmoHzkN4CEAE="}],"owner":{"entity":"user-rvangent@google.com"},"crc32c":"mnG7TA==","etag":"CLXtmoHzkN4CEAE="}]}'
    headers:
      Alt-Svc:
      - quic=":443"; ma=2592000; v="44,43,39,35"
      Cache-Control:
      - private, max-age=0, must-revalidate, no-transform
      Content-Length:
      - "3057"
      Content-Type:
      - application/json; charset=UTF-8
      Date:
      - Tue, 30 Oct 2018 20:17:29 GMT
      Expires:
      - Tue, 30 Oct 2018 20:17:29 GMT
      Server:
      - UploadServer
      Vary:
      - Origin
      - X-Origin
      X-Guploader-Customer:
      - apiary_cloudstorage_metadata
      X-Guploader-Request-Result:
      - success
      X-Guploader-Upload-Result:
      - success
      X-Guploader-Uploadid:
      - AEnB2UqhEDx4fSpEIoa8g0kbbzfUMm_CtHSbEglSTkbOSlQRvgzoaNWkSjk1XnQpqIj3rwu-yFs3Dw-DgAVQx-Qrk86mlREIzw
    status: 200 OK
    code: 200
    duration: ""
- request:
    body: "--8b2d192ac7cc6fb1a40ca562a3e5052b659c1b9323d0c8cf06cd1501a461\r\nContent-Type:
      application/json\r\n\r\n{\"bucket\":\"go-cloud-blob-test-bucket\",\"contentType\":\"text/plain;
      charset=utf-8\",\"name\":\"blob-for-delimiters-abcdir2abce.txt\"}\n\r\n--8b2d192ac7cc6fb1a40ca562a3e5052b659c1b9323d0c8cf06cd1501a461\r\nContent-Type:
      text/plain; charset=utf-8\r\n\r\nhello\r\n--8b2d192ac7cc6fb1a40ca562a3e5052b659c1b9323d0c8cf06cd1501a461--\r\n"
    form: {}
    headers:
      Content-Type:
      - multipart/related; boundary=8b2d192ac7cc6fb1a40ca562a3e5052b659c1b9323d0c8cf06cd1501a461
      User-Agent:
      - google-api-go-client/0.5
      X-Goog-Api-Client:
      - gl-go/1.11.0-rc2 gccl/20180226
    url: https://www.googleapis.com/upload/storage/v1/b/go-cloud-blob-test-bucket/o?alt=json&prettyPrint=false&projection=full&uploadType=multipart
    method: POST
  response:
    body: '{"kind":"storage#object","id":"go-cloud-blob-test-bucket/blob-for-delimiters-abcdir2abce.txt/1540930650045209","selfLink":"https://www.googleapis.com/storage/v1/b/go-cloud-blob-test-bucket/o/blob-for-delimiters-abcdir2abce.txt","name":"blob-for-delimiters-abcdir2abce.txt","bucket":"go-cloud-blob-test-bucket","generation":"1540930650045209","metageneration":"1","contentType":"text/plain;
      charset=utf-8","timeCreated":"2018-10-30T20:17:30.044Z","updated":"2018-10-30T20:17:30.044Z","storageClass":"REGIONAL","timeStorageClassUpdated":"2018-10-30T20:17:30.044Z","size":"5","md5Hash":"XUFAKrxLKna5cZ2REBfFkg==","mediaLink":"https://www.googleapis.com/download/storage/v1/b/go-cloud-blob-test-bucket/o/blob-for-delimiters-abcdir2abce.txt?generation=1540930650045209&alt=media","acl":[{"kind":"storage#objectAccessControl","id":"go-cloud-blob-test-bucket/blob-for-delimiters-abcdir2abce.txt/1540930650045209/project-owners-892942638129","selfLink":"https://www.googleapis.com/storage/v1/b/go-cloud-blob-test-bucket/o/blob-for-delimiters-abcdir2abce.txt/acl/project-owners-892942638129","bucket":"go-cloud-blob-test-bucket","object":"blob-for-delimiters-abcdir2abce.txt","generation":"1540930650045209","entity":"project-owners-892942638129","role":"OWNER","projectTeam":{"projectNumber":"892942638129","team":"owners"},"etag":"CJn2k4D+rt4CEAE="},{"kind":"storage#objectAccessControl","id":"go-cloud-blob-test-bucket/blob-for-delimiters-abcdir2abce.txt/1540930650045209/project-editors-892942638129","selfLink":"https://www.googleapis.com/storage/v1/b/go-cloud-blob-test-bucket/o/blob-for-delimiters-abcdir2abce.txt/acl/project-editors-892942638129","bucket":"go-cloud-blob-test-bucket","object":"blob-for-delimiters-abcdir2abce.txt","generation":"1540930650045209","entity":"project-editors-892942638129","role":"OWNER","projectTeam":{"projectNumber":"892942638129","team":"editors"},"etag":"CJn2k4D+rt4CEAE="},{"kind":"storage#objectAccessControl","id":"go-cloud-blob-test-bucket/blob-for-delimiters-abcdir2abce.txt/1540930650045209/project-viewers-892942638129","selfLink":"https://www.googleapis.com/storage/v1/b/go-cloud-blob-test-bucket/o/blob-for-delimiters-abcdir2abce.txt/acl/project-viewers-892942638129","bucket":"go-cloud-blob-test-bucket","object":"blob-for-delimiters-abcdir2abce.txt","generation":"1540930650045209","entity":"project-viewers-892942638129","role":"READER","projectTeam":{"projectNumber":"892942638129","team":"viewers"},"etag":"CJn2k4D+rt4CEAE="},{"kind":"storage#objectAccessControl","id":"go-cloud-blob-test-bucket/blob-for-delimiters-abcdir2abce.txt/1540930650045209/user-rvangent@google.com","selfLink":"https://www.googleapis.com/storage/v1/b/go-cloud-blob-test-bucket/o/blob-for-delimiters-abcdir2abce.txt/acl/user-rvangent@google.com","bucket":"go-cloud-blob-test-bucket","object":"blob-for-delimiters-abcdir2abce.txt","generation":"1540930650045209","entity":"user-rvangent@google.com","role":"OWNER","email":"rvangent@google.com","etag":"CJn2k4D+rt4CEAE="}],"owner":{"entity":"user-rvangent@google.com"},"crc32c":"mnG7TA==","etag":"CJn2k4D+rt4CEAE="}'
    headers:
      Alt-Svc:
      - quic=":443"; ma=2592000; v="44,43,39,35"
      Cache-Control:
      - no-cache, no-store, max-age=0, must-revalidate
      Content-Length:
      - "3086"
      Content-Type:
      - application/json; charset=UTF-8
      Date:
      - Tue, 30 Oct 2018 20:17:30 GMT
      Etag:
      - CJn2k4D+rt4CEAE=
      Expires:
      - Mon, 01 Jan 1990 00:00:00 GMT
      Pragma:
      - no-cache
      Server:
      - UploadServer
      Vary:
      - Origin
      - X-Origin
      X-Guploader-Customer:
      - apiary_cloudstorage_single_post_uploads
      X-Guploader-Request-Result:
      - success
      X-Guploader-Upload-Result:
      - success
      X-Guploader-Uploadid:
      - AEnB2UoyPnxLltHoT6eM6V3szvT_NpOtgyR-48cljTx1I3_ENRlAmHhNlWC4mod9N2zBTmyH4fHljWhH1ZychBp4cMbI_8EgeQ
    status: 200 OK
    code: 200
    duration: ""
