---
version: 1
interactions:
- request:
    body: "--83204033fc14f3737a23365a3671f7f9181c88931effcdf3a4eaf54759a3\r\nContent-Type:
      application/json\r\n\r\n{\"bucket\":\"go-cloud-blob-test-bucket\",\"contentLanguage\":\"nl\",\"contentType\":\"text/plain;
      charset=utf-8\",\"name\":\"as-test\"}\n\r\n--83204033fc14f3737a23365a3671f7f9181c88931effcdf3a4eaf54759a3\r\nContent-Type:
      text/plain; charset=utf-8\r\n\r\nhello world\r\n--83204033fc14f3737a23365a3671f7f9181c88931effcdf3a4eaf54759a3--\r\n"
    form: {}
    headers:
      Content-Type:
      - multipart/related; boundary=83204033fc14f3737a23365a3671f7f9181c88931effcdf3a4eaf54759a3
      User-Agent:
      - google-api-go-client/0.5 go-cloud/blob/0.9.0
      X-Goog-Api-Client:
      - gl-go/1.11.0 gccl/20180226
    url: https://www.googleapis.com/upload/storage/v1/b/go-cloud-blob-test-bucket/o?alt=json&prettyPrint=false&projection=full&uploadType=multipart
    method: POST
  response:
    body: '{"kind":"storage#object","id":"go-cloud-blob-test-bucket/as-test/1545347798828375","selfLink":"https://www.googleapis.com/storage/v1/b/go-cloud-blob-test-bucket/o/as-test","name":"as-test","bucket":"go-cloud-blob-test-bucket","generation":"1545347798828375","metageneration":"1","contentType":"text/plain;
      charset=utf-8","timeCreated":"2018-12-20T23:16:38.828Z","updated":"2018-12-20T23:16:38.828Z","storageClass":"REGIONAL","timeStorageClassUpdated":"2018-12-20T23:16:38.828Z","size":"11","md5Hash":"XrY7u+Ae7tCTyyK7j1rNww==","mediaLink":"https://www.googleapis.com/download/storage/v1/b/go-cloud-blob-test-bucket/o/as-test?generation=1545347798828375&alt=media","contentLanguage":"nl","acl":[{"kind":"storage#objectAccessControl","id":"go-cloud-blob-test-bucket/as-test/1545347798828375/project-owners-892942638129","selfLink":"https://www.googleapis.com/storage/v1/b/go-cloud-blob-test-bucket/o/as-test/acl/project-owners-892942638129","bucket":"go-cloud-blob-test-bucket","object":"as-test","generation":"1545347798828375","entity":"project-owners-892942638129","role":"OWNER","projectTeam":{"projectNumber":"892942638129","team":"owners"},"etag":"CNeK6pTFr98CEAE="},{"kind":"storage#objectAccessControl","id":"go-cloud-blob-test-bucket/as-test/1545347798828375/project-editors-892942638129","selfLink":"https://www.googleapis.com/storage/v1/b/go-cloud-blob-test-bucket/o/as-test/acl/project-editors-892942638129","bucket":"go-cloud-blob-test-bucket","object":"as-test","generation":"1545347798828375","entity":"project-editors-892942638129","role":"OWNER","projectTeam":{"projectNumber":"892942638129","team":"editors"},"etag":"CNeK6pTFr98CEAE="},{"kind":"storage#objectAccessControl","id":"go-cloud-blob-test-bucket/as-test/1545347798828375/project-viewers-892942638129","selfLink":"https://www.googleapis.com/storage/v1/b/go-cloud-blob-test-bucket/o/as-test/acl/project-viewers-892942638129","bucket":"go-cloud-blob-test-bucket","object":"as-test","generation":"1545347798828375","entity":"project-viewers-892942638129","role":"READER","projectTeam":{"projectNumber":"892942638129","team":"viewers"},"etag":"CNeK6pTFr98CEAE="},{"kind":"storage#objectAccessControl","id":"go-cloud-blob-test-bucket/as-test/1545347798828375/user-rvangent@google.com","selfLink":"https://www.googleapis.com/storage/v1/b/go-cloud-blob-test-bucket/o/as-test/acl/user-rvangent@google.com","bucket":"go-cloud-blob-test-bucket","object":"as-test","generation":"1545347798828375","entity":"user-rvangent@google.com","role":"OWNER","email":"rvangent@google.com","etag":"CNeK6pTFr98CEAE="}],"owner":{"entity":"user-rvangent@google.com"},"crc32c":"yZRlqg==","etag":"CNeK6pTFr98CEAE="}'
    headers:
      Alt-Svc:
      - quic=":443"; ma=2592000; v="44,43,39,35"
      Cache-Control:
      - no-cache, no-store, max-age=0, must-revalidate
      Content-Length:
      - "2662"
      Content-Type:
      - application/json; charset=UTF-8
      Date:
      - Thu, 20 Dec 2018 23:16:38 GMT
      Etag:
      - CNeK6pTFr98CEAE=
      Expires:
      - Mon, 01 Jan 1990 00:00:00 GMT
      Pragma:
      - no-cache
      Server:
      - UploadServer
      Vary:
      - Origin
      - X-Origin
      X-Guploader-Customer:
      - apiary_cloudstorage_single_post_uploads
      X-Guploader-Request-Result:
      - success
      X-Guploader-Upload-Result:
      - success
      X-Guploader-Uploadid:
      - AEnB2UrrJq0Y4n1dcV5hHw96U864_yGG7sUTHa5-JxzGYH7pFB8N4N03BsIVoPAwOeT7f_u3pSE_wfysZBBJevIRI5F3Vu-Fkg
    status: 200 OK
    code: 200
    duration: ""
- request:
    body: ""
    form: {}
    headers:
      User-Agent:
      - google-api-go-client/0.5 go-cloud/blob/0.9.0
      X-Goog-Api-Client:
      - gl-go/1.11.0 gccl/20180226
    url: https://www.googleapis.com/storage/v1/b/go-cloud-blob-test-bucket/o/as-test?alt=json&prettyPrint=false&projection=full
    method: GET
  response:
    body: '{"kind":"storage#object","id":"go-cloud-blob-test-bucket/as-test/1545347798828375","selfLink":"https://www.googleapis.com/storage/v1/b/go-cloud-blob-test-bucket/o/as-test","name":"as-test","bucket":"go-cloud-blob-test-bucket","generation":"1545347798828375","metageneration":"1","contentType":"text/plain;
      charset=utf-8","timeCreated":"2018-12-20T23:16:38.828Z","updated":"2018-12-20T23:16:38.828Z","storageClass":"REGIONAL","timeStorageClassUpdated":"2018-12-20T23:16:38.828Z","size":"11","md5Hash":"XrY7u+Ae7tCTyyK7j1rNww==","mediaLink":"https://www.googleapis.com/download/storage/v1/b/go-cloud-blob-test-bucket/o/as-test?generation=1545347798828375&alt=media","contentLanguage":"nl","acl":[{"kind":"storage#objectAccessControl","id":"go-cloud-blob-test-bucket/as-test/1545347798828375/project-owners-892942638129","selfLink":"https://www.googleapis.com/storage/v1/b/go-cloud-blob-test-bucket/o/as-test/acl/project-owners-892942638129","bucket":"go-cloud-blob-test-bucket","object":"as-test","generation":"1545347798828375","entity":"project-owners-892942638129","role":"OWNER","projectTeam":{"projectNumber":"892942638129","team":"owners"},"etag":"CNeK6pTFr98CEAE="},{"kind":"storage#objectAccessControl","id":"go-cloud-blob-test-bucket/as-test/1545347798828375/project-editors-892942638129","selfLink":"https://www.googleapis.com/storage/v1/b/go-cloud-blob-test-bucket/o/as-test/acl/project-editors-892942638129","bucket":"go-cloud-blob-test-bucket","object":"as-test","generation":"1545347798828375","entity":"project-editors-892942638129","role":"OWNER","projectTeam":{"projectNumber":"892942638129","team":"editors"},"etag":"CNeK6pTFr98CEAE="},{"kind":"storage#objectAccessControl","id":"go-cloud-blob-test-bucket/as-test/1545347798828375/project-viewers-892942638129","selfLink":"https://www.googleapis.com/storage/v1/b/go-cloud-blob-test-bucket/o/as-test/acl/project-viewers-892942638129","bucket":"go-cloud-blob-test-bucket","object":"as-test","generation":"1545347798828375","entity":"project-viewers-892942638129","role":"READER","projectTeam":{"projectNumber":"892942638129","team":"viewers"},"etag":"CNeK6pTFr98CEAE="},{"kind":"storage#objectAccessControl","id":"go-cloud-blob-test-bucket/as-test/1545347798828375/user-rvangent@google.com","selfLink":"https://www.googleapis.com/storage/v1/b/go-cloud-blob-test-bucket/o/as-test/acl/user-rvangent@google.com","bucket":"go-cloud-blob-test-bucket","object":"as-test","generation":"1545347798828375","entity":"user-rvangent@google.com","role":"OWNER","email":"rvangent@google.com","etag":"CNeK6pTFr98CEAE="}],"owner":{"entity":"user-rvangent@google.com"},"crc32c":"yZRlqg==","etag":"CNeK6pTFr98CEAE="}'
    headers:
      Alt-Svc:
      - quic=":443"; ma=2592000; v="44,43,39,35"
      Cache-Control:
      - no-cache, no-store, max-age=0, must-revalidate
      Content-Length:
      - "2662"
      Content-Type:
      - application/json; charset=UTF-8
      Date:
      - Thu, 20 Dec 2018 23:16:38 GMT
      Etag:
      - CNeK6pTFr98CEAE=
      Expires:
      - Mon, 01 Jan 1990 00:00:00 GMT
      Pragma:
      - no-cache
      Server:
      - UploadServer
      Vary:
      - Origin
      - X-Origin
      X-Guploader-Customer:
      - apiary_cloudstorage_metadata
      X-Guploader-Request-Result:
      - success
      X-Guploader-Upload-Result:
      - success
      X-Guploader-Uploadid:
      - AEnB2UqGenmRx7vXkjUAI35UYd7YLUvYMjhuuTh6wX1sd5ivV644bB7H-qZRg48oJ4CNjp7_1Kvb8idjYxYMHLF0ZhTB3RIbHg
    status: 200 OK
    code: 200
    duration: ""
- request:
    body: ""
    form: {}
    headers:
      User-Agent:
      - ' go-cloud/blob/0.9.0'
    url: https://storage.googleapis.com/go-cloud-blob-test-bucket/as-test
    method: GET
  response:
    body: hello world
    headers:
      Accept-Ranges:
      - bytes
      Alt-Svc:
      - quic=":443"; ma=2592000; v="44,43,39,35"
      Cache-Control:
      - private, max-age=0
      Content-Language:
      - nl
      Content-Length:
      - "11"
      Content-Type:
      - text/plain; charset=utf-8
      Date:
      - Thu, 20 Dec 2018 23:16:38 GMT
      Etag:
      - '"5eb63bbbe01eeed093cb22bb8f5acdc3"'
      Expires:
      - Thu, 20 Dec 2018 23:16:38 GMT
      Last-Modified:
      - Thu, 20 Dec 2018 23:16:38 GMT
      Server:
      - UploadServer
      X-Goog-Generation:
      - "1545347798828375"
      X-Goog-Hash:
      - crc32c=yZRlqg==
      - md5=XrY7u+Ae7tCTyyK7j1rNww==
      X-Goog-Metageneration:
      - "1"
      X-Goog-Storage-Class:
      - REGIONAL
      X-Goog-Stored-Content-Encoding:
      - identity
      X-Goog-Stored-Content-Length:
      - "11"
      X-Guploader-Customer:
      - cloud-storage
      X-Guploader-Request-Result:
      - success
      X-Guploader-Upload-Result:
      - success
      X-Guploader-Uploadid:
      - AEnB2Up9W44Gjm5lMIwNVa85OzuX1GjEemsYH-yrgYSThkrLl3MsKjY7thRW0IvbgvAFBM_FPLBjQ29dy6qPVFXSUXHdTMCxgA
    status: 200 OK
    code: 200
    duration: ""
- request:
    body: ""
    form: {}
    headers:
      User-Agent:
      - google-api-go-client/0.5 go-cloud/blob/0.9.0
      X-Goog-Api-Client:
      - gl-go/1.11.0 gccl/20180226
    url: https://www.googleapis.com/storage/v1/b/go-cloud-blob-test-bucket/o?alt=json&delimiter=&maxResults=1000&pageToken=&prefix=as-test&prettyPrint=false&projection=full&versions=false
    method: GET
  response:
    body: '{"kind":"storage#objects","items":[{"kind":"storage#object","id":"go-cloud-blob-test-bucket/as-test/1545347798828375","selfLink":"https://www.googleapis.com/storage/v1/b/go-cloud-blob-test-bucket/o/as-test","name":"as-test","bucket":"go-cloud-blob-test-bucket","generation":"1545347798828375","metageneration":"1","contentType":"text/plain;
      charset=utf-8","timeCreated":"2018-12-20T23:16:38.828Z","updated":"2018-12-20T23:16:38.828Z","storageClass":"REGIONAL","timeStorageClassUpdated":"2018-12-20T23:16:38.828Z","size":"11","md5Hash":"XrY7u+Ae7tCTyyK7j1rNww==","mediaLink":"https://www.googleapis.com/download/storage/v1/b/go-cloud-blob-test-bucket/o/as-test?generation=1545347798828375&alt=media","contentLanguage":"nl","acl":[{"kind":"storage#objectAccessControl","id":"go-cloud-blob-test-bucket/as-test/1545347798828375/project-owners-892942638129","selfLink":"https://www.googleapis.com/storage/v1/b/go-cloud-blob-test-bucket/o/as-test/acl/project-owners-892942638129","bucket":"go-cloud-blob-test-bucket","object":"as-test","generation":"1545347798828375","entity":"project-owners-892942638129","role":"OWNER","projectTeam":{"projectNumber":"892942638129","team":"owners"},"etag":"CNeK6pTFr98CEAE="},{"kind":"storage#objectAccessControl","id":"go-cloud-blob-test-bucket/as-test/1545347798828375/project-editors-892942638129","selfLink":"https://www.googleapis.com/storage/v1/b/go-cloud-blob-test-bucket/o/as-test/acl/project-editors-892942638129","bucket":"go-cloud-blob-test-bucket","object":"as-test","generation":"1545347798828375","entity":"project-editors-892942638129","role":"OWNER","projectTeam":{"projectNumber":"892942638129","team":"editors"},"etag":"CNeK6pTFr98CEAE="},{"kind":"storage#objectAccessControl","id":"go-cloud-blob-test-bucket/as-test/1545347798828375/project-viewers-892942638129","selfLink":"https://www.googleapis.com/storage/v1/b/go-cloud-blob-test-bucket/o/as-test/acl/project-viewers-892942638129","bucket":"go-cloud-blob-test-bucket","object":"as-test","generation":"1545347798828375","entity":"project-viewers-892942638129","role":"READER","projectTeam":{"projectNumber":"892942638129","team":"viewers"},"etag":"CNeK6pTFr98CEAE="},{"kind":"storage#objectAccessControl","id":"go-cloud-blob-test-bucket/as-test/1545347798828375/user-rvangent@google.com","selfLink":"https://www.googleapis.com/storage/v1/b/go-cloud-blob-test-bucket/o/as-test/acl/user-rvangent@google.com","bucket":"go-cloud-blob-test-bucket","object":"as-test","generation":"1545347798828375","entity":"user-rvangent@google.com","role":"OWNER","email":"rvangent@google.com","etag":"CNeK6pTFr98CEAE="}],"owner":{"entity":"user-rvangent@google.com"},"crc32c":"yZRlqg==","etag":"CNeK6pTFr98CEAE="}]}'
    headers:
      Alt-Svc:
      - quic=":443"; ma=2592000; v="44,43,39,35"
      Cache-Control:
      - private, max-age=0, must-revalidate, no-transform
      Content-Length:
      - "2699"
      Content-Type:
      - application/json; charset=UTF-8
      Date:
      - Thu, 20 Dec 2018 23:16:39 GMT
      Expires:
      - Thu, 20 Dec 2018 23:16:39 GMT
      Server:
      - UploadServer
      Vary:
      - Origin
      - X-Origin
      X-Guploader-Customer:
      - apiary_cloudstorage_metadata
      X-Guploader-Request-Result:
      - success
      X-Guploader-Upload-Result:
      - success
      X-Guploader-Uploadid:
      - AEnB2UrtIh7dFIzEWiM9EbwAy4ZC9_zW2SIy0toVitQlgr9HOW9SGDEp4xOSh2CFPZSfGZOC9-L1cDTAsofdMWzEo65Cq2oayA
    status: 200 OK
    code: 200
    duration: ""
- request:
    body: ""
    form: {}
    headers:
      User-Agent:
      - ' go-cloud/blob/0.9.0'
    url: https://storage.googleapis.com/go-cloud-blob-test-bucket/key-does-not-exist
    method: GET
  response:
    body: '<?xml version=''1.0'' encoding=''UTF-8''?><Error><Code>NoSuchKey</Code><Message>The
      specified key does not exist.</Message><Details>No such object: go-cloud-blob-test-bucket/key-does-not-exist</Details></Error>'
    headers:
      Alt-Svc:
      - quic=":443"; ma=2592000; v="44,43,39,35"
      Cache-Control:
      - private, max-age=0
      Content-Length:
      - "206"
      Content-Type:
      - application/xml; charset=UTF-8
      Date:
      - Thu, 20 Dec 2018 23:16:39 GMT
      Expires:
      - Thu, 20 Dec 2018 23:16:39 GMT
      Server:
      - UploadServer
      X-Guploader-Customer:
      - cloud-storage
      X-Guploader-Request-Result:
      - agent_rejected
      X-Guploader-Upload-Result:
      - agent_rejected
      X-Guploader-Uploadid:
      - AEnB2Up_NcJ4DbT2tyrSm0PFMABuK6dZaWO81t1qZjdAhxY_8H83niWzuoRhgQ2eO9vgjQCbxLSErmylxDFiE-Z2ZpClXNEOWw
    status: 404 Not Found
    code: 404
    duration: ""
- request:
    body: ""
    form: {}
    headers:
      User-Agent:
      - google-api-go-client/0.5 go-cloud/blob/0.9.0
      X-Goog-Api-Client:
      - gl-go/1.11.0 gccl/20180226
    url: https://www.googleapis.com/storage/v1/b/go-cloud-blob-test-bucket/o/as-test?alt=json&prettyPrint=false
    method: DELETE
  response:
    body: ""
    headers:
      Alt-Svc:
      - quic=":443"; ma=2592000; v="44,43,39,35"
      Cache-Control:
      - no-cache, no-store, max-age=0, must-revalidate
      Content-Length:
      - "0"
      Content-Type:
      - application/json
      Date:
      - Thu, 20 Dec 2018 23:16:39 GMT
      Expires:
      - Mon, 01 Jan 1990 00:00:00 GMT
      Pragma:
      - no-cache
      Server:
      - UploadServer
      Vary:
      - Origin
      - X-Origin
      X-Guploader-Customer:
      - apiary_cloudstorage_metadata
      X-Guploader-Request-Result:
      - success
      X-Guploader-Upload-Result:
      - success
      X-Guploader-Uploadid:
      - AEnB2UrmXJvQ6G5WLxwLEmMakanhOMCMvmj4U-YKgDmQiLg-v18U46Ymh0Gxr7-EO03DxEOnpdevNv9UVRqCHE1zZwk2KFeV7g
    status: 204 No Content
    code: 204
    duration: ""
