---
version: 1
interactions:
- request:
    body: "--a2dcc9794f4d99c8cf13d0f719b985064f2c2fcb3bc17d25d6088c959963\r\nContent-Type:
      application/json\r\n\r\n{\"bucket\":\"go-cloud-blob-test-bucket\",\"contentLanguage\":\"nl\",\"contentType\":\"text/plain;
      charset=utf-8\",\"md5Hash\":\"XrY7u+Ae7tCTyyK7j1rNww==\",\"name\":\"mydir/as-test\"}\n\r\n--a2dcc9794f4d99c8cf13d0f719b985064f2c2fcb3bc17d25d6088c959963\r\nContent-Type:
      text/plain; charset=utf-8\r\n\r\nhello world\r\n--a2dcc9794f4d99c8cf13d0f719b985064f2c2fcb3bc17d25d6088c959963--\r\n"
    form: {}
    headers:
      Content-Type:
      - multipart/related; boundary=a2dcc9794f4d99c8cf13d0f719b985064f2c2fcb3bc17d25d6088c959963
      User-Agent:
      - google-api-go-client/0.5 go-cloud/blob/0.1.0
      X-Goog-Api-Client:
      - gl-go/1.12.0 gccl/20180226
    url: https://www.googleapis.com/upload/storage/v1/b/go-cloud-blob-test-bucket/o?alt=json&prettyPrint=false&projection=full&uploadType=multipart
    method: POST
  response:
    body: '{"kind":"storage#object","id":"go-cloud-blob-test-bucket/mydir/as-test/1555606709898235","selfLink":"https://www.googleapis.com/storage/v1/b/go-cloud-blob-test-bucket/o/mydir%2Fas-test","name":"mydir/as-test","bucket":"go-cloud-blob-test-bucket","generation":"1555606709898235","metageneration":"1","contentType":"text/plain;
      charset=utf-8","timeCreated":"2019-04-18T16:58:29.897Z","updated":"2019-04-18T16:58:29.897Z","storageClass":"REGIONAL","timeStorageClassUpdated":"2019-04-18T16:58:29.897Z","size":"11","md5Hash":"XrY7u+Ae7tCTyyK7j1rNww==","mediaLink":"https://www.googleapis.com/download/storage/v1/b/go-cloud-blob-test-bucket/o/mydir%2Fas-test?generation=1555606709898235&alt=media","contentLanguage":"nl","acl":[{"kind":"storage#objectAccessControl","id":"go-cloud-blob-test-bucket/mydir/as-test/1555606709898235/project-owners-892942638129","selfLink":"https://www.googleapis.com/storage/v1/b/go-cloud-blob-test-bucket/o/mydir%2Fas-test/acl/project-owners-892942638129","bucket":"go-cloud-blob-test-bucket","object":"mydir/as-test","generation":"1555606709898235","entity":"project-owners-892942638129","role":"OWNER","projectTeam":{"projectNumber":"892942638129","team":"owners"},"etag":"CPuX6sqO2uECEAE="},{"kind":"storage#objectAccessControl","id":"go-cloud-blob-test-bucket/mydir/as-test/1555606709898235/project-editors-892942638129","selfLink":"https://www.googleapis.com/storage/v1/b/go-cloud-blob-test-bucket/o/mydir%2Fas-test/acl/project-editors-892942638129","bucket":"go-cloud-blob-test-bucket","object":"mydir/as-test","generation":"1555606709898235","entity":"project-editors-892942638129","role":"OWNER","projectTeam":{"projectNumber":"892942638129","team":"editors"},"etag":"CPuX6sqO2uECEAE="},{"kind":"storage#objectAccessControl","id":"go-cloud-blob-test-bucket/mydir/as-test/1555606709898235/project-viewers-892942638129","selfLink":"https://www.googleapis.com/storage/v1/b/go-cloud-blob-test-bucket/o/mydir%2Fas-test/acl/project-viewers-892942638129","bucket":"go-cloud-blob-test-bucket","object":"mydir/as-test","generation":"1555606709898235","entity":"project-viewers-892942638129","role":"READER","projectTeam":{"projectNumber":"892942638129","team":"viewers"},"etag":"CPuX6sqO2uECEAE="},{"kind":"storage#objectAccessControl","id":"go-cloud-blob-test-bucket/mydir/as-test/1555606709898235/user-light@google.com","selfLink":"https://www.googleapis.com/storage/v1/b/go-cloud-blob-test-bucket/o/mydir%2Fas-test/acl/user-light@google.com","bucket":"go-cloud-blob-test-bucket","object":"mydir/as-test","generation":"1555606709898235","entity":"user-light@google.com","role":"OWNER","email":"light@google.com","etag":"CPuX6sqO2uECEAE="}],"owner":{"entity":"user-light@google.com"},"crc32c":"yZRlqg==","etag":"CPuX6sqO2uECEAE="}'
    headers:
      Alt-Svc:
      - quic=":443"; ma=2592000; v="46,44,43,39"
      Cache-Control:
      - no-cache, no-store, max-age=0, must-revalidate
      Content-Length:
      - "2755"
      Content-Type:
      - application/json; charset=UTF-8
      Date:
      - Thu, 18 Apr 2019 16:58:29 GMT
      Etag:
      - CPuX6sqO2uECEAE=
      Expires:
      - Mon, 01 Jan 1990 00:00:00 GMT
      Pragma:
      - no-cache
      Server:
      - UploadServer
      Vary:
      - Origin
      - X-Origin
      X-Guploader-Customer:
      - apiary_cloudstorage_single_post_uploads
      X-Guploader-Request-Result:
      - success
      X-Guploader-Upload-Result:
      - success
      X-Guploader-Uploadid:
      - AEnB2UqSRL3Pk0RXvIY5rOrqymcFVbJWT2pZEl0pmpQltdwtXe1VWOtTFK4ghfgea-3sYL8dCqXEB2ubBRNWcTe1Wm0zqJLShw
    status: 200 OK
    code: 200
    duration: ""
- request:
    body: ""
    form: {}
    headers:
      User-Agent:
      - google-api-go-client/0.5 go-cloud/blob/0.1.0
      X-Goog-Api-Client:
      - gl-go/1.12.0 gccl/20180226
    url: https://www.googleapis.com/storage/v1/b/go-cloud-blob-test-bucket/o/mydir%2Fas-test?alt=json&prettyPrint=false&projection=full
    method: GET
  response:
    body: '{"kind":"storage#object","id":"go-cloud-blob-test-bucket/mydir/as-test/1555606709898235","selfLink":"https://www.googleapis.com/storage/v1/b/go-cloud-blob-test-bucket/o/mydir%2Fas-test","name":"mydir/as-test","bucket":"go-cloud-blob-test-bucket","generation":"1555606709898235","metageneration":"1","contentType":"text/plain;
      charset=utf-8","timeCreated":"2019-04-18T16:58:29.897Z","updated":"2019-04-18T16:58:29.897Z","storageClass":"REGIONAL","timeStorageClassUpdated":"2019-04-18T16:58:29.897Z","size":"11","md5Hash":"XrY7u+Ae7tCTyyK7j1rNww==","mediaLink":"https://www.googleapis.com/download/storage/v1/b/go-cloud-blob-test-bucket/o/mydir%2Fas-test?generation=1555606709898235&alt=media","contentLanguage":"nl","acl":[{"kind":"storage#objectAccessControl","id":"go-cloud-blob-test-bucket/mydir/as-test/1555606709898235/project-owners-892942638129","selfLink":"https://www.googleapis.com/storage/v1/b/go-cloud-blob-test-bucket/o/mydir%2Fas-test/acl/project-owners-892942638129","bucket":"go-cloud-blob-test-bucket","object":"mydir/as-test","generation":"1555606709898235","entity":"project-owners-892942638129","role":"OWNER","projectTeam":{"projectNumber":"892942638129","team":"owners"},"etag":"CPuX6sqO2uECEAE="},{"kind":"storage#objectAccessControl","id":"go-cloud-blob-test-bucket/mydir/as-test/1555606709898235/project-editors-892942638129","selfLink":"https://www.googleapis.com/storage/v1/b/go-cloud-blob-test-bucket/o/mydir%2Fas-test/acl/project-editors-892942638129","bucket":"go-cloud-blob-test-bucket","object":"mydir/as-test","generation":"1555606709898235","entity":"project-editors-892942638129","role":"OWNER","projectTeam":{"projectNumber":"892942638129","team":"editors"},"etag":"CPuX6sqO2uECEAE="},{"kind":"storage#objectAccessControl","id":"go-cloud-blob-test-bucket/mydir/as-test/1555606709898235/project-viewers-892942638129","selfLink":"https://www.googleapis.com/storage/v1/b/go-cloud-blob-test-bucket/o/mydir%2Fas-test/acl/project-viewers-892942638129","bucket":"go-cloud-blob-test-bucket","object":"mydir/as-test","generation":"1555606709898235","entity":"project-viewers-892942638129","role":"READER","projectTeam":{"projectNumber":"892942638129","team":"viewers"},"etag":"CPuX6sqO2uECEAE="},{"kind":"storage#objectAccessControl","id":"go-cloud-blob-test-bucket/mydir/as-test/1555606709898235/user-light@google.com","selfLink":"https://www.googleapis.com/storage/v1/b/go-cloud-blob-test-bucket/o/mydir%2Fas-test/acl/user-light@google.com","bucket":"go-cloud-blob-test-bucket","object":"mydir/as-test","generation":"1555606709898235","entity":"user-light@google.com","role":"OWNER","email":"light@google.com","etag":"CPuX6sqO2uECEAE="}],"owner":{"entity":"user-light@google.com"},"crc32c":"yZRlqg==","etag":"CPuX6sqO2uECEAE="}'
    headers:
      Alt-Svc:
      - quic=":443"; ma=2592000; v="46,44,43,39"
      Cache-Control:
      - no-cache, no-store, max-age=0, must-revalidate
      Content-Length:
      - "2755"
      Content-Type:
      - application/json; charset=UTF-8
      Date:
      - Thu, 18 Apr 2019 16:58:29 GMT
      Etag:
      - CPuX6sqO2uECEAE=
      Expires:
      - Mon, 01 Jan 1990 00:00:00 GMT
      Pragma:
      - no-cache
      Server:
      - UploadServer
      Vary:
      - Origin
      - X-Origin
      X-Guploader-Customer:
      - apiary_cloudstorage_metadata
      X-Guploader-Request-Result:
      - success
      X-Guploader-Upload-Result:
      - success
      X-Guploader-Uploadid:
      - AEnB2UosQHqiPsUPO6uCLkxWnlQ26e24udEUWm1LYRV7_bBUpjjiVzdFEkcMoHrNcyg0lrQOl9ARWboMSMDwROTW296AGufWWQ
    status: 200 OK
    code: 200
    duration: ""
- request:
    body: ""
    form: {}
    headers:
      User-Agent:
      - ' go-cloud/blob/0.1.0'
    url: https://storage.googleapis.com/go-cloud-blob-test-bucket/mydir/as-test
    method: GET
  response:
    body: hello world
    headers:
      Accept-Ranges:
      - bytes
      Alt-Svc:
      - quic=":443"; ma=2592000; v="46,44,43,39"
      Cache-Control:
      - private, max-age=0
      Content-Language:
      - nl
      Content-Length:
      - "11"
      Content-Type:
      - text/plain; charset=utf-8
      Date:
      - Thu, 18 Apr 2019 16:58:30 GMT
      Etag:
      - '"5eb63bbbe01eeed093cb22bb8f5acdc3"'
      Expires:
      - Thu, 18 Apr 2019 16:58:30 GMT
      Last-Modified:
      - Thu, 18 Apr 2019 16:58:29 GMT
      Server:
      - UploadServer
      X-Goog-Generation:
      - "1555606709898235"
      X-Goog-Hash:
      - crc32c=yZRlqg==
      - md5=XrY7u+Ae7tCTyyK7j1rNww==
      X-Goog-Metageneration:
      - "1"
      X-Goog-Storage-Class:
      - REGIONAL
      X-Goog-Stored-Content-Encoding:
      - identity
      X-Goog-Stored-Content-Length:
      - "11"
      X-Guploader-Customer:
      - cloud-storage
      X-Guploader-Request-Result:
      - success
      X-Guploader-Upload-Result:
      - success
      X-Guploader-Uploadid:
      - AEnB2UrKhZwtpEJFSzYt5BsfwIHpaTKEJB77lepIOZB7qx7shxQJmjYh9HC_PFyTICgTljwRIPyYsNHmmgvJTEQTQG_9G4AbPw
    status: 200 OK
    code: 200
    duration: ""
- request:
    body: ""
    form: {}
    headers:
      User-Agent:
      - google-api-go-client/0.5 go-cloud/blob/0.1.0
      X-Goog-Api-Client:
      - gl-go/1.12.0 gccl/20180226
    url: https://www.googleapis.com/storage/v1/b/go-cloud-blob-test-bucket/o?alt=json&delimiter=%2F&maxResults=1000&pageToken=&prefix=mydir&prettyPrint=false&projection=full&versions=false
    method: GET
  response:
    body: '{"kind":"storage#objects","prefixes":["mydir/"]}'
    headers:
      Alt-Svc:
      - quic=":443"; ma=2592000; v="46,44,43,39"
      Cache-Control:
      - private, max-age=0, must-revalidate, no-transform
      Content-Length:
      - "48"
      Content-Type:
      - application/json; charset=UTF-8
      Date:
      - Thu, 18 Apr 2019 16:58:30 GMT
      Expires:
      - Thu, 18 Apr 2019 16:58:30 GMT
      Server:
      - UploadServer
      Vary:
      - Origin
      - X-Origin
      X-Guploader-Customer:
      - apiary_cloudstorage_metadata
      X-Guploader-Request-Result:
      - success
      X-Guploader-Upload-Result:
      - success
      X-Guploader-Uploadid:
      - AEnB2UpwmycWbp2Yq9hwaPQIoIK7aTwjLFqT0lubCi5nl1tXB6tX-NbQjrYBAN_eAPmGnecf0PusBcPuNWzK24kAKOpyy0XbLQ
    status: 200 OK
    code: 200
    duration: ""
- request:
    body: ""
    form: {}
    headers:
      User-Agent:
      - google-api-go-client/0.5 go-cloud/blob/0.1.0
      X-Goog-Api-Client:
      - gl-go/1.12.0 gccl/20180226
    url: https://www.googleapis.com/storage/v1/b/go-cloud-blob-test-bucket/o?alt=json&delimiter=&maxResults=1000&pageToken=&prefix=mydir%2Fas-test&prettyPrint=false&projection=full&versions=false
    method: GET
  response:
    body: '{"kind":"storage#objects","items":[{"kind":"storage#object","id":"go-cloud-blob-test-bucket/mydir/as-test/1555606709898235","selfLink":"https://www.googleapis.com/storage/v1/b/go-cloud-blob-test-bucket/o/mydir%2Fas-test","name":"mydir/as-test","bucket":"go-cloud-blob-test-bucket","generation":"1555606709898235","metageneration":"1","contentType":"text/plain;
      charset=utf-8","timeCreated":"2019-04-18T16:58:29.897Z","updated":"2019-04-18T16:58:29.897Z","storageClass":"REGIONAL","timeStorageClassUpdated":"2019-04-18T16:58:29.897Z","size":"11","md5Hash":"XrY7u+Ae7tCTyyK7j1rNww==","mediaLink":"https://www.googleapis.com/download/storage/v1/b/go-cloud-blob-test-bucket/o/mydir%2Fas-test?generation=1555606709898235&alt=media","contentLanguage":"nl","acl":[{"kind":"storage#objectAccessControl","id":"go-cloud-blob-test-bucket/mydir/as-test/1555606709898235/project-owners-892942638129","selfLink":"https://www.googleapis.com/storage/v1/b/go-cloud-blob-test-bucket/o/mydir%2Fas-test/acl/project-owners-892942638129","bucket":"go-cloud-blob-test-bucket","object":"mydir/as-test","generation":"1555606709898235","entity":"project-owners-892942638129","role":"OWNER","projectTeam":{"projectNumber":"892942638129","team":"owners"},"etag":"CPuX6sqO2uECEAE="},{"kind":"storage#objectAccessControl","id":"go-cloud-blob-test-bucket/mydir/as-test/1555606709898235/project-editors-892942638129","selfLink":"https://www.googleapis.com/storage/v1/b/go-cloud-blob-test-bucket/o/mydir%2Fas-test/acl/project-editors-892942638129","bucket":"go-cloud-blob-test-bucket","object":"mydir/as-test","generation":"1555606709898235","entity":"project-editors-892942638129","role":"OWNER","projectTeam":{"projectNumber":"892942638129","team":"editors"},"etag":"CPuX6sqO2uECEAE="},{"kind":"storage#objectAccessControl","id":"go-cloud-blob-test-bucket/mydir/as-test/1555606709898235/project-viewers-892942638129","selfLink":"https://www.googleapis.com/storage/v1/b/go-cloud-blob-test-bucket/o/mydir%2Fas-test/acl/project-viewers-892942638129","bucket":"go-cloud-blob-test-bucket","object":"mydir/as-test","generation":"1555606709898235","entity":"project-viewers-892942638129","role":"READER","projectTeam":{"projectNumber":"892942638129","team":"viewers"},"etag":"CPuX6sqO2uECEAE="},{"kind":"storage#objectAccessControl","id":"go-cloud-blob-test-bucket/mydir/as-test/1555606709898235/user-light@google.com","selfLink":"https://www.googleapis.com/storage/v1/b/go-cloud-blob-test-bucket/o/mydir%2Fas-test/acl/user-light@google.com","bucket":"go-cloud-blob-test-bucket","object":"mydir/as-test","generation":"1555606709898235","entity":"user-light@google.com","role":"OWNER","email":"light@google.com","etag":"CPuX6sqO2uECEAE="}],"owner":{"entity":"user-light@google.com"},"crc32c":"yZRlqg==","etag":"CPuX6sqO2uECEAE="}]}'
    headers:
      Alt-Svc:
      - quic=":443"; ma=2592000; v="46,44,43,39"
      Cache-Control:
      - private, max-age=0, must-revalidate, no-transform
      Content-Length:
      - "2792"
      Content-Type:
      - application/json; charset=UTF-8
      Date:
      - Thu, 18 Apr 2019 16:58:30 GMT
      Expires:
      - Thu, 18 Apr 2019 16:58:30 GMT
      Server:
      - UploadServer
      Vary:
      - Origin
      - X-Origin
      X-Guploader-Customer:
      - apiary_cloudstorage_metadata
      X-Guploader-Request-Result:
      - success
      X-Guploader-Upload-Result:
      - success
      X-Guploader-Uploadid:
      - AEnB2UoEtLAgeUeD7AzriovH1MXoVPDbL6uzWRLDwQ61lcZTMi_9ZfJo9SmTFNtHd7kQVaHgBXC8zCg1gmLFegJQuAu7tT1zQg
    status: 200 OK
    code: 200
    duration: ""
- request:
    body: ""
    form: {}
    headers:
      User-Agent:
      - ' go-cloud/blob/0.1.0'
    url: https://storage.googleapis.com/go-cloud-blob-test-bucket/key-does-not-exist
    method: GET
  response:
    body: '<?xml version=''1.0'' encoding=''UTF-8''?><Error><Code>NoSuchKey</Code><Message>The
      specified key does not exist.</Message><Details>No such object: go-cloud-blob-test-bucket/key-does-not-exist</Details></Error>'
    headers:
      Alt-Svc:
      - quic=":443"; ma=2592000; v="46,44,43,39"
      Cache-Control:
      - private, max-age=0
      Content-Length:
      - "206"
      Content-Type:
      - application/xml; charset=UTF-8
      Date:
      - Thu, 18 Apr 2019 16:58:30 GMT
      Expires:
      - Thu, 18 Apr 2019 16:58:30 GMT
      Server:
      - UploadServer
      X-Guploader-Customer:
      - cloud-storage
      X-Guploader-Request-Result:
      - agent_rejected
      X-Guploader-Upload-Result:
      - agent_rejected
      X-Guploader-Uploadid:
      - AEnB2UpoVqcu13J7hCUnJ1fZ6b9MdVZbdOOjorXVaXrKCG_5OOD5XIZmvY65I1v1-HAvAJbImxGVrUcriOXaUm0sZdo4ZK5DsA
    status: 404 Not Found
    code: 404
    duration: ""
- request:
    body: |
      {}
    form: {}
    headers:
      Content-Type:
      - application/json
      User-Agent:
      - google-api-go-client/0.5 go-cloud/blob/0.1.0
      X-Goog-Api-Client:
      - gl-go/1.12.0 gccl/20180226
    url: https://www.googleapis.com/storage/v1/b/go-cloud-blob-test-bucket/o/mydir%2Fas-test/rewriteTo/b/go-cloud-blob-test-bucket/o/mydir%2Fas-test-copy?alt=json&prettyPrint=false&projection=full
    method: POST
  response:
    body: '{"kind":"storage#rewriteResponse","totalBytesRewritten":"11","objectSize":"11","done":true,"resource":{"kind":"storage#object","id":"go-cloud-blob-test-bucket/mydir/as-test-copy/1555606710628797","selfLink":"https://www.googleapis.com/storage/v1/b/go-cloud-blob-test-bucket/o/mydir%2Fas-test-copy","name":"mydir/as-test-copy","bucket":"go-cloud-blob-test-bucket","generation":"1555606710628797","metageneration":"1","contentType":"text/plain;
      charset=utf-8","timeCreated":"2019-04-18T16:58:30.628Z","updated":"2019-04-18T16:58:30.628Z","storageClass":"REGIONAL","timeStorageClassUpdated":"2019-04-18T16:58:30.628Z","size":"11","md5Hash":"XrY7u+Ae7tCTyyK7j1rNww==","mediaLink":"https://www.googleapis.com/download/storage/v1/b/go-cloud-blob-test-bucket/o/mydir%2Fas-test-copy?generation=1555606710628797&alt=media","contentLanguage":"nl","acl":[{"kind":"storage#objectAccessControl","id":"go-cloud-blob-test-bucket/mydir/as-test-copy/1555606710628797/project-owners-892942638129","selfLink":"https://www.googleapis.com/storage/v1/b/go-cloud-blob-test-bucket/o/mydir%2Fas-test-copy/acl/project-owners-892942638129","bucket":"go-cloud-blob-test-bucket","object":"mydir/as-test-copy","generation":"1555606710628797","entity":"project-owners-892942638129","role":"OWNER","projectTeam":{"projectNumber":"892942638129","team":"owners"},"etag":"CL3jlsuO2uECEAE="},{"kind":"storage#objectAccessControl","id":"go-cloud-blob-test-bucket/mydir/as-test-copy/1555606710628797/project-editors-892942638129","selfLink":"https://www.googleapis.com/storage/v1/b/go-cloud-blob-test-bucket/o/mydir%2Fas-test-copy/acl/project-editors-892942638129","bucket":"go-cloud-blob-test-bucket","object":"mydir/as-test-copy","generation":"1555606710628797","entity":"project-editors-892942638129","role":"OWNER","projectTeam":{"projectNumber":"892942638129","team":"editors"},"etag":"CL3jlsuO2uECEAE="},{"kind":"storage#objectAccessControl","id":"go-cloud-blob-test-bucket/mydir/as-test-copy/1555606710628797/project-viewers-892942638129","selfLink":"https://www.googleapis.com/storage/v1/b/go-cloud-blob-test-bucket/o/mydir%2Fas-test-copy/acl/project-viewers-892942638129","bucket":"go-cloud-blob-test-bucket","object":"mydir/as-test-copy","generation":"1555606710628797","entity":"project-viewers-892942638129","role":"READER","projectTeam":{"projectNumber":"892942638129","team":"viewers"},"etag":"CL3jlsuO2uECEAE="},{"kind":"storage#objectAccessControl","id":"go-cloud-blob-test-bucket/mydir/as-test-copy/1555606710628797/user-light@google.com","selfLink":"https://www.googleapis.com/storage/v1/b/go-cloud-blob-test-bucket/o/mydir%2Fas-test-copy/acl/user-light@google.com","bucket":"go-cloud-blob-test-bucket","object":"mydir/as-test-copy","generation":"1555606710628797","entity":"user-light@google.com","role":"OWNER","email":"light@google.com","etag":"CL3jlsuO2uECEAE="}],"owner":{"entity":"user-light@google.com"},"crc32c":"yZRlqg==","etag":"CL3jlsuO2uECEAE="}}'
    headers:
      Alt-Svc:
      - quic=":443"; ma=2592000; v="46,44,43,39"
      Cache-Control:
      - no-cache, no-store, max-age=0, must-revalidate
      Content-Length:
      - "2938"
      Content-Type:
      - application/json; charset=UTF-8
      Date:
      - Thu, 18 Apr 2019 16:58:30 GMT
      Expires:
      - Mon, 01 Jan 1990 00:00:00 GMT
      Pragma:
      - no-cache
      Server:
      - UploadServer
      Vary:
      - Origin
      - X-Origin
      X-Guploader-Customer:
      - apiary_cloudstorage_metadata
      X-Guploader-Request-Result:
      - success
      X-Guploader-Upload-Result:
      - success
      X-Guploader-Uploadid:
      - AEnB2UozLSHhtekk95DC7zgrP84lSF_3GWR6-pvD3dww91YVno_d184nk38hq9AdBiXMXBuyZLG_0_M2ZqRfvAH5eCiciZMTyA
    status: 200 OK
    code: 200
    duration: ""
- request:
    body: ""
    form: {}
    headers:
      User-Agent:
      - google-api-go-client/0.5 go-cloud/blob/0.1.0
      X-Goog-Api-Client:
      - gl-go/1.12.0 gccl/20180226
    url: https://www.googleapis.com/storage/v1/b/go-cloud-blob-test-bucket/o/mydir%2Fas-test-copy?alt=json&prettyPrint=false
    method: DELETE
  response:
    body: ""
    headers:
      Alt-Svc:
      - quic=":443"; ma=2592000; v="46,44,43,39"
      Cache-Control:
      - no-cache, no-store, max-age=0, must-revalidate
      Content-Length:
      - "0"
      Content-Type:
      - application/json
      Date:
      - Thu, 18 Apr 2019 16:58:30 GMT
      Expires:
      - Mon, 01 Jan 1990 00:00:00 GMT
      Pragma:
      - no-cache
      Server:
      - UploadServer
      Vary:
      - Origin
      - X-Origin
      X-Guploader-Customer:
      - apiary_cloudstorage_metadata
      X-Guploader-Request-Result:
      - success
      X-Guploader-Upload-Result:
      - success
      X-Guploader-Uploadid:
      - AEnB2UpXQf_get5vqTXvu7cytJ4SiQtamIbUXSgwEeW-GZX0-pb-TIjKPnhB1VGyfIY-KnIBpBCJAi2FFl_frColcMWhDMrFsQ
    status: 204 No Content
    code: 204
    duration: ""
- request:
    body: ""
    form: {}
    headers:
      User-Agent:
      - google-api-go-client/0.5 go-cloud/blob/0.1.0
      X-Goog-Api-Client:
      - gl-go/1.12.0 gccl/20180226
    url: https://www.googleapis.com/storage/v1/b/go-cloud-blob-test-bucket/o/mydir%2Fas-test?alt=json&prettyPrint=false
    method: DELETE
  response:
    body: ""
    headers:
      Alt-Svc:
      - quic=":443"; ma=2592000; v="46,44,43,39"
      Cache-Control:
      - no-cache, no-store, max-age=0, must-revalidate
      Content-Length:
      - "0"
      Content-Type:
      - application/json
      Date:
      - Thu, 18 Apr 2019 16:58:30 GMT
      Expires:
      - Mon, 01 Jan 1990 00:00:00 GMT
      Pragma:
      - no-cache
      Server:
      - UploadServer
      Vary:
      - Origin
      - X-Origin
      X-Guploader-Customer:
      - apiary_cloudstorage_metadata
      X-Guploader-Request-Result:
      - success
      X-Guploader-Upload-Result:
      - success
      X-Guploader-Uploadid:
      - AEnB2UqD6n_vhkxHZJi2XTizRPyTmYcmNzMUUyahhu__cEGe0-tMZphaG_F4MPbg0udNXG7Mw3Qj8f4mDRmD44qfM7V-TXtGXA
    status: 204 No Content
    code: 204
    duration: ""
