---
version: 1
interactions:
- request:
    body: "--19ae63e76bda832a16cfb2276ee2d51e3a2fb8844e7f9aa12f5491e9e4dd\r\nContent-Type:
      application/json\r\n\r\n{\"bucket\":\"go-cloud-blob-test-bucket\",\"contentType\":\"text/plain;
      charset=utf-8\",\"name\":\"weird-keysfoo\\\"bar\\\"baz\"}\n\r\n--19ae63e76bda832a16cfb2276ee2d51e3a2fb8844e7f9aa12f5491e9e4dd\r\nContent-Type:
      text/plain; charset=utf-8\r\n\r\nhello\r\n--19ae63e76bda832a16cfb2276ee2d51e3a2fb8844e7f9aa12f5491e9e4dd--\r\n"
    form: {}
    headers:
      Content-Type:
      - multipart/related; boundary=19ae63e76bda832a16cfb2276ee2d51e3a2fb8844e7f9aa12f5491e9e4dd
      User-Agent:
      - google-api-go-client/0.5 go-cloud/blob/0.1.0
      X-Goog-Api-Client:
      - gl-go/1.11.2 gccl/20180226
    url: https://www.googleapis.com/upload/storage/v1/b/go-cloud-blob-test-bucket/o?alt=json&prettyPrint=false&projection=full&uploadType=multipart
    method: POST
  response:
    body: '{"kind":"storage#object","id":"go-cloud-blob-test-bucket/weird-keysfoo\"bar\"baz/1547589475295667","selfLink":"https://www.googleapis.com/storage/v1/b/go-cloud-blob-test-bucket/o/weird-keysfoo%22bar%22baz","name":"weird-keysfoo\"bar\"baz","bucket":"go-cloud-blob-test-bucket","generation":"1547589475295667","metageneration":"1","contentType":"text/plain;
      charset=utf-8","timeCreated":"2019-01-15T21:57:55.295Z","updated":"2019-01-15T21:57:55.295Z","storageClass":"REGIONAL","timeStorageClassUpdated":"2019-01-15T21:57:55.295Z","size":"5","md5Hash":"XUFAKrxLKna5cZ2REBfFkg==","mediaLink":"https://www.googleapis.com/download/storage/v1/b/go-cloud-blob-test-bucket/o/weird-keysfoo%22bar%22baz?generation=1547589475295667&alt=media","acl":[{"kind":"storage#objectAccessControl","id":"go-cloud-blob-test-bucket/weird-keysfoo\"bar\"baz/1547589475295667/project-owners-892942638129","selfLink":"https://www.googleapis.com/storage/v1/b/go-cloud-blob-test-bucket/o/weird-keysfoo%22bar%22baz/acl/project-owners-892942638129","bucket":"go-cloud-blob-test-bucket","object":"weird-keysfoo\"bar\"baz","generation":"1547589475295667","entity":"project-owners-892942638129","role":"OWNER","projectTeam":{"projectNumber":"892942638129","team":"owners"},"etag":"CLPDu4fk8N8CEAE="},{"kind":"storage#objectAccessControl","id":"go-cloud-blob-test-bucket/weird-keysfoo\"bar\"baz/1547589475295667/project-editors-892942638129","selfLink":"https://www.googleapis.com/storage/v1/b/go-cloud-blob-test-bucket/o/weird-keysfoo%22bar%22baz/acl/project-editors-892942638129","bucket":"go-cloud-blob-test-bucket","object":"weird-keysfoo\"bar\"baz","generation":"1547589475295667","entity":"project-editors-892942638129","role":"OWNER","projectTeam":{"projectNumber":"892942638129","team":"editors"},"etag":"CLPDu4fk8N8CEAE="},{"kind":"storage#objectAccessControl","id":"go-cloud-blob-test-bucket/weird-keysfoo\"bar\"baz/1547589475295667/project-viewers-892942638129","selfLink":"https://www.googleapis.com/storage/v1/b/go-cloud-blob-test-bucket/o/weird-keysfoo%22bar%22baz/acl/project-viewers-892942638129","bucket":"go-cloud-blob-test-bucket","object":"weird-keysfoo\"bar\"baz","generation":"1547589475295667","entity":"project-viewers-892942638129","role":"READER","projectTeam":{"projectNumber":"892942638129","team":"viewers"},"etag":"CLPDu4fk8N8CEAE="},{"kind":"storage#objectAccessControl","id":"go-cloud-blob-test-bucket/weird-keysfoo\"bar\"baz/1547589475295667/user-rvangent@google.com","selfLink":"https://www.googleapis.com/storage/v1/b/go-cloud-blob-test-bucket/o/weird-keysfoo%22bar%22baz/acl/user-rvangent@google.com","bucket":"go-cloud-blob-test-bucket","object":"weird-keysfoo\"bar\"baz","generation":"1547589475295667","entity":"user-rvangent@google.com","role":"OWNER","email":"rvangent@google.com","etag":"CLPDu4fk8N8CEAE="}],"owner":{"entity":"user-rvangent@google.com"},"crc32c":"mnG7TA==","etag":"CLPDu4fk8N8CEAE="}'
    headers:
      Alt-Svc:
      - quic=":443"; ma=2592000; v="44,43,39,35"
      Cache-Control:
      - no-cache, no-store, max-age=0, must-revalidate
      Content-Length:
      - "2906"
      Content-Type:
      - application/json; charset=UTF-8
      Date:
      - Tue, 15 Jan 2019 21:57:55 GMT
      Etag:
      - CLPDu4fk8N8CEAE=
      Expires:
      - Mon, 01 Jan 1990 00:00:00 GMT
      Pragma:
      - no-cache
      Server:
      - UploadServer
      Vary:
      - Origin
      - X-Origin
      X-Guploader-Customer:
      - apiary_cloudstorage_single_post_uploads
      X-Guploader-Request-Result:
      - success
      X-Guploader-Upload-Result:
      - success
      X-Guploader-Uploadid:
      - AEnB2UoLFfSg5QxgQXkcEkiv40k4iXB8wyGmX5XtP3IwYamF3AtvDNCzL7xEljDsPJ7CcVvXrgLZGxUTQcAmLStXUoaECYGuXQ
    status: 200 OK
    code: 200
    duration: ""
- request:
    body: ""
    form: {}
    headers:
      User-Agent:
      - ' go-cloud/blob/0.1.0'
    url: https://storage.googleapis.com/go-cloud-blob-test-bucket/weird-keysfoo%22bar%22baz
    method: GET
  response:
    body: hello
    headers:
      Accept-Ranges:
      - bytes
      Alt-Svc:
      - quic=":443"; ma=2592000; v="44,43,39,35"
      Cache-Control:
      - private, max-age=0
      Content-Length:
      - "5"
      Content-Type:
      - text/plain; charset=utf-8
      Date:
      - Tue, 15 Jan 2019 21:57:55 GMT
      Etag:
      - '"5d41402abc4b2a76b9719d911017c592"'
      Expires:
      - Tue, 15 Jan 2019 21:57:55 GMT
      Last-Modified:
      - Tue, 15 Jan 2019 21:57:55 GMT
      Server:
      - UploadServer
      X-Goog-Generation:
      - "1547589475295667"
      X-Goog-Hash:
      - crc32c=mnG7TA==
      - md5=XUFAKrxLKna5cZ2REBfFkg==
      X-Goog-Metageneration:
      - "1"
      X-Goog-Storage-Class:
      - REGIONAL
      X-Goog-Stored-Content-Encoding:
      - identity
      X-Goog-Stored-Content-Length:
      - "5"
      X-Guploader-Customer:
      - cloud-storage
      X-Guploader-Request-Result:
      - success
      X-Guploader-Upload-Result:
      - success
      X-Guploader-Uploadid:
      - AEnB2UpGJLvxcKbIuaievNraRonJgWEJKnX579DqtPx1TkHgOveH39rkyD-cRkPx0B_IisnjjbLdQWS9blgYgnEyTdAbUxigfg
    status: 200 OK
    code: 200
    duration: ""
- request:
    body: ""
    form: {}
    headers:
      User-Agent:
      - google-api-go-client/0.5 go-cloud/blob/0.1.0
      X-Goog-Api-Client:
      - gl-go/1.11.2 gccl/20180226
    url: https://www.googleapis.com/storage/v1/b/go-cloud-blob-test-bucket/o?alt=json&delimiter=&maxResults=1000&pageToken=&prefix=weird-keysfoo%22bar%22baz&prettyPrint=false&projection=full&versions=false
    method: GET
  response:
    body: '{"kind":"storage#objects","items":[{"kind":"storage#object","id":"go-cloud-blob-test-bucket/weird-keysfoo\"bar\"baz/1547589475295667","selfLink":"https://www.googleapis.com/storage/v1/b/go-cloud-blob-test-bucket/o/weird-keysfoo%22bar%22baz","name":"weird-keysfoo\"bar\"baz","bucket":"go-cloud-blob-test-bucket","generation":"1547589475295667","metageneration":"1","contentType":"text/plain;
      charset=utf-8","timeCreated":"2019-01-15T21:57:55.295Z","updated":"2019-01-15T21:57:55.295Z","storageClass":"REGIONAL","timeStorageClassUpdated":"2019-01-15T21:57:55.295Z","size":"5","md5Hash":"XUFAKrxLKna5cZ2REBfFkg==","mediaLink":"https://www.googleapis.com/download/storage/v1/b/go-cloud-blob-test-bucket/o/weird-keysfoo%22bar%22baz?generation=1547589475295667&alt=media","acl":[{"kind":"storage#objectAccessControl","id":"go-cloud-blob-test-bucket/weird-keysfoo\"bar\"baz/1547589475295667/project-owners-892942638129","selfLink":"https://www.googleapis.com/storage/v1/b/go-cloud-blob-test-bucket/o/weird-keysfoo%22bar%22baz/acl/project-owners-892942638129","bucket":"go-cloud-blob-test-bucket","object":"weird-keysfoo\"bar\"baz","generation":"1547589475295667","entity":"project-owners-892942638129","role":"OWNER","projectTeam":{"projectNumber":"892942638129","team":"owners"},"etag":"CLPDu4fk8N8CEAE="},{"kind":"storage#objectAccessControl","id":"go-cloud-blob-test-bucket/weird-keysfoo\"bar\"baz/1547589475295667/project-editors-892942638129","selfLink":"https://www.googleapis.com/storage/v1/b/go-cloud-blob-test-bucket/o/weird-keysfoo%22bar%22baz/acl/project-editors-892942638129","bucket":"go-cloud-blob-test-bucket","object":"weird-keysfoo\"bar\"baz","generation":"1547589475295667","entity":"project-editors-892942638129","role":"OWNER","projectTeam":{"projectNumber":"892942638129","team":"editors"},"etag":"CLPDu4fk8N8CEAE="},{"kind":"storage#objectAccessControl","id":"go-cloud-blob-test-bucket/weird-keysfoo\"bar\"baz/1547589475295667/project-viewers-892942638129","selfLink":"https://www.googleapis.com/storage/v1/b/go-cloud-blob-test-bucket/o/weird-keysfoo%22bar%22baz/acl/project-viewers-892942638129","bucket":"go-cloud-blob-test-bucket","object":"weird-keysfoo\"bar\"baz","generation":"1547589475295667","entity":"project-viewers-892942638129","role":"READER","projectTeam":{"projectNumber":"892942638129","team":"viewers"},"etag":"CLPDu4fk8N8CEAE="},{"kind":"storage#objectAccessControl","id":"go-cloud-blob-test-bucket/weird-keysfoo\"bar\"baz/1547589475295667/user-rvangent@google.com","selfLink":"https://www.googleapis.com/storage/v1/b/go-cloud-blob-test-bucket/o/weird-keysfoo%22bar%22baz/acl/user-rvangent@google.com","bucket":"go-cloud-blob-test-bucket","object":"weird-keysfoo\"bar\"baz","generation":"1547589475295667","entity":"user-rvangent@google.com","role":"OWNER","email":"rvangent@google.com","etag":"CLPDu4fk8N8CEAE="}],"owner":{"entity":"user-rvangent@google.com"},"crc32c":"mnG7TA==","etag":"CLPDu4fk8N8CEAE="}]}'
    headers:
      Alt-Svc:
      - quic=":443"; ma=2592000; v="44,43,39,35"
      Cache-Control:
      - private, max-age=0, must-revalidate, no-transform
      Content-Length:
      - "2943"
      Content-Type:
      - application/json; charset=UTF-8
      Date:
      - Tue, 15 Jan 2019 21:57:55 GMT
      Expires:
      - Tue, 15 Jan 2019 21:57:55 GMT
      Server:
      - UploadServer
      Vary:
      - Origin
      - X-Origin
      X-Guploader-Customer:
      - apiary_cloudstorage_metadata
      X-Guploader-Request-Result:
      - success
      X-Guploader-Upload-Result:
      - success
      X-Guploader-Uploadid:
      - AEnB2UoofN40fVl9Mg8yqphjgCyGwZ6Kpb9LWptCfZBO7S0CTD-M9uUyuSFEftm1Smb_nzjvTkSLNRTZVU_phZAzY8eeillH9A
    status: 200 OK
    code: 200
    duration: ""
