---
version: 1
interactions:
- request:
    body: "--be6530f98178c7125b0464fc56d22ad29d48493c1a8958c046d3a095a1ff\r\nContent-Type:
      application/json\r\n\r\n{\"bucket\":\"go-cloud-blob-test-bucket\",\"contentType\":\"text/plain;
      charset=utf-8\",\"name\":\"weird-keys☺☺☺☺☺☺☺☺☺☺\"}\n\r\n--be6530f98178c7125b0464fc56d22ad29d48493c1a8958c046d3a095a1ff\r\nContent-Type:
      text/plain; charset=utf-8\r\n\r\nhello\r\n--be6530f98178c7125b0464fc56d22ad29d48493c1a8958c046d3a095a1ff--\r\n"
    form: {}
    headers:
      Content-Type:
      - multipart/related; boundary=be6530f98178c7125b0464fc56d22ad29d48493c1a8958c046d3a095a1ff
      User-Agent:
      - google-api-go-client/0.5 go-cloud/0.1
      X-Goog-Api-Client:
      - gl-go/1.11.0 gccl/20180226
    url: https://www.googleapis.com/upload/storage/v1/b/go-cloud-blob-test-bucket/o?alt=json&prettyPrint=false&projection=full&uploadType=multipart
    method: POST
  response:
    body: '{"kind":"storage#object","id":"go-cloud-blob-test-bucket/weird-keys☺☺☺☺☺☺☺☺☺☺/1545086980038234","selfLink":"https://www.googleapis.com/storage/v1/b/go-cloud-blob-test-bucket/o/weird-keys%E2%98%BA%E2%98%BA%E2%98%BA%E2%98%BA%E2%98%BA%E2%98%BA%E2%98%BA%E2%98%BA%E2%98%BA%E2%98%BA","name":"weird-keys☺☺☺☺☺☺☺☺☺☺","bucket":"go-cloud-blob-test-bucket","generation":"1545086980038234","metageneration":"1","contentType":"text/plain;
      charset=utf-8","timeCreated":"2018-12-17T22:49:40.037Z","updated":"2018-12-17T22:49:40.037Z","storageClass":"REGIONAL","timeStorageClassUpdated":"2018-12-17T22:49:40.037Z","size":"5","md5Hash":"XUFAKrxLKna5cZ2REBfFkg==","mediaLink":"https://www.googleapis.com/download/storage/v1/b/go-cloud-blob-test-bucket/o/weird-keys%E2%98%BA%E2%98%BA%E2%98%BA%E2%98%BA%E2%98%BA%E2%98%BA%E2%98%BA%E2%98%BA%E2%98%BA%E2%98%BA?generation=1545086980038234&alt=media","acl":[{"kind":"storage#objectAccessControl","id":"go-cloud-blob-test-bucket/weird-keys☺☺☺☺☺☺☺☺☺☺/1545086980038234/project-owners-892942638129","selfLink":"https://www.googleapis.com/storage/v1/b/go-cloud-blob-test-bucket/o/weird-keys%E2%98%BA%E2%98%BA%E2%98%BA%E2%98%BA%E2%98%BA%E2%98%BA%E2%98%BA%E2%98%BA%E2%98%BA%E2%98%BA/acl/project-owners-892942638129","bucket":"go-cloud-blob-test-bucket","object":"weird-keys☺☺☺☺☺☺☺☺☺☺","generation":"1545086980038234","entity":"project-owners-892942638129","role":"OWNER","projectTeam":{"projectNumber":"892942638129","team":"owners"},"etag":"CNq83sT5p98CEAE="},{"kind":"storage#objectAccessControl","id":"go-cloud-blob-test-bucket/weird-keys☺☺☺☺☺☺☺☺☺☺/1545086980038234/project-editors-892942638129","selfLink":"https://www.googleapis.com/storage/v1/b/go-cloud-blob-test-bucket/o/weird-keys%E2%98%BA%E2%98%BA%E2%98%BA%E2%98%BA%E2%98%BA%E2%98%BA%E2%98%BA%E2%98%BA%E2%98%BA%E2%98%BA/acl/project-editors-892942638129","bucket":"go-cloud-blob-test-bucket","object":"weird-keys☺☺☺☺☺☺☺☺☺☺","generation":"1545086980038234","entity":"project-editors-892942638129","role":"OWNER","projectTeam":{"projectNumber":"892942638129","team":"editors"},"etag":"CNq83sT5p98CEAE="},{"kind":"storage#objectAccessControl","id":"go-cloud-blob-test-bucket/weird-keys☺☺☺☺☺☺☺☺☺☺/1545086980038234/project-viewers-892942638129","selfLink":"https://www.googleapis.com/storage/v1/b/go-cloud-blob-test-bucket/o/weird-keys%E2%98%BA%E2%98%BA%E2%98%BA%E2%98%BA%E2%98%BA%E2%98%BA%E2%98%BA%E2%98%BA%E2%98%BA%E2%98%BA/acl/project-viewers-892942638129","bucket":"go-cloud-blob-test-bucket","object":"weird-keys☺☺☺☺☺☺☺☺☺☺","generation":"1545086980038234","entity":"project-viewers-892942638129","role":"READER","projectTeam":{"projectNumber":"892942638129","team":"viewers"},"etag":"CNq83sT5p98CEAE="},{"kind":"storage#objectAccessControl","id":"go-cloud-blob-test-bucket/weird-keys☺☺☺☺☺☺☺☺☺☺/1545086980038234/user-rvangent@google.com","selfLink":"https://www.googleapis.com/storage/v1/b/go-cloud-blob-test-bucket/o/weird-keys%E2%98%BA%E2%98%BA%E2%98%BA%E2%98%BA%E2%98%BA%E2%98%BA%E2%98%BA%E2%98%BA%E2%98%BA%E2%98%BA/acl/user-rvangent@google.com","bucket":"go-cloud-blob-test-bucket","object":"weird-keys☺☺☺☺☺☺☺☺☺☺","generation":"1545086980038234","entity":"user-rvangent@google.com","role":"OWNER","email":"rvangent@google.com","etag":"CNq83sT5p98CEAE="}],"owner":{"entity":"user-rvangent@google.com"},"crc32c":"mnG7TA==","etag":"CNq83sT5p98CEAE="}'
    headers:
      Alt-Svc:
      - quic=":443"; ma=2592000; v="44,43,39,35"
      Cache-Control:
      - no-cache, no-store, max-age=0, must-revalidate
      Content-Length:
      - "3526"
      Content-Type:
      - application/json; charset=UTF-8
      Date:
      - Mon, 17 Dec 2018 22:49:40 GMT
      Etag:
      - CNq83sT5p98CEAE=
      Expires:
      - Mon, 01 Jan 1990 00:00:00 GMT
      Pragma:
      - no-cache
      Server:
      - UploadServer
      Vary:
      - Origin
      - X-Origin
      X-Guploader-Customer:
      - apiary_cloudstorage_single_post_uploads
      X-Guploader-Request-Result:
      - success
      X-Guploader-Upload-Result:
      - success
      X-Guploader-Uploadid:
      - AEnB2UqE55-GwcLUKhMupwDCAaJyJa4wlYYApHv-PWtyfreuUkYvM_Bv1EGQC6XLNrZwqGxuPZ8ce1UyILL3VuTMCbrPE71tlw
    status: 200 OK
    code: 200
    duration: ""
- request:
    body: ""
    form: {}
    headers:
      User-Agent:
      - ' go-cloud/0.1'
    url: https://storage.googleapis.com/go-cloud-blob-test-bucket/weird-keys%E2%98%BA%E2%98%BA%E2%98%BA%E2%98%BA%E2%98%BA%E2%98%BA%E2%98%BA%E2%98%BA%E2%98%BA%E2%98%BA
    method: GET
  response:
    body: hello
    headers:
      Accept-Ranges:
      - bytes
      Alt-Svc:
      - quic=":443"; ma=2592000; v="44,43,39,35"
      Cache-Control:
      - private, max-age=0
      Content-Length:
      - "5"
      Content-Type:
      - text/plain; charset=utf-8
      Date:
      - Mon, 17 Dec 2018 22:49:40 GMT
      Etag:
      - '"5d41402abc4b2a76b9719d911017c592"'
      Expires:
      - Mon, 17 Dec 2018 22:49:40 GMT
      Last-Modified:
      - Mon, 17 Dec 2018 22:49:40 GMT
      Server:
      - UploadServer
      X-Goog-Generation:
      - "1545086980038234"
      X-Goog-Hash:
      - crc32c=mnG7TA==
      - md5=XUFAKrxLKna5cZ2REBfFkg==
      X-Goog-Metageneration:
      - "1"
      X-Goog-Storage-Class:
      - REGIONAL
      X-Goog-Stored-Content-Encoding:
      - identity
      X-Goog-Stored-Content-Length:
      - "5"
      X-Guploader-Customer:
      - cloud-storage
      X-Guploader-Request-Result:
      - success
      X-Guploader-Upload-Result:
      - success
      X-Guploader-Uploadid:
      - AEnB2UpMsCKqJQrHbYPtqrVEEgbqJBGUEzEhIzz5mgis00BfWHmIoSobl_CESjBQ4Yayop7XCWard5TXrjprYOh39qsGffQ_mA
    status: 200 OK
    code: 200
    duration: ""
- request:
    body: ""
    form: {}
    headers:
      User-Agent:
      - google-api-go-client/0.5 go-cloud/0.1
      X-Goog-Api-Client:
      - gl-go/1.11.0 gccl/20180226
    url: https://www.googleapis.com/storage/v1/b/go-cloud-blob-test-bucket/o?alt=json&delimiter=&maxResults=1000&pageToken=&prefix=weird-keys%E2%98%BA%E2%98%BA%E2%98%BA%E2%98%BA%E2%98%BA%E2%98%BA%E2%98%BA%E2%98%BA%E2%98%BA%E2%98%BA&prettyPrint=false&projection=full&versions=false
    method: GET
  response:
    body: '{"kind":"storage#objects","items":[{"kind":"storage#object","id":"go-cloud-blob-test-bucket/weird-keys☺☺☺☺☺☺☺☺☺☺/1545086980038234","selfLink":"https://www.googleapis.com/storage/v1/b/go-cloud-blob-test-bucket/o/weird-keys%E2%98%BA%E2%98%BA%E2%98%BA%E2%98%BA%E2%98%BA%E2%98%BA%E2%98%BA%E2%98%BA%E2%98%BA%E2%98%BA","name":"weird-keys☺☺☺☺☺☺☺☺☺☺","bucket":"go-cloud-blob-test-bucket","generation":"1545086980038234","metageneration":"1","contentType":"text/plain;
      charset=utf-8","timeCreated":"2018-12-17T22:49:40.037Z","updated":"2018-12-17T22:49:40.037Z","storageClass":"REGIONAL","timeStorageClassUpdated":"2018-12-17T22:49:40.037Z","size":"5","md5Hash":"XUFAKrxLKna5cZ2REBfFkg==","mediaLink":"https://www.googleapis.com/download/storage/v1/b/go-cloud-blob-test-bucket/o/weird-keys%E2%98%BA%E2%98%BA%E2%98%BA%E2%98%BA%E2%98%BA%E2%98%BA%E2%98%BA%E2%98%BA%E2%98%BA%E2%98%BA?generation=1545086980038234&alt=media","acl":[{"kind":"storage#objectAccessControl","id":"go-cloud-blob-test-bucket/weird-keys☺☺☺☺☺☺☺☺☺☺/1545086980038234/project-owners-892942638129","selfLink":"https://www.googleapis.com/storage/v1/b/go-cloud-blob-test-bucket/o/weird-keys%E2%98%BA%E2%98%BA%E2%98%BA%E2%98%BA%E2%98%BA%E2%98%BA%E2%98%BA%E2%98%BA%E2%98%BA%E2%98%BA/acl/project-owners-892942638129","bucket":"go-cloud-blob-test-bucket","object":"weird-keys☺☺☺☺☺☺☺☺☺☺","generation":"1545086980038234","entity":"project-owners-892942638129","role":"OWNER","projectTeam":{"projectNumber":"892942638129","team":"owners"},"etag":"CNq83sT5p98CEAE="},{"kind":"storage#objectAccessControl","id":"go-cloud-blob-test-bucket/weird-keys☺☺☺☺☺☺☺☺☺☺/1545086980038234/project-editors-892942638129","selfLink":"https://www.googleapis.com/storage/v1/b/go-cloud-blob-test-bucket/o/weird-keys%E2%98%BA%E2%98%BA%E2%98%BA%E2%98%BA%E2%98%BA%E2%98%BA%E2%98%BA%E2%98%BA%E2%98%BA%E2%98%BA/acl/project-editors-892942638129","bucket":"go-cloud-blob-test-bucket","object":"weird-keys☺☺☺☺☺☺☺☺☺☺","generation":"1545086980038234","entity":"project-editors-892942638129","role":"OWNER","projectTeam":{"projectNumber":"892942638129","team":"editors"},"etag":"CNq83sT5p98CEAE="},{"kind":"storage#objectAccessControl","id":"go-cloud-blob-test-bucket/weird-keys☺☺☺☺☺☺☺☺☺☺/1545086980038234/project-viewers-892942638129","selfLink":"https://www.googleapis.com/storage/v1/b/go-cloud-blob-test-bucket/o/weird-keys%E2%98%BA%E2%98%BA%E2%98%BA%E2%98%BA%E2%98%BA%E2%98%BA%E2%98%BA%E2%98%BA%E2%98%BA%E2%98%BA/acl/project-viewers-892942638129","bucket":"go-cloud-blob-test-bucket","object":"weird-keys☺☺☺☺☺☺☺☺☺☺","generation":"1545086980038234","entity":"project-viewers-892942638129","role":"READER","projectTeam":{"projectNumber":"892942638129","team":"viewers"},"etag":"CNq83sT5p98CEAE="},{"kind":"storage#objectAccessControl","id":"go-cloud-blob-test-bucket/weird-keys☺☺☺☺☺☺☺☺☺☺/1545086980038234/user-rvangent@google.com","selfLink":"https://www.googleapis.com/storage/v1/b/go-cloud-blob-test-bucket/o/weird-keys%E2%98%BA%E2%98%BA%E2%98%BA%E2%98%BA%E2%98%BA%E2%98%BA%E2%98%BA%E2%98%BA%E2%98%BA%E2%98%BA/acl/user-rvangent@google.com","bucket":"go-cloud-blob-test-bucket","object":"weird-keys☺☺☺☺☺☺☺☺☺☺","generation":"1545086980038234","entity":"user-rvangent@google.com","role":"OWNER","email":"rvangent@google.com","etag":"CNq83sT5p98CEAE="}],"owner":{"entity":"user-rvangent@google.com"},"crc32c":"mnG7TA==","etag":"CNq83sT5p98CEAE="}]}'
    headers:
      Alt-Svc:
      - quic=":443"; ma=2592000; v="44,43,39,35"
      Cache-Control:
      - private, max-age=0, must-revalidate, no-transform
      Content-Length:
      - "3563"
      Content-Type:
      - application/json; charset=UTF-8
      Date:
      - Mon, 17 Dec 2018 22:49:40 GMT
      Expires:
      - Mon, 17 Dec 2018 22:49:40 GMT
      Server:
      - UploadServer
      Vary:
      - Origin
      - X-Origin
      X-Guploader-Customer:
      - apiary_cloudstorage_metadata
      X-Guploader-Request-Result:
      - success
      X-Guploader-Upload-Result:
      - success
      X-Guploader-Uploadid:
      - AEnB2UpOgh47NH0xzfgwowdm-Hrfo3XAq3eQwLW2O6S37RSlyrOIn3QjV0H4dV3B9s8ESIN-hyhie2nYbhhe1D3rcm5jqX416Q
    status: 200 OK
    code: 200
    duration: ""
