---
version: 1
interactions:
- request:
    body: hello world
    form: {}
    headers:
      Content-Length:
      - "11"
      User-Agent:
      - X-Az-Target Azure-Storage/0.3 (go1.11.2; Windows_NT)
      X-Ms-Blob-Cache-Control:
      - ""
      X-Ms-Blob-Content-Disposition:
      - ""
      X-Ms-Blob-Content-Encoding:
      - ""
      X-Ms-Blob-Content-Language:
      - ""
      X-Ms-Blob-Content-Type:
      - text/plain; charset=utf-8
      X-Ms-Blob-Type:
      - BlockBlob
      X-Ms-Client-Request-Id:
      - 4dd22e8c-2c5e-47d9-4164-469f93cab6ee
      X-Ms-Version:
      - "2018-03-28"
      x-ms-date:
      - Fri, 21 Dec 2018 02:13:44 GMT
    url: https://gocloud.blob.core.windows.net/go-cloud-bucket/blob-for-canceled-write?timeout=4
    method: PUT
  response:
    body: ""
    headers:
      Content-Md5:
      - XrY7u+Ae7tCTyyK7j1rNww==
      Date:
      - Fri, 21 Dec 2018 02:13:43 GMT
      Etag:
      - '"0x8D666E9EF3436F4"'
      Last-Modified:
      - Fri, 21 Dec 2018 02:13:44 GMT
      Server:
      - Windows-Azure-Blob/1.0 Microsoft-HTTPAPI/2.0
      X-Ms-Request-Id:
      - 58f279bb-b01e-0056-03d2-980ec3000000
      X-Ms-Request-Server-Encrypted:
      - "true"
      X-Ms-Version:
      - "2018-03-28"
    status: 201 Created
    code: 201
    duration: ""
- request:
    body: ""
    form: {}
    headers:
      User-Agent:
      - X-Az-Target Azure-Storage/0.3 (go1.11.2; Windows_NT)
      X-Ms-Client-Request-Id:
      - 4701b726-4e89-4634-7cf8-bfa4e70e423d
      X-Ms-Version:
      - "2018-03-28"
      x-ms-date:
      - Fri, 21 Dec 2018 02:13:44 GMT
    url: https://gocloud.blob.core.windows.net/go-cloud-bucket/blob-for-canceled-write?timeout=4
    method: GET
  response:
    body: hello world
    headers:
      Accept-Ranges:
      - bytes
      Content-Disposition:
      - ""
      Content-Length:
      - "11"
      Content-Md5:
      - XrY7u+Ae7tCTyyK7j1rNww==
      Content-Type:
      - text/plain; charset=utf-8
      Date:
      - Fri, 21 Dec 2018 02:13:43 GMT
      Etag:
      - '"0x8D666E9EF3436F4"'
      Last-Modified:
      - Fri, 21 Dec 2018 02:13:44 GMT
      Server:
      - Windows-Azure-Blob/1.0 Microsoft-HTTPAPI/2.0
      X-Ms-Blob-Type:
      - BlockBlob
      X-Ms-Creation-Time:
      - Fri, 21 Dec 2018 02:13:44 GMT
      X-Ms-Lease-State:
      - available
      X-Ms-Lease-Status:
      - unlocked
      X-Ms-Request-Id:
      - 58f279c3-b01e-0056-0ad2-980ec3000000
      X-Ms-Server-Encrypted:
      - "true"
      X-Ms-Version:
      - "2018-03-28"
    status: 200 OK
    code: 200
    duration: ""
- request:
    body: ""
    form: {}
    headers:
      User-Agent:
      - X-Az-Target Azure-Storage/0.3 (go1.11.2; Windows_NT)
      X-Ms-Client-Request-Id:
      - 2754f76d-c8e8-4783-5704-cf634199577b
      X-Ms-Version:
      - "2018-03-28"
      x-ms-date:
      - Fri, 21 Dec 2018 02:13:44 GMT
    url: https://gocloud.blob.core.windows.net/go-cloud-bucket/blob-for-canceled-write?timeout=4
    method: GET
  response:
    body: hello world
    headers:
      Accept-Ranges:
      - bytes
      Content-Disposition:
      - ""
      Content-Length:
      - "11"
      Content-Md5:
      - XrY7u+Ae7tCTyyK7j1rNww==
      Content-Type:
      - text/plain; charset=utf-8
      Date:
      - Fri, 21 Dec 2018 02:13:43 GMT
      Etag:
      - '"0x8D666E9EF3436F4"'
      Last-Modified:
      - Fri, 21 Dec 2018 02:13:44 GMT
      Server:
      - Windows-Azure-Blob/1.0 Microsoft-HTTPAPI/2.0
      X-Ms-Blob-Type:
      - BlockBlob
      X-Ms-Creation-Time:
      - Fri, 21 Dec 2018 02:13:44 GMT
      X-Ms-Lease-State:
      - available
      X-Ms-Lease-Status:
      - unlocked
      X-Ms-Request-Id:
      - 58f279cc-b01e-0056-0fd2-980ec3000000
      X-Ms-Server-Encrypted:
      - "true"
      X-Ms-Version:
      - "2018-03-28"
    status: 200 OK
    code: 200
    duration: ""
- request:
    body: ""
    form: {}
    headers:
      User-Agent:
      - X-Az-Target Azure-Storage/0.3 (go1.11.2; Windows_NT)
      X-Ms-Client-Request-Id:
      - cbdf114e-1fa2-433f-59f7-618c695c62b0
      X-Ms-Delete-Snapshots:
      - include
      X-Ms-Version:
      - "2018-03-28"
      x-ms-date:
      - Fri, 21 Dec 2018 02:13:44 GMT
    url: https://gocloud.blob.core.windows.net/go-cloud-bucket/blob-for-canceled-write?timeout=4
    method: DELETE
  response:
    body: ""
    headers:
      Date:
      - Fri, 21 Dec 2018 02:13:43 GMT
      Server:
      - Windows-Azure-Blob/1.0 Microsoft-HTTPAPI/2.0
      X-Ms-Delete-Type-Permanent:
      - "true"
      X-Ms-Request-Id:
      - 58f279ce-b01e-0056-11d2-980ec3000000
      X-Ms-Version:
      - "2018-03-28"
    status: 202 Accepted
    code: 202
    duration: ""
