---
version: 1
interactions:
- request:
    body: hello world
    form: {}
    headers:
      Content-Length:
      - "11"
      User-Agent:
      - X-Az-Target Azure-Storage/0.3 (go1.11.2; Windows_NT)
      X-Ms-Blob-Cache-Control:
      - ""
      X-Ms-Blob-Content-Disposition:
      - ""
      X-Ms-Blob-Content-Encoding:
      - ""
      X-Ms-Blob-Content-Language:
      - ""
      X-Ms-Blob-Content-Type:
      - text/plain; charset=utf-8
      X-Ms-Blob-Type:
      - BlockBlob
      X-Ms-Client-Request-Id:
      - e6560b49-ed44-45f7-6134-a2a4530fbc97
      X-Ms-Version:
      - "2018-03-28"
      x-ms-date:
      - Thu, 20 Dec 2018 21:04:12 GMT
    url: https://gocloud.blob.core.windows.net/go-cloud-bucket/blob-for-canceled-write?timeout=4
    method: PUT
  response:
    body: ""
    headers:
      Content-Md5:
      - XrY7u+Ae7tCTyyK7j1rNww==
      Date:
      - Thu, 20 Dec 2018 21:04:12 GMT
      Etag:
      - '"0x8D666BEB19B5E3F"'
      Last-Modified:
      - Thu, 20 Dec 2018 21:04:12 GMT
      Server:
      - Windows-Azure-Blob/1.0 Microsoft-HTTPAPI/2.0
      X-Ms-Request-Id:
      - 48aba15e-301e-00ed-66a7-98ef37000000
      X-Ms-Request-Server-Encrypted:
      - "true"
      X-Ms-Version:
      - "2018-03-28"
    status: 201 Created
    code: 201
    duration: ""
- request:
    body: ""
    form: {}
    headers:
      User-Agent:
      - X-Az-Target Azure-Storage/0.3 (go1.11.2; Windows_NT)
      X-Ms-Client-Request-Id:
      - b0fc83db-1b0e-4ded-7a91-939dc857e024
      X-Ms-Version:
      - "2018-03-28"
      x-ms-date:
      - Thu, 20 Dec 2018 21:04:12 GMT
    url: https://gocloud.blob.core.windows.net/go-cloud-bucket/blob-for-canceled-write?timeout=4
    method: GET
  response:
    body: hello world
    headers:
      Accept-Ranges:
      - bytes
      Content-Disposition:
      - ""
      Content-Length:
      - "11"
      Content-Md5:
      - XrY7u+Ae7tCTyyK7j1rNww==
      Content-Type:
      - text/plain; charset=utf-8
      Date:
      - Thu, 20 Dec 2018 21:04:12 GMT
      Etag:
      - '"0x8D666BEB19B5E3F"'
      Last-Modified:
      - Thu, 20 Dec 2018 21:04:12 GMT
      Server:
      - Windows-Azure-Blob/1.0 Microsoft-HTTPAPI/2.0
      X-Ms-Blob-Type:
      - BlockBlob
      X-Ms-Creation-Time:
      - Thu, 20 Dec 2018 21:04:12 GMT
      X-Ms-Lease-State:
      - available
      X-Ms-Lease-Status:
      - unlocked
      X-Ms-Request-Id:
      - 48aba170-301e-00ed-76a7-98ef37000000
      X-Ms-Server-Encrypted:
      - "true"
      X-Ms-Version:
      - "2018-03-28"
    status: 200 OK
    code: 200
    duration: ""
- request:
    body: ""
    form: {}
    headers:
      User-Agent:
      - X-Az-Target Azure-Storage/0.3 (go1.11.2; Windows_NT)
      X-Ms-Client-Request-Id:
      - 138662c0-3236-45c2-5eb4-c1acc6766803
      X-Ms-Version:
      - "2018-03-28"
      x-ms-date:
      - Thu, 20 Dec 2018 21:04:12 GMT
    url: https://gocloud.blob.core.windows.net/go-cloud-bucket/blob-for-canceled-write?timeout=4
    method: GET
  response:
    body: hello world
    headers:
      Accept-Ranges:
      - bytes
      Content-Disposition:
      - ""
      Content-Length:
      - "11"
      Content-Md5:
      - XrY7u+Ae7tCTyyK7j1rNww==
      Content-Type:
      - text/plain; charset=utf-8
      Date:
      - Thu, 20 Dec 2018 21:04:12 GMT
      Etag:
      - '"0x8D666BEB19B5E3F"'
      Last-Modified:
      - Thu, 20 Dec 2018 21:04:12 GMT
      Server:
      - Windows-Azure-Blob/1.0 Microsoft-HTTPAPI/2.0
      X-Ms-Blob-Type:
      - BlockBlob
      X-Ms-Creation-Time:
      - Thu, 20 Dec 2018 21:04:12 GMT
      X-Ms-Lease-State:
      - available
      X-Ms-Lease-Status:
      - unlocked
      X-Ms-Request-Id:
      - 48aba176-301e-00ed-7ba7-98ef37000000
      X-Ms-Server-Encrypted:
      - "true"
      X-Ms-Version:
      - "2018-03-28"
    status: 200 OK
    code: 200
    duration: ""
- request:
    body: ""
    form: {}
    headers:
      User-Agent:
      - X-Az-Target Azure-Storage/0.3 (go1.11.2; Windows_NT)
      X-Ms-Client-Request-Id:
      - b08eda41-47e1-414e-47ac-f01b5a1403e8
      X-Ms-Delete-Snapshots:
      - include
      X-Ms-Version:
      - "2018-03-28"
      x-ms-date:
      - Thu, 20 Dec 2018 21:04:12 GMT
    url: https://gocloud.blob.core.windows.net/go-cloud-bucket/blob-for-canceled-write?timeout=4
    method: DELETE
  response:
    body: ""
    headers:
      Date:
      - Thu, 20 Dec 2018 21:04:12 GMT
      Server:
      - Windows-Azure-Blob/1.0 Microsoft-HTTPAPI/2.0
      X-Ms-Delete-Type-Permanent:
      - "true"
      X-Ms-Request-Id:
      - 48aba177-301e-00ed-7ca7-98ef37000000
      X-Ms-Version:
      - "2018-03-28"
    status: 202 Accepted
    code: 202
    duration: ""
