---
version: 1
interactions:
- request:
    body: Hello World!
    form: {}
    headers:
      Content-Length:
      - "12"
      Content-Md5:
      - 7Qdih1MuhjZehB6Sv8UNjA==
      Content-Type:
      - text/plain
      User-Agent:
      - aws-sdk-go/1.13.20 (devel +b8669ef1ce; linux; amd64) S3Manager
      X-Amz-Content-Sha256:
      - 7f83b1657ff1fc53b92dc18148a1d65dfc2d4b1fa3d677284addd200126d9069
      X-Amz-Date:
      - 20180817T000235Z
    url: https://go-cloud-bucket.s3.us-east-2.amazonaws.com/blob-for-attributes
    method: PUT
  response:
    body: ""
    headers:
      Content-Length:
      - "0"
      Date:
      - Fri, 17 Aug 2018 00:02:36 GMT
      Etag:
      - '"ed076287532e86365e841e92bfc50d8c"'
      Server:
      - AmazonS3
      X-Amz-Id-2:
      - 67AwUND3G5kbNyM4JnBzjYdX2fI3y7D3py5pWRa1u7ASLKuwBUTXeZxmHpvN7hPXAq+2Cixan8M=
      X-Amz-Request-Id:
      - 6F812BDD625BF628
    status: 200 OK
    code: 200
    duration: ""
- request:
    body: ""
    form: {}
    headers:
      Range:
      - bytes=0-0
      User-Agent:
      - aws-sdk-go/1.13.20 (devel +b8669ef1ce; linux; amd64)
      X-Amz-Content-Sha256:
      - e3b0c44298fc1c149afbf4c8996fb92427ae41e4649b934ca495991b7852b855
      X-Amz-Date:
      - 20180817T000235Z
    url: https://go-cloud-bucket.s3.us-east-2.amazonaws.com/blob-for-attributes
    method: GET
  response:
    body: H
    headers:
      Accept-Ranges:
      - bytes
      Content-Length:
      - "1"
      Content-Range:
      - bytes 0-0/12
      Content-Type:
      - text/plain
      Date:
      - Fri, 17 Aug 2018 00:02:36 GMT
      Etag:
      - '"ed076287532e86365e841e92bfc50d8c"'
      Last-Modified:
      - Fri, 17 Aug 2018 00:02:36 GMT
      Server:
      - AmazonS3
      X-Amz-Id-2:
      - AsiByXGN7BfjMjmqwfHHs8lnsI3qy004IPQo+p5QReSx/IrTtOaDa5kbddpGTcuX+YjRJ1QvMXM=
      X-Amz-Request-Id:
      - C6E6C39A843955E5
    status: 206 Partial Content
    code: 206
    duration: ""
- request:
    body: ""
    form: {}
    headers:
      Content-Md5:
      - 1B2M2Y8AsgTpgAmY7PhCfg==
      Content-Type:
      - text/plain; charset=utf-8
      User-Agent:
      - aws-sdk-go/1.13.20 (devel +b8669ef1ce; linux; amd64) S3Manager
      X-Amz-Content-Sha256:
      - e3b0c44298fc1c149afbf4c8996fb92427ae41e4649b934ca495991b7852b855
      X-Amz-Date:
      - 20180817T000237Z
    url: https://go-cloud-bucket.s3.us-east-2.amazonaws.com/blob-for-attributes
    method: PUT
  response:
    body: ""
    headers:
      Content-Length:
      - "0"
      Date:
      - Fri, 17 Aug 2018 00:02:38 GMT
      Etag:
      - '"d41d8cd98f00b204e9800998ecf8427e"'
      Server:
      - AmazonS3
      X-Amz-Id-2:
      - 4dX74gRmxYBo8A3UJhe8xzbtH+KJSL8aPfZ5vX2e63aKYqbVzI7cv6fROQoSvil2OWjyn3LP4g4=
      X-Amz-Request-Id:
      - 6AE4FAE474C11CA2
    status: 200 OK
    code: 200
    duration: ""
- request:
    body: ""
    form: {}
    headers:
      User-Agent:
      - aws-sdk-go/1.13.20 (devel +b8669ef1ce; linux; amd64)
      X-Amz-Content-Sha256:
      - e3b0c44298fc1c149afbf4c8996fb92427ae41e4649b934ca495991b7852b855
      X-Amz-Date:
      - 20180817T000237Z
    url: https://go-cloud-bucket.s3.us-east-2.amazonaws.com/blob-for-attributes
    method: HEAD
  response:
    body: ""
    headers:
      Accept-Ranges:
      - bytes
      Content-Length:
      - "0"
      Content-Type:
      - text/plain; charset=utf-8
      Date:
      - Fri, 17 Aug 2018 00:02:38 GMT
      Etag:
      - '"d41d8cd98f00b204e9800998ecf8427e"'
      Last-Modified:
      - Fri, 17 Aug 2018 00:02:38 GMT
      Server:
      - AmazonS3
      X-Amz-Id-2:
      - U1z7/bFuHloo9HL69S7P83N0PYd90cD5HK33beahL4DZ/nacdSPoWdFfwt48ioiuV8bdhS5Q0os=
      X-Amz-Request-Id:
      - 98F36BDE9D88CB7C
    status: 200 OK
    code: 200
    duration: ""
- request:
    body: ""
    form: {}
    headers:
      User-Agent:
      - aws-sdk-go/1.13.20 (devel +b8669ef1ce; linux; amd64)
      X-Amz-Content-Sha256:
      - e3b0c44298fc1c149afbf4c8996fb92427ae41e4649b934ca495991b7852b855
      X-Amz-Date:
      - 20180817T000237Z
    url: https://go-cloud-bucket.s3.us-east-2.amazonaws.com/blob-for-attributes
    method: HEAD
  response:
    body: ""
    headers:
      Accept-Ranges:
      - bytes
      Content-Length:
      - "0"
      Content-Type:
      - text/plain; charset=utf-8
      Date:
      - Fri, 17 Aug 2018 00:02:38 GMT
      Etag:
      - '"d41d8cd98f00b204e9800998ecf8427e"'
      Last-Modified:
      - Fri, 17 Aug 2018 00:02:38 GMT
      Server:
      - AmazonS3
      X-Amz-Id-2:
      - rB+wHUCFWo8O1GQCHe5KVfMponxFklWS/sqc7U+LRGviVfZdPzzFC0MtYhwhN7efTzoiwzNK4YE=
      X-Amz-Request-Id:
      - 3248DE661C94887C
    status: 200 OK
    code: 200
    duration: ""
- request:
    body: ""
    form: {}
    headers:
      User-Agent:
      - aws-sdk-go/1.13.20 (devel +b8669ef1ce; linux; amd64)
      X-Amz-Content-Sha256:
      - e3b0c44298fc1c149afbf4c8996fb92427ae41e4649b934ca495991b7852b855
      X-Amz-Date:
      - 20180817T000237Z
    url: https://go-cloud-bucket.s3.us-east-2.amazonaws.com/blob-for-attributes
    method: DELETE
  response:
    body: ""
    headers:
      Date:
      - Fri, 17 Aug 2018 00:02:38 GMT
      Server:
      - AmazonS3
      X-Amz-Id-2:
      - j7GIURAMt8Ezb/W9JMBrlf2o1hIK8VcvkjdguY1ayNcpuYB8UUDLQtHUSIltzSPAQN2SaNtIe7g=
      X-Amz-Request-Id:
      - E4FD47E555A0FBC8
    status: 204 No Content
    code: 204
    duration: ""
