---
version: 1
mu: {}
interactions:
- request:
    body: something worth reading
    form: {}
    headers:
      Content-Length:
      - "23"
      Content-Md5:
      - 5ujT6idN9WBkeGVd9yo9Fg==
      User-Agent:
      - aws-sdk-go/1.13.41 (go1.10.2; linux; amd64) S3Manager
      X-Amz-Content-Sha256:
      - c489c160c675493414c6e61af2b4d4c5e7c75dd35fdf73e7a16b5dccad1f129c
      X-Amz-Date:
      - 20180525T194405Z
      X-Gocloud-Seq:
      - "0"
    url: https://s3.us-east-2.amazonaws.com/oh.test.psp/test_read
    method: PUT
  response:
    body: ""
    headers:
      Content-Length:
      - "0"
      Date:
      - Fri, 25 May 2018 19:44:06 GMT
      Etag:
      - '"e6e8d3ea274df5606478655df72a3d16"'
      Server:
      - AmazonS3
      X-Amz-Id-2:
      - CM5rhV8JY5G6mvYIqcGygG3KbnOACz3lEa99nbgbs3i7xD98axmbUHzBjIe/T72s2qrlvRYnmNk=
      X-Amz-Request-Id:
      - 4A4982A8271D1F5F
    status: 200 OK
    code: 200
    duration: ""
- request:
    body: ""
    form: {}
    headers:
      User-Agent:
      - aws-sdk-go/1.13.41 (go1.10.2; linux; amd64)
      X-Amz-Content-Sha256:
      - e3b0c44298fc1c149afbf4c8996fb92427ae41e4649b934ca495991b7852b855
      X-Amz-Date:
      - 20180525T194405Z
      X-Gocloud-Seq:
      - "1"
    url: https://s3.us-east-2.amazonaws.com/oh.test.psp/test_read
    method: HEAD
  response:
    body: ""
    headers:
      Accept-Ranges:
      - bytes
      Content-Length:
      - "23"
      Content-Type:
      - binary/octet-stream
      Date:
      - Fri, 25 May 2018 19:44:06 GMT
      Etag:
      - '"e6e8d3ea274df5606478655df72a3d16"'
      Last-Modified:
      - Fri, 25 May 2018 19:44:06 GMT
      Server:
      - AmazonS3
      X-Amz-Id-2:
      - PTRkOf31KrfR1/I/VZA3pgAyfBYsZzVclz+8GoUy0m17urtfEfYKWV3DBh2XV1wE2UdU5yG8Gmc=
      X-Amz-Request-Id:
      - 053EB5AB0439A25A
    status: 200 OK
    code: 200
    duration: ""
- request:
    body: ""
    form: {}
    headers:
      Range:
      - bytes=10-
      User-Agent:
      - aws-sdk-go/1.13.41 (go1.10.2; linux; amd64)
      X-Amz-Content-Sha256:
      - e3b0c44298fc1c149afbf4c8996fb92427ae41e4649b934ca495991b7852b855
      X-Amz-Date:
      - 20180525T194406Z
      X-Gocloud-Seq:
      - "2"
    url: https://s3.us-east-2.amazonaws.com/oh.test.psp/test_read
    method: GET
  response:
    body: worth reading
    headers:
      Accept-Ranges:
      - bytes
      Content-Length:
      - "13"
      Content-Range:
      - bytes 10-22/23
      Content-Type:
      - binary/octet-stream
      Date:
      - Fri, 25 May 2018 19:44:07 GMT
      Etag:
      - '"e6e8d3ea274df5606478655df72a3d16"'
      Last-Modified:
      - Fri, 25 May 2018 19:44:06 GMT
      Server:
      - AmazonS3
      X-Amz-Id-2:
      - U/sU5/SVPPXZR+Etd1WqN2T/aQFdqgBXgY/zhq9IYRhjSq3/5wUQdufbG0TIlSPdYeZomt3mZ4Q=
      X-Amz-Request-Id:
      - C6D2B8D5F5A1CB2E
    status: 206 Partial Content
    code: 206
    duration: ""
- request:
    body: ""
    form: {}
    headers:
      Range:
      - bytes=10-14
      User-Agent:
      - aws-sdk-go/1.13.41 (go1.10.2; linux; amd64)
      X-Amz-Content-Sha256:
      - e3b0c44298fc1c149afbf4c8996fb92427ae41e4649b934ca495991b7852b855
      X-Amz-Date:
      - 20180525T194406Z
      X-Gocloud-Seq:
      - "3"
    url: https://s3.us-east-2.amazonaws.com/oh.test.psp/test_read
    method: GET
  response:
    body: worth
    headers:
      Accept-Ranges:
      - bytes
      Content-Length:
      - "5"
      Content-Range:
      - bytes 10-14/23
      Content-Type:
      - binary/octet-stream
      Date:
      - Fri, 25 May 2018 19:44:07 GMT
      Etag:
      - '"e6e8d3ea274df5606478655df72a3d16"'
      Last-Modified:
      - Fri, 25 May 2018 19:44:06 GMT
      Server:
      - AmazonS3
      X-Amz-Id-2:
      - r8M2YfDMGKYeg6bHXSlSbyid0U145jxqEwulU9SJG7D0wxTnpQNZyvCoUoqj2vjm4wNpM0Fe8uE=
      X-Amz-Request-Id:
      - 772730694285F604
    status: 206 Partial Content
    code: 206
    duration: ""
- request:
    body: ""
    form: {}
    headers:
      User-Agent:
      - aws-sdk-go/1.13.41 (go1.10.2; linux; amd64)
      X-Amz-Content-Sha256:
      - e3b0c44298fc1c149afbf4c8996fb92427ae41e4649b934ca495991b7852b855
      X-Amz-Date:
      - 20180525T194406Z
      X-Gocloud-Seq:
      - "4"
    url: https://s3.us-east-2.amazonaws.com/oh.test.psp/test_read
    method: GET
  response:
    body: something worth reading
    headers:
      Accept-Ranges:
      - bytes
      Content-Length:
      - "23"
      Content-Type:
      - binary/octet-stream
      Date:
      - Fri, 25 May 2018 19:44:07 GMT
      Etag:
      - '"e6e8d3ea274df5606478655df72a3d16"'
      Last-Modified:
      - Fri, 25 May 2018 19:44:06 GMT
      Server:
      - AmazonS3
      X-Amz-Id-2:
      - xJNBWh/NxLzvz1J2Dt+looiQoBzZYiH4O4wT8px93IKeqyAETrs0eWRBWtgV8mLbux7v/jCp7Ss=
      X-Amz-Request-Id:
      - 415BEF6B96AA12B2
    status: 200 OK
    code: 200
    duration: ""
- request:
    body: HELLO!hello!
    form: {}
    headers:
      Content-Length:
      - "12"
      Content-Md5:
      - TZuSLgZcZAweEtLD77DQEg==
      User-Agent:
      - aws-sdk-go/1.13.41 (go1.10.2; linux; amd64) S3Manager
      X-Amz-Content-Sha256:
      - d5dac1bcbde4a2ccd6c742a9a808b749fdea7ca857f593ff99030c0c31e24d8a
      X-Amz-Date:
      - 20180525T194406Z
      X-Gocloud-Seq:
      - "5"
    url: https://s3.us-east-2.amazonaws.com/oh.test.psp/test_write
    method: PUT
  response:
    body: ""
    headers:
      Content-Length:
      - "0"
      Date:
      - Fri, 25 May 2018 19:44:07 GMT
      Etag:
      - '"4d9b922e065c640c1e12d2c3efb0d012"'
      Server:
      - AmazonS3
      X-Amz-Id-2:
      - uKcrhu4KKiFyQiRycmt3ED+kBL2+LhNsUVqO78+Gd06AtAy53FFryUHT1TMFd1crxeFO34OgpK8=
      X-Amz-Request-Id:
      - D3B45F2FB14E2499
    status: 200 OK
    code: 200
    duration: ""
- request:
    body: ""
    form: {}
    headers:
      User-Agent:
      - aws-sdk-go/1.13.41 (go1.10.2; linux; amd64)
      X-Amz-Content-Sha256:
      - e3b0c44298fc1c149afbf4c8996fb92427ae41e4649b934ca495991b7852b855
      X-Amz-Date:
      - 20180525T194406Z
      X-Gocloud-Seq:
      - "6"
    url: https://s3.us-east-2.amazonaws.com/oh.test.psp/test_write
    method: GET
  response:
    body: HELLO!hello!
    headers:
      Accept-Ranges:
      - bytes
      Content-Length:
      - "12"
      Content-Type:
      - binary/octet-stream
      Date:
      - Fri, 25 May 2018 19:44:07 GMT
      Etag:
      - '"4d9b922e065c640c1e12d2c3efb0d012"'
      Last-Modified:
      - Fri, 25 May 2018 19:44:07 GMT
      Server:
      - AmazonS3
      X-Amz-Id-2:
      - kTpL86mk5WXp8QUheygXWLqOQm7FIf3CPEnE7yMd21ywClx2PQoFab+sszUivvx/RTYckLOBCpg=
      X-Amz-Request-Id:
      - 43915C25E6806B17
    status: 200 OK
    code: 200
    duration: ""
- request:
    body: ""
    form: {}
    headers:
      User-Agent:
      - aws-sdk-go/1.13.41 (go1.10.2; linux; amd64)
      X-Amz-Content-Sha256:
      - e3b0c44298fc1c149afbf4c8996fb92427ae41e4649b934ca495991b7852b855
      X-Amz-Date:
      - 20180525T194406Z
      X-Gocloud-Seq:
      - "7"
    url: https://s3.us-east-2.amazonaws.com/oh.test.psp/test_write
    method: GET
  response:
    body: HELLO!hello!
    headers:
      Accept-Ranges:
      - bytes
      Content-Length:
      - "12"
      Content-Type:
      - binary/octet-stream
      Date:
      - Fri, 25 May 2018 19:44:07 GMT
      Etag:
      - '"4d9b922e065c640c1e12d2c3efb0d012"'
      Last-Modified:
      - Fri, 25 May 2018 19:44:07 GMT
      Server:
      - AmazonS3
      X-Amz-Id-2:
      - R8AROU3DrbUvijVIBp6a1ykn18t3vBR0pA3q1mxoqyp2rxkzRvwWdoh52OVRlAGYdn0bVokbvwc=
      X-Amz-Request-Id:
      - 39AD3BB558C6F86D
    status: 200 OK
    code: 200
    duration: ""
- request:
    body: '!'
    form: {}
    headers:
      Content-Length:
      - "1"
      Content-Md5:
      - kDPg4wXyR8DDyA0MeEjIsw==
      User-Agent:
      - aws-sdk-go/1.13.41 (go1.10.2; linux; amd64) S3Manager
      X-Amz-Content-Sha256:
      - bb7208bc9b5d7c04f1236a82a0093a5e33f40423d5ba8d4266f7092c3ba43b62
      X-Amz-Date:
      - 20180525T194406Z
      X-Gocloud-Seq:
      - "8"
    url: https://s3.us-east-2.amazonaws.com/oh.test.psp/test_write
    method: PUT
  response:
    body: ""
    headers:
      Content-Length:
      - "0"
      Date:
      - Fri, 25 May 2018 19:44:07 GMT
      Etag:
      - '"9033e0e305f247c0c3c80d0c7848c8b3"'
      Server:
      - AmazonS3
      X-Amz-Id-2:
      - qsdb2mIx1Eiuujg7e7zMxQtvKbvG/yzjsdM1wTgZK75CNxI9XSQyZ0u28Ygg8NFPOh41E08rpFs=
      X-Amz-Request-Id:
      - CC79D9357154A766
    status: 200 OK
    code: 200
    duration: ""
- request:
    body: ""
    form: {}
    headers:
      User-Agent:
      - aws-sdk-go/1.13.41 (go1.10.2; linux; amd64)
      X-Amz-Content-Sha256:
      - e3b0c44298fc1c149afbf4c8996fb92427ae41e4649b934ca495991b7852b855
      X-Amz-Date:
      - 20180525T194406Z
      X-Gocloud-Seq:
      - "9"
    url: https://s3.us-east-2.amazonaws.com/oh.test.psp/test_write
    method: DELETE
  response:
    body: ""
    headers:
      Date:
      - Fri, 25 May 2018 19:44:07 GMT
      Server:
      - AmazonS3
      X-Amz-Id-2:
      - TCfxN3vu9hT1fPlrzFQ+wILE0j6x4sVXu9TDMBSIeTSLoEoEgCCwWW3wHRwbm+88kKtDRI9BErk=
      X-Amz-Request-Id:
      - 300357378BC85048
    status: 204 No Content
    code: 204
    duration: ""
- request:
    body: ""
    form: {}
    headers:
      Content-Md5:
      - 1B2M2Y8AsgTpgAmY7PhCfg==
      User-Agent:
      - aws-sdk-go/1.13.41 (go1.10.2; linux; amd64) S3Manager
      X-Amz-Content-Sha256:
      - e3b0c44298fc1c149afbf4c8996fb92427ae41e4649b934ca495991b7852b855
      X-Amz-Date:
      - 20180525T194406Z
      X-Gocloud-Seq:
      - "10"
    url: https://s3.us-east-2.amazonaws.com/oh.test.psp/test_close_without_write
    method: PUT
  response:
    body: ""
    headers:
      Content-Length:
      - "0"
      Date:
      - Fri, 25 May 2018 19:44:07 GMT
      Etag:
      - '"d41d8cd98f00b204e9800998ecf8427e"'
      Server:
      - AmazonS3
      X-Amz-Id-2:
      - pGTt1BOg6VgYZHGmtWGeJ5gh0tNwpITpq9cxkpuEm4XMb1I7oTuOkqPYHg9jy3cq+CKvDvLq+g8=
      X-Amz-Request-Id:
      - 4CE23F26A7D022C8
    status: 200 OK
    code: 200
    duration: ""
- request:
    body: ""
    form: {}
    headers:
      User-Agent:
      - aws-sdk-go/1.13.41 (go1.10.2; linux; amd64)
      X-Amz-Content-Sha256:
      - e3b0c44298fc1c149afbf4c8996fb92427ae41e4649b934ca495991b7852b855
      X-Amz-Date:
      - 20180525T194406Z
      X-Gocloud-Seq:
      - "11"
    url: https://s3.us-east-2.amazonaws.com/oh.test.psp/test_close_without_write
    method: HEAD
  response:
    body: ""
    headers:
      Accept-Ranges:
      - bytes
      Content-Length:
      - "0"
      Content-Type:
      - binary/octet-stream
      Date:
      - Fri, 25 May 2018 19:44:07 GMT
      Etag:
      - '"d41d8cd98f00b204e9800998ecf8427e"'
      Last-Modified:
      - Fri, 25 May 2018 19:44:07 GMT
      Server:
      - AmazonS3
      X-Amz-Id-2:
      - QhAlEscoFDZkbxlDpduEh+xYkuK5fnzfC3Xcj9o/BgKAdz0x+IxN99Qnl2YmcpgdIVpEtc5OwQk=
      X-Amz-Request-Id:
      - 5A48DE4DB15AAA75
    status: 200 OK
    code: 200
    duration: ""
- request:
    body: ""
    form: {}
    headers:
      User-Agent:
      - aws-sdk-go/1.13.41 (go1.10.2; linux; amd64)
      X-Amz-Content-Sha256:
      - e3b0c44298fc1c149afbf4c8996fb92427ae41e4649b934ca495991b7852b855
      X-Amz-Date:
      - 20180525T194406Z
      X-Gocloud-Seq:
      - "12"
    url: https://s3.us-east-2.amazonaws.com/oh.test.psp/test_close_without_write
    method: DELETE
  response:
    body: ""
    headers:
      Date:
      - Fri, 25 May 2018 19:44:07 GMT
      Server:
      - AmazonS3
      X-Amz-Id-2:
      - ydIy6McrvIjyAQotu8D78W1l5Ci5+Ex8o2yhRAIbtvime01EF3aOJSOdwwujdXeeJqtxrq36/V8=
      X-Amz-Request-Id:
      - 553D83D9AC29B000
    status: 204 No Content
    code: 204
    duration: ""
- request:
    body: something obsolete
    form: {}
    headers:
      Content-Length:
      - "18"
      Content-Md5:
      - koF6//eO/KY9Eu7TKal/kQ==
      User-Agent:
      - aws-sdk-go/1.13.41 (go1.10.2; linux; amd64) S3Manager
      X-Amz-Content-Sha256:
      - f51e6e05f7a11f34b3c655e9888d6c1e857cf98519ee72144b83e04782f6d318
      X-Amz-Date:
      - 20180525T194406Z
      X-Gocloud-Seq:
      - "13"
    url: https://s3.us-east-2.amazonaws.com/oh.test.psp/test_delete
    method: PUT
  response:
    body: ""
    headers:
      Content-Length:
      - "0"
      Date:
      - Fri, 25 May 2018 19:44:07 GMT
      Etag:
      - '"92817afff78efca63d12eed329a97f91"'
      Server:
      - AmazonS3
      X-Amz-Id-2:
      - cjRb+2SzMiOksVbA6hzRPwwVk3FZ7BCapT9cWoXxRV17hPQOJGplji1IwZ6qSRK0zXQtgHSot0I=
      X-Amz-Request-Id:
      - 598699104B5F4067
    status: 200 OK
    code: 200
    duration: ""
- request:
    body: ""
    form: {}
    headers:
      User-Agent:
      - aws-sdk-go/1.13.41 (go1.10.2; linux; amd64)
      X-Amz-Content-Sha256:
      - e3b0c44298fc1c149afbf4c8996fb92427ae41e4649b934ca495991b7852b855
      X-Amz-Date:
      - 20180525T194407Z
      X-Gocloud-Seq:
      - "14"
    url: https://s3.us-east-2.amazonaws.com/oh.test.psp/test_delete
    method: DELETE
  response:
    body: ""
    headers:
      Date:
      - Fri, 25 May 2018 19:44:08 GMT
      Server:
      - AmazonS3
      X-Amz-Id-2:
      - h4IEjF0Hm1SZ89OpqVmB7CDbwi8EuMV1cEq4FjWLxG5ZIw6vLyn8z0zy7d3mi8Hq55Nr4CDt9eU=
      X-Amz-Request-Id:
      - 8E30D2072CC84629
    status: 204 No Content
    code: 204
    duration: ""
- request:
    body: ""
    form: {}
    headers:
      User-Agent:
      - aws-sdk-go/1.13.41 (go1.10.2; linux; amd64)
      X-Amz-Content-Sha256:
      - e3b0c44298fc1c149afbf4c8996fb92427ae41e4649b934ca495991b7852b855
      X-Amz-Date:
      - 20180525T194407Z
      X-Gocloud-Seq:
      - "15"
    url: https://s3.us-east-2.amazonaws.com/oh.test.psp/test_delete
    method: HEAD
  response:
    body: ""
    headers:
      Content-Type:
      - application/xml
      Date:
      - Fri, 25 May 2018 19:44:07 GMT
      Server:
      - AmazonS3
      X-Amz-Id-2:
      - VJJuztkws5JFEsuEGdCN8xE6h8snXVu4Dp423ezYQF+jT1IxTc28Y5gplrKQJdSvogffTO9ZBOk=
      X-Amz-Request-Id:
      - 78988C41B269F163
    status: 404 Not Found
    code: 404
    duration: ""
- request:
    body: ""
    form: {}
    headers:
      User-Agent:
      - aws-sdk-go/1.13.41 (go1.10.2; linux; amd64)
      X-Amz-Content-Sha256:
      - e3b0c44298fc1c149afbf4c8996fb92427ae41e4649b934ca495991b7852b855
      X-Amz-Date:
      - 20180525T194407Z
      X-Gocloud-Seq:
      - "16"
    url: https://s3.us-east-2.amazonaws.com/oh.test.psp/test_delete
    method: DELETE
  response:
    body: ""
    headers:
      Date:
      - Fri, 25 May 2018 19:44:08 GMT
      Server:
      - AmazonS3
      X-Amz-Id-2:
      - 4ULFkKCtthtEG/P3KhJomu3gA9CG9yDU5YP2+Xr5DSU9Z0PKmqOHBZ0cWncx5Pbu0eCb5n2WLrc=
      X-Amz-Request-Id:
      - 3FCE3B1154DDC569
    status: 204 No Content
    code: 204
    duration: ""
