---
version: 1
interactions:
- request:
    body: <CreateBucketConfiguration xmlns="http://s3.amazonaws.com/doc/2006-03-01/"><LocationConstraint>us-east-2</LocationConstraint></CreateBucketConfiguration>
    form: {}
    headers:
      Content-Length:
      - "153"
      User-Agent:
      - aws-sdk-go/1.13.20 (go1.10.3; linux; amd64)
      X-Amz-Content-Sha256:
      - 70cae86320841ea73b0bdc759f99920c7caa405e61af2742575750c6586272c9
      X-Amz-Date:
      - 20180627T175814Z
      X-Gocloud-Seq:
      - "0"
    url: https://s3.us-east-2.amazonaws.com/go-x-cloud.test-read
    method: PUT
  response:
    body: ""
    headers:
      Content-Length:
      - "0"
      Date:
      - Wed, 27 Jun 2018 17:58:15 GMT
      Location:
      - http://go-x-cloud.test-read.s3.amazonaws.com/
      Server:
      - AmazonS3
      X-Amz-Id-2:
      - Hv7Dgw51aH//b303NVtf5LBR6tWxQsVcCSPjpjxOZlAJ5ECfRKVdzdt45/+HKwKcXrMnCW7gfL0=
      X-Amz-Request-Id:
      - EDD6C1FF090CA480
    status: 200 OK
    code: 200
    duration: ""
- request:
    body: something worth reading
    form: {}
    headers:
      Content-Length:
      - "23"
      Content-Md5:
      - 5ujT6idN9WBkeGVd9yo9Fg==
      User-Agent:
      - aws-sdk-go/1.13.20 (go1.10.3; linux; amd64) S3Manager
      X-Amz-Content-Sha256:
      - c489c160c675493414c6e61af2b4d4c5e7c75dd35fdf73e7a16b5dccad1f129c
      X-Amz-Date:
      - 20180627T175814Z
      X-Gocloud-Seq:
      - "1"
    url: https://s3.us-east-2.amazonaws.com/go-x-cloud.test-read/test_read
    method: PUT
  response:
    body: ""
    headers:
      Content-Length:
      - "0"
      Date:
      - Wed, 27 Jun 2018 17:58:15 GMT
      Etag:
      - '"e6e8d3ea274df5606478655df72a3d16"'
      Server:
      - AmazonS3
      X-Amz-Id-2:
      - KEMwzbI5wxIUj/kfyVCjdt6T0w69PfWwWPzS/KOMHl3BMI6f+i8wjCM7KI7uXaucRqMW5Zsnaaw=
      X-Amz-Request-Id:
      - 6E7765670175C2BC
    status: 200 OK
    code: 200
    duration: ""
- request:
    body: ""
    form: {}
    headers:
      User-Agent:
      - aws-sdk-go/1.13.20 (go1.10.3; linux; amd64)
      X-Amz-Content-Sha256:
      - e3b0c44298fc1c149afbf4c8996fb92427ae41e4649b934ca495991b7852b855
      X-Amz-Date:
      - 20180627T175814Z
      X-Gocloud-Seq:
      - "2"
    url: https://s3.us-east-2.amazonaws.com/go-x-cloud.test-read/test_read
    method: HEAD
  response:
    body: ""
    headers:
      Accept-Ranges:
      - bytes
      Content-Length:
      - "23"
      Content-Type:
      - binary/octet-stream
      Date:
      - Wed, 27 Jun 2018 17:58:15 GMT
      Etag:
      - '"e6e8d3ea274df5606478655df72a3d16"'
      Last-Modified:
      - Wed, 27 Jun 2018 17:58:15 GMT
      Server:
      - AmazonS3
      X-Amz-Id-2:
      - m6hf6AUz2csBsZ0JUUhlMQMYv5Q8aZhw4fqBvx1TmLleyBjMraTIyKubxLw3rT+BEi1J+CZxDes=
      X-Amz-Request-Id:
      - FBDCB1FF40099CAC
    status: 200 OK
    code: 200
    duration: ""
- request:
    body: ""
    form: {}
    headers:
      Range:
      - bytes=10-
      User-Agent:
      - aws-sdk-go/1.13.20 (go1.10.3; linux; amd64)
      X-Amz-Content-Sha256:
      - e3b0c44298fc1c149afbf4c8996fb92427ae41e4649b934ca495991b7852b855
      X-Amz-Date:
      - 20180627T175814Z
      X-Gocloud-Seq:
      - "3"
    url: https://s3.us-east-2.amazonaws.com/go-x-cloud.test-read/test_read
    method: GET
  response:
    body: worth reading
    headers:
      Accept-Ranges:
      - bytes
      Content-Length:
      - "13"
      Content-Range:
      - bytes 10-22/23
      Content-Type:
      - binary/octet-stream
      Date:
      - Wed, 27 Jun 2018 17:58:15 GMT
      Etag:
      - '"e6e8d3ea274df5606478655df72a3d16"'
      Last-Modified:
      - Wed, 27 Jun 2018 17:58:15 GMT
      Server:
      - AmazonS3
      X-Amz-Id-2:
      - mNxcMFm0DXUv4CykML3Ai8UfLqaZVPrB9jvn5SgtNz3n8P2Gcwx+kxmVb6hsMuMB91p77KDj8so=
      X-Amz-Request-Id:
      - "6542642998990194"
    status: 206 Partial Content
    code: 206
    duration: ""
- request:
    body: ""
    form: {}
    headers:
      Range:
      - bytes=10-14
      User-Agent:
      - aws-sdk-go/1.13.20 (go1.10.3; linux; amd64)
      X-Amz-Content-Sha256:
      - e3b0c44298fc1c149afbf4c8996fb92427ae41e4649b934ca495991b7852b855
      X-Amz-Date:
      - 20180627T175814Z
      X-Gocloud-Seq:
      - "4"
    url: https://s3.us-east-2.amazonaws.com/go-x-cloud.test-read/test_read
    method: GET
  response:
    body: worth
    headers:
      Accept-Ranges:
      - bytes
      Content-Length:
      - "5"
      Content-Range:
      - bytes 10-14/23
      Content-Type:
      - binary/octet-stream
      Date:
      - Wed, 27 Jun 2018 17:58:15 GMT
      Etag:
      - '"e6e8d3ea274df5606478655df72a3d16"'
      Last-Modified:
      - Wed, 27 Jun 2018 17:58:15 GMT
      Server:
      - AmazonS3
      X-Amz-Id-2:
      - l4Ff83upF0OgseT0t4VvQsPwXHIXcb1eW/BlpDVh/mk1t93TATcAdlrHK5Ha1mfUB61Qm4Mpw1Y=
      X-Amz-Request-Id:
      - 366F575F53A9DFD5
    status: 206 Partial Content
    code: 206
    duration: ""
- request:
    body: ""
    form: {}
    headers:
      User-Agent:
      - aws-sdk-go/1.13.20 (go1.10.3; linux; amd64)
      X-Amz-Content-Sha256:
      - e3b0c44298fc1c149afbf4c8996fb92427ae41e4649b934ca495991b7852b855
      X-Amz-Date:
      - 20180627T175814Z
      X-Gocloud-Seq:
      - "5"
    url: https://s3.us-east-2.amazonaws.com/go-x-cloud.test-read/test_read
    method: GET
  response:
    body: something worth reading
    headers:
      Accept-Ranges:
      - bytes
      Content-Length:
      - "23"
      Content-Type:
      - binary/octet-stream
      Date:
      - Wed, 27 Jun 2018 17:58:15 GMT
      Etag:
      - '"e6e8d3ea274df5606478655df72a3d16"'
      Last-Modified:
      - Wed, 27 Jun 2018 17:58:15 GMT
      Server:
      - AmazonS3
      X-Amz-Id-2:
      - FO5vrMtnIjMPcy+1Xyp3TwvF56HF7JnkdP439/aSyL2TTp9Hmpl+s2QAXEW3Jr58ayMEyzvfLPU=
      X-Amz-Request-Id:
      - 407848392B53F5A4
    status: 200 OK
    code: 200
    duration: ""
- request:
    body: ""
    form: {}
    headers:
      User-Agent:
      - aws-sdk-go/1.13.20 (go1.10.3; linux; amd64)
      X-Amz-Content-Sha256:
      - e3b0c44298fc1c149afbf4c8996fb92427ae41e4649b934ca495991b7852b855
      X-Amz-Date:
      - 20180627T175815Z
      X-Gocloud-Seq:
      - "6"
    url: https://s3.us-east-2.amazonaws.com/go-x-cloud.test-read
    method: GET
  response:
    body: |-
      <?xml version="1.0" encoding="UTF-8"?>
      <ListBucketResult xmlns="http://s3.amazonaws.com/doc/2006-03-01/"><Name>go-x-cloud.test-read</Name><Prefix></Prefix><Marker></Marker><MaxKeys>1000</MaxKeys><IsTruncated>false</IsTruncated><Contents><Key>test_read</Key><LastModified>2018-06-27T17:58:15.000Z</LastModified><ETag>&quot;e6e8d3ea274df5606478655df72a3d16&quot;</ETag><Size>23</Size><Owner><ID>e1f8084cdfae4a96c0ca8d343fe30bfc18997dd786ab0930b2492a01f5f85b3b</ID></Owner><StorageClass>STANDARD</StorageClass></Contents></ListBucketResult>
    headers:
      Content-Type:
      - application/xml
      Date:
      - Wed, 27 Jun 2018 17:58:16 GMT
      Server:
      - AmazonS3
      X-Amz-Bucket-Region:
      - us-east-2
      X-Amz-Id-2:
      - 8Fi+ie5OJmapkeYdSCPqCpXJ1VDn8Rrtr+L099688HI6zfmWV9ajSFIXdhpi9BLgRthJJlocKJU=
      X-Amz-Request-Id:
      - DA945B14DE666E49
    status: 200 OK
    code: 200
    duration: ""
- request:
    body: <Delete xmlns="http://s3.amazonaws.com/doc/2006-03-01/"><Object><Key>test_read</Key></Object></Delete>
    form: {}
    headers:
      Content-Length:
      - "102"
      Content-Md5:
      - PD5EJIqWiR5ZbtOZo31YDw==
      User-Agent:
      - aws-sdk-go/1.13.20 (go1.10.3; linux; amd64)
      X-Amz-Content-Sha256:
      - 537f2e50460b59855faa0fc7af34bfd533f40e6b21c98ab314aaca3ec2adb6d5
      X-Amz-Date:
      - 20180627T175815Z
      X-Gocloud-Seq:
      - "7"
    url: https://s3.us-east-2.amazonaws.com/go-x-cloud.test-read?delete=
    method: POST
  response:
    body: |-
      <?xml version="1.0" encoding="UTF-8"?>
      <DeleteResult xmlns="http://s3.amazonaws.com/doc/2006-03-01/"><Deleted><Key>test_read</Key></Deleted></DeleteResult>
    headers:
      Content-Type:
      - application/xml
      Date:
      - Wed, 27 Jun 2018 17:58:16 GMT
      Server:
      - AmazonS3
      X-Amz-Id-2:
      - LF0XljNFp2EopRkkxXH8DvRCyXP3QIXMso1ztpkm1WmsH5yn5OX0l8XYAOWCwstYcbUvU17LWeE=
      X-Amz-Request-Id:
      - A5105873C7F6EB29
    status: 200 OK
    code: 200
    duration: ""
- request:
    body: ""
    form: {}
    headers:
      User-Agent:
      - aws-sdk-go/1.13.20 (go1.10.3; linux; amd64)
      X-Amz-Content-Sha256:
      - e3b0c44298fc1c149afbf4c8996fb92427ae41e4649b934ca495991b7852b855
      X-Amz-Date:
      - 20180627T175815Z
      X-Gocloud-Seq:
      - "8"
    url: https://s3.us-east-2.amazonaws.com/go-x-cloud.test-read
    method: DELETE
  response:
    body: ""
    headers:
      Date:
      - Wed, 27 Jun 2018 17:58:16 GMT
      Server:
      - AmazonS3
      X-Amz-Id-2:
      - 2Zzl1MtdRBFa1nRoGLLt7Ja52tsKKawyK4zyzEgteN8ATTrmxQDlv7aV5oJoCr0Os8rCAwGWGh0=
      X-Amz-Request-Id:
      - D5D8F371BF0A925D
    status: 204 No Content
    code: 204
    duration: ""
- request:
    body: ""
    form: {}
    headers:
      User-Agent:
      - aws-sdk-go/1.13.20 (go1.10.3; linux; amd64) Waiter
      X-Amz-Content-Sha256:
      - e3b0c44298fc1c149afbf4c8996fb92427ae41e4649b934ca495991b7852b855
      X-Amz-Date:
      - 20180627T175815Z
      X-Gocloud-Seq:
      - "9"
    url: https://s3.us-east-2.amazonaws.com/go-x-cloud.test-read
    method: HEAD
  response:
    body: ""
    headers:
      Content-Type:
      - application/xml
      Date:
      - Wed, 27 Jun 2018 17:58:15 GMT
      Server:
      - AmazonS3
      X-Amz-Id-2:
      - IJ6hqj+2QNl9w43nQcMjGTq/a67fHdDMlTZL0qKI4WmwB5/eFkCG9j6zebiP59WAjKOUvNhoWBE=
      X-Amz-Request-Id:
      - 96C843AD876A9F94
    status: 404 Not Found
    code: 404
    duration: ""
