---
version: 1
interactions:
- request:
    body: hello
    form: {}
    headers:
      Content-Length:
      - "5"
      User-Agent:
      - X-Az-Target Azure-Storage/0.3 (go1.11.2; Windows_NT)
      X-Ms-Blob-Cache-Control:
      - ""
      X-Ms-Blob-Content-Disposition:
      - ""
      X-Ms-Blob-Content-Encoding:
      - ""
      X-Ms-Blob-Content-Language:
      - ""
      X-Ms-Blob-Content-Type:
      - text/plain; charset=utf-8
      X-Ms-Blob-Type:
      - BlockBlob
      X-Ms-Client-Request-Id:
      - 6eda2f30-0389-47b0-65c8-ad0ec4988819
      X-Ms-Version:
      - "2018-03-28"
      x-ms-date:
      - Wed, 19 Dec 2018 21:09:58 GMT
    url: https://gocloud.blob.core.windows.net/go-cloud-bucket/blob-for-metadata?timeout=4
    method: PUT
  response:
    body: ""
    headers:
      Content-Md5:
      - XUFAKrxLKna5cZ2REBfFkg==
      Date:
      - Wed, 19 Dec 2018 21:09:57 GMT
      Etag:
      - '"0x8D665F6552FBE4B"'
      Last-Modified:
      - Wed, 19 Dec 2018 21:09:58 GMT
      Server:
      - Windows-Azure-Blob/1.0 Microsoft-HTTPAPI/2.0
      X-Ms-Request-Id:
      - c126629b-101e-00b5-56df-97eb4c000000
      X-Ms-Request-Server-Encrypted:
      - "true"
      X-Ms-Version:
      - "2018-03-28"
    status: 201 Created
    code: 201
    duration: ""
- request:
    body: ""
    form: {}
    headers:
      User-Agent:
      - X-Az-Target Azure-Storage/0.3 (go1.11.2; Windows_NT)
      X-Ms-Client-Request-Id:
      - 044de7b9-2586-468c-7e5d-05fa3261d230
      X-Ms-Version:
      - "2018-03-28"
      x-ms-date:
      - Wed, 19 Dec 2018 21:09:58 GMT
    url: https://gocloud.blob.core.windows.net/go-cloud-bucket/blob-for-metadata?timeout=4
    method: HEAD
  response:
    body: ""
    headers:
      Accept-Ranges:
      - bytes
      Content-Disposition:
      - ""
      Content-Length:
      - "5"
      Content-Md5:
      - XUFAKrxLKna5cZ2REBfFkg==
      Content-Type:
      - text/plain; charset=utf-8
      Date:
      - Wed, 19 Dec 2018 21:09:57 GMT
      Etag:
      - '"0x8D665F6552FBE4B"'
      Last-Modified:
      - Wed, 19 Dec 2018 21:09:58 GMT
      Server:
      - Windows-Azure-Blob/1.0 Microsoft-HTTPAPI/2.0
      X-Ms-Blob-Type:
      - BlockBlob
      X-Ms-Creation-Time:
      - Wed, 19 Dec 2018 21:09:58 GMT
      X-Ms-Lease-State:
      - available
      X-Ms-Lease-Status:
      - unlocked
      X-Ms-Request-Id:
      - c12662b1-101e-00b5-6bdf-97eb4c000000
      X-Ms-Server-Encrypted:
      - "true"
      X-Ms-Version:
      - "2018-03-28"
    status: 200 OK
    code: 200
    duration: ""
- request:
    body: ""
    form: {}
    headers:
      User-Agent:
      - X-Az-Target Azure-Storage/0.3 (go1.11.2; Windows_NT)
      X-Ms-Client-Request-Id:
      - 7cd003a2-2c3b-4056-7af3-a83172925ca9
      X-Ms-Delete-Snapshots:
      - include
      X-Ms-Version:
      - "2018-03-28"
      x-ms-date:
      - Wed, 19 Dec 2018 21:09:58 GMT
    url: https://gocloud.blob.core.windows.net/go-cloud-bucket/blob-for-metadata?timeout=4
    method: DELETE
  response:
    body: ""
    headers:
      Date:
      - Wed, 19 Dec 2018 21:09:57 GMT
      Server:
      - Windows-Azure-Blob/1.0 Microsoft-HTTPAPI/2.0
      X-Ms-Delete-Type-Permanent:
      - "true"
      X-Ms-Request-Id:
      - c12662b3-101e-00b5-6ddf-97eb4c000000
      X-Ms-Version:
      - "2018-03-28"
    status: 202 Accepted
    code: 202
    duration: ""
