---
version: 1
interactions:
- request:
    body: hello
    form: {}
    headers:
      Content-Length:
      - "5"
      User-Agent:
      - go-cloud/blob/0.9.0 Azure-Storage/0.3 (go1.11.2; linux)
      X-Ms-Blob-Cache-Control:
      - ""
      X-Ms-Blob-Content-Disposition:
      - ""
      X-Ms-Blob-Content-Encoding:
      - ""
      X-Ms-Blob-Content-Language:
      - ""
      X-Ms-Blob-Content-Type:
      - text/plain; charset=utf-8
      X-Ms-Blob-Type:
      - BlockBlob
      X-Ms-Meta-Key_a:
      - value-a
      X-Ms-Meta-Key_b:
      - value-b
      X-Ms-Meta-Key_c:
      - vAlUe-c
      X-Ms-Version:
      - "2018-03-28"
      x-ms-date:
      - Thu, 10 Jan 2019 16:56:12 GMT
    url: https://gocloudblobtests.blob.core.windows.net/go-cloud-bucket/blob-for-metadata
    method: PUT
  response:
    body: ""
    headers:
      Content-Md5:
      - XUFAKrxLKna5cZ2REBfFkg==
      Date:
      - Thu, 10 Jan 2019 16:56:11 GMT
      Etag:
      - '"0x8D6771C86BC7A44"'
      Last-Modified:
      - Thu, 10 Jan 2019 16:56:12 GMT
      Server:
      - Windows-Azure-Blob/1.0 Microsoft-HTTPAPI/2.0
      X-Ms-Request-Id:
      - 88303d7f-701e-008e-1505-a9da15000000
      X-Ms-Request-Server-Encrypted:
      - "true"
      X-Ms-Version:
      - "2018-03-28"
    status: 201 Created
    code: 201
    duration: ""
- request:
    body: ""
    form: {}
    headers:
      User-Agent:
      - go-cloud/blob/0.9.0 Azure-Storage/0.3 (go1.11.2; linux)
      X-Ms-Version:
      - "2018-03-28"
      x-ms-date:
      - Thu, 10 Jan 2019 16:56:12 GMT
    url: https://gocloudblobtests.blob.core.windows.net/go-cloud-bucket/blob-for-metadata
    method: HEAD
  response:
    body: ""
    headers:
      Accept-Ranges:
      - bytes
      Content-Disposition:
      - ""
      Content-Length:
      - "5"
      Content-Md5:
      - XUFAKrxLKna5cZ2REBfFkg==
      Content-Type:
      - text/plain; charset=utf-8
      Date:
      - Thu, 10 Jan 2019 16:56:11 GMT
      Etag:
      - '"0x8D6771C86BC7A44"'
      Last-Modified:
      - Thu, 10 Jan 2019 16:56:12 GMT
      Server:
      - Windows-Azure-Blob/1.0 Microsoft-HTTPAPI/2.0
      X-Ms-Access-Tier:
      - Hot
      X-Ms-Access-Tier-Inferred:
      - "true"
      X-Ms-Blob-Type:
      - BlockBlob
      X-Ms-Creation-Time:
      - Thu, 10 Jan 2019 16:56:12 GMT
      X-Ms-Lease-State:
      - available
      X-Ms-Lease-Status:
      - unlocked
      X-Ms-Meta-Key_a:
      - value-a
      X-Ms-Meta-Key_b:
      - value-b
      X-Ms-Meta-Key_c:
      - vAlUe-c
      X-Ms-Request-Id:
      - 88303d82-701e-008e-1805-a9da15000000
      X-Ms-Server-Encrypted:
      - "true"
      X-Ms-Version:
      - "2018-03-28"
    status: 200 OK
    code: 200
    duration: ""
- request:
    body: ""
    form: {}
    headers:
      User-Agent:
      - go-cloud/blob/0.9.0 Azure-Storage/0.3 (go1.11.2; linux)
      X-Ms-Delete-Snapshots:
      - include
      X-Ms-Version:
      - "2018-03-28"
      x-ms-date:
      - Thu, 10 Jan 2019 16:56:12 GMT
    url: https://gocloudblobtests.blob.core.windows.net/go-cloud-bucket/blob-for-metadata
    method: DELETE
  response:
    body: ""
    headers:
      Date:
      - Thu, 10 Jan 2019 16:56:11 GMT
      Server:
      - Windows-Azure-Blob/1.0 Microsoft-HTTPAPI/2.0
      X-Ms-Delete-Type-Permanent:
      - "true"
      X-Ms-Request-Id:
      - 88303d85-701e-008e-1b05-a9da15000000
      X-Ms-Version:
      - "2018-03-28"
    status: 202 Accepted
    code: 202
    duration: ""
