---
version: 1
interactions:
- request:
    body: Hello world
    form: {}
    headers:
      Content-Length:
      - "11"
      Content-Md5:
      - PiWWCnnbxptnTNTsZ6csYg==
      Content-Type:
      - text/plain; charset=utf-8
      User-Agent:
      - aws-sdk-go/1.16.23 (devel +56c9f8e8cf; linux; amd64) S3Manager
      X-Amz-Content-Sha256:
      - 64ec88ca00b268e5ba1a35678a1b5316d212f4f366b2477232534a8aeca37f3c
      X-Amz-Date:
      - 20190209T000353Z
    url: https://go-cloud-testing.s3.us-west-1.amazonaws.com/blob-for-deleting
    method: PUT
  response:
    body: ""
    headers:
      Content-Length:
      - "0"
      Date:
      - Sat, 09 Feb 2019 00:03:54 GMT
      Etag:
      - '"3e25960a79dbc69b674cd4ec67a72c62"'
      Server:
      - AmazonS3
      X-Amz-Id-2:
      - tjFskjesyHsKmihyCU7A34WT5j2YEzHVRpaNmzwYX19LA6KBihfAj48njt1wvzGkhzBYJEnIE+k=
      X-Amz-Request-Id:
      - E42C49233E8FADFF
    status: 200 OK
    code: 200
    duration: ""
- request:
    body: ""
    form: {}
    headers:
      User-Agent:
      - aws-sdk-go/1.16.23 (devel +56c9f8e8cf; linux; amd64)
      X-Amz-Content-Sha256:
      - e3b0c44298fc1c149afbf4c8996fb92427ae41e4649b934ca495991b7852b855
      X-Amz-Date:
      - 20190209T000353Z
    url: https://go-cloud-testing.s3.us-west-1.amazonaws.com/blob-for-deleting
    method: HEAD
  response:
    body: ""
    headers:
      Accept-Ranges:
      - bytes
      Content-Length:
      - "11"
      Content-Type:
      - text/plain; charset=utf-8
      Date:
      - Sat, 09 Feb 2019 00:03:54 GMT
      Etag:
      - '"3e25960a79dbc69b674cd4ec67a72c62"'
      Last-Modified:
      - Sat, 09 Feb 2019 00:03:54 GMT
      Server:
      - AmazonS3
      X-Amz-Id-2:
      - 33vhdE/5VmSXOWEA9mF16taw0JIVPavaKw2calZ5pgXOV0ZgJfwTPNPrwowe9u1pod5iahpRH/4=
      X-Amz-Request-Id:
      - "3205250226014876"
    status: 200 OK
    code: 200
    duration: ""
- request:
    body: ""
    form: {}
    headers:
      User-Agent:
      - aws-sdk-go/1.16.23 (devel +56c9f8e8cf; linux; amd64)
      X-Amz-Content-Sha256:
      - e3b0c44298fc1c149afbf4c8996fb92427ae41e4649b934ca495991b7852b855
      X-Amz-Date:
      - 20190209T000353Z
    url: https://go-cloud-testing.s3.us-west-1.amazonaws.com/blob-for-deleting
    method: DELETE
  response:
    body: ""
    headers:
      Date:
      - Sat, 09 Feb 2019 00:03:54 GMT
      Server:
      - AmazonS3
      X-Amz-Id-2:
      - /WsvzcSxAF+YcAs5bh+AvyhKP0RfxWbXPHjrzoJde4hd8nDyGebnKIDF4h3eRDJ1tu4yKf7by48=
      X-Amz-Request-Id:
      - F8E870F6753F8405
    status: 204 No Content
    code: 204
    duration: ""
- request:
    body: ""
    form: {}
    headers:
      User-Agent:
      - aws-sdk-go/1.16.23 (devel +56c9f8e8cf; linux; amd64)
      X-Amz-Content-Sha256:
      - e3b0c44298fc1c149afbf4c8996fb92427ae41e4649b934ca495991b7852b855
      X-Amz-Date:
      - 20190209T000353Z
    url: https://go-cloud-testing.s3.us-west-1.amazonaws.com/blob-for-deleting
    method: GET
  response:
    body: |-
      <?xml version="1.0" encoding="UTF-8"?>
      <Error><Code>NoSuchKey</Code><Message>The specified key does not exist.</Message><Key>blob-for-deleting</Key><RequestId>9CD1767F6DFAF258</RequestId><HostId>9Ke8SG7RPGBzw2h8KrIrA/dqwDAxYpW+ADNlxmqzHjvRPdC51/MTXmqXfbEeHBxW8bOHQK/nAGc=</HostId></Error>
    headers:
      Content-Type:
      - application/xml
      Date:
      - Sat, 09 Feb 2019 00:03:52 GMT
      Server:
      - AmazonS3
      X-Amz-Id-2:
      - 9Ke8SG7RPGBzw2h8KrIrA/dqwDAxYpW+ADNlxmqzHjvRPdC51/MTXmqXfbEeHBxW8bOHQK/nAGc=
      X-Amz-Request-Id:
      - 9CD1767F6DFAF258
    status: 404 Not Found
    code: 404
    duration: ""
- request:
    body: ""
    form: {}
    headers:
      User-Agent:
      - aws-sdk-go/1.16.23 (devel +56c9f8e8cf; linux; amd64)
      X-Amz-Content-Sha256:
      - e3b0c44298fc1c149afbf4c8996fb92427ae41e4649b934ca495991b7852b855
      X-Amz-Date:
      - 20190209T000353Z
    url: https://go-cloud-testing.s3.us-west-1.amazonaws.com/blob-for-deleting
    method: HEAD
  response:
    body: ""
    headers:
      Content-Type:
      - application/xml
      Date:
      - Sat, 09 Feb 2019 00:03:52 GMT
      Server:
      - AmazonS3
      X-Amz-Id-2:
      - o38bDwhvCsHMAPEitb9Z5aP4w9JQQY3U5HNNjkUkmWaMTTNbQGohoE5eUGwTOV3No4Ogil3fZQ8=
      X-Amz-Request-Id:
      - CE2CE18E3918CFC5
    status: 404 Not Found
    code: 404
    duration: ""
