---
version: 1
interactions:
- request:
    body: '{"TableName":"docstore-test-1"}'
    form: {}
    headers:
      Accept-Encoding:
      - identity
      Content-Length:
      - "31"
      Content-Type:
      - application/x-amz-json-1.0
      User-Agent:
      - aws-sdk-go/1.19.16 (go1.12; linux; amd64)
      X-Amz-Date:
      - 20190502T125302Z
      X-Amz-Target:
      - DynamoDB_20120810.DescribeTable
    url: https://dynamodb.us-east-2.amazonaws.com/
    method: POST
  response:
    body: '{"Table":{"AttributeDefinitions":[{"AttributeName":"name","AttributeType":"S"}],"CreationDateTime":1.556147129209E9,"ItemCount":0,"KeySchema":[{"AttributeName":"name","KeyType":"HASH"}],"ProvisionedThroughput":{"NumberOfDecreasesToday":0,"ReadCapacityUnits":5,"WriteCapacityUnits":5},"TableArn":"arn:aws:dynamodb:us-east-2:462380225722:table/docstore-test-1","TableId":"92dd3571-35a9-4cf0-894f-f1c1672c4772","TableName":"docstore-test-1","TableSizeBytes":0,"TableStatus":"ACTIVE"}}'
    headers:
      Connection:
      - keep-alive
      Content-Length:
      - "481"
      Content-Type:
      - application/x-amz-json-1.0
      Date:
      - Thu, 02 May 2019 12:53:02 GMT
      Server:
      - Server
      X-Amz-Crc32:
      - "3620240070"
      X-Amzn-Requestid:
      - IV48QHB0SU6IDG5CKV3IQOEU17VV4KQNSO5AEMVJF66Q9ASUAAJG
    status: 200 OK
    code: 200
    duration: ""
- request:
    body: '{"ClientRequestToken":"d967dc28-9780-4af3-bed8-a63aca16e18b","TransactItems":[{"Put":{"ConditionExpression":"attribute_not_exists
      (#0)","ExpressionAttributeNames":{"#0":"name"},"Item":{"DocstoreRevision":{"S":"2f8282cb-e2f9-496f-b144-c0aa4ced56db"},"b":{"BOOL":true},"name":{"S":"testCreate1"}},"TableName":"docstore-test-1"}}]}'
    form: {}
    headers:
      Accept-Encoding:
      - identity
      Content-Length:
      - "328"
      Content-Type:
      - application/x-amz-json-1.0
      User-Agent:
      - aws-sdk-go/1.19.16 (go1.12; linux; amd64)
      X-Amz-Date:
      - 20190502T125302Z
      X-Amz-Target:
      - DynamoDB_20120810.TransactWriteItems
    url: https://dynamodb.us-east-2.amazonaws.com/
    method: POST
  response:
    body: '{}'
    headers:
      Connection:
      - keep-alive
      Content-Length:
      - "2"
      Content-Type:
      - application/x-amz-json-1.0
      Date:
      - Thu, 02 May 2019 12:53:02 GMT
      Server:
      - Server
      X-Amz-Crc32:
      - "2745614147"
      X-Amzn-Requestid:
      - Q28A8U1SA2DCR6GD19TRSN33GFVV4KQNSO5AEMVJF66Q9ASUAAJG
    status: 200 OK
    code: 200
    duration: ""
- request:
    body: '{"TransactItems":[{"Get":{"Key":{"name":{"S":"testCreate1"}},"TableName":"docstore-test-1"}}]}'
    form: {}
    headers:
      Accept-Encoding:
      - identity
      Content-Length:
      - "94"
      Content-Type:
      - application/x-amz-json-1.0
      User-Agent:
      - aws-sdk-go/1.19.16 (go1.12; linux; amd64)
      X-Amz-Date:
      - 20190502T125302Z
      X-Amz-Target:
      - DynamoDB_20120810.TransactGetItems
    url: https://dynamodb.us-east-2.amazonaws.com/
    method: POST
  response:
    body: '{"Responses":[{"Item":{"b":{"BOOL":true},"name":{"S":"testCreate1"},"DocstoreRevision":{"S":"2f8282cb-e2f9-496f-b144-c0aa4ced56db"}}}]}'
    headers:
      Connection:
      - keep-alive
      Content-Length:
      - "135"
      Content-Type:
      - application/x-amz-json-1.0
      Date:
      - Thu, 02 May 2019 12:53:02 GMT
      Server:
      - Server
      X-Amz-Crc32:
      - "807319186"
      X-Amzn-Requestid:
      - 083DMOT90KOIS6M5K3O7PP72PFVV4KQNSO5AEMVJF66Q9ASUAAJG
    status: 200 OK
    code: 200
    duration: ""
- request:
    body: '{"ClientRequestToken":"66108fba-d084-4363-be09-dd6a773e21b8","TransactItems":[{"Put":{"ConditionExpression":"attribute_not_exists
      (#0)","ExpressionAttributeNames":{"#0":"name"},"Item":{"DocstoreRevision":{"S":"686ba0dc-208c-4ece-a5bd-70a23da0026b"},"b":{"BOOL":true},"name":{"S":"testCreate1"}},"TableName":"docstore-test-1"}}]}'
    form: {}
    headers:
      Accept-Encoding:
      - identity
      Content-Length:
      - "328"
      Content-Type:
      - application/x-amz-json-1.0
      User-Agent:
      - aws-sdk-go/1.19.16 (go1.12; linux; amd64)
      X-Amz-Date:
      - 20190502T125302Z
      X-Amz-Target:
      - DynamoDB_20120810.TransactWriteItems
    url: https://dynamodb.us-east-2.amazonaws.com/
    method: POST
  response:
    body: '{"__type":"com.amazonaws.dynamodb.v20120810#TransactionCanceledException","CancellationReasons":[{"Code":"ConditionalCheckFailed","Message":"The
      conditional request failed"}],"Message":"Transaction cancelled, please refer
      cancellation reasons for specific reasons [ConditionalCheckFailed]"}'
    headers:
      Connection:
      - keep-alive
      Content-Length:
      - "290"
      Content-Type:
      - application/x-amz-json-1.0
      Date:
      - Thu, 02 May 2019 12:53:02 GMT
      Server:
      - Server
      X-Amz-Crc32:
      - "3141789222"
      X-Amzn-Requestid:
      - G1INUTRHRGEK3138C3FJ0Q4AARVV4KQNSO5AEMVJF66Q9ASUAAJG
    status: 400 Bad Request
    code: 400
    duration: ""
- request:
    body: '{"ClientRequestToken":"236a37f8-283e-4b27-b67f-6ee35437869c","TransactItems":[{"Delete":{"ConditionExpression":"#0
      = :0","ExpressionAttributeNames":{"#0":"DocstoreRevision"},"ExpressionAttributeValues":{":0":{"S":"2f8282cb-e2f9-496f-b144-c0aa4ced56db"}},"Key":{"name":{"S":"testCreate1"}},"TableName":"docstore-test-1"}}]}'
    form: {}
    headers:
      Accept-Encoding:
      - identity
      Content-Length:
      - "322"
      Content-Type:
      - application/x-amz-json-1.0
      User-Agent:
      - aws-sdk-go/1.19.16 (go1.12; linux; amd64)
      X-Amz-Date:
      - 20190502T125302Z
      X-Amz-Target:
      - DynamoDB_20120810.TransactWriteItems
    url: https://dynamodb.us-east-2.amazonaws.com/
    method: POST
  response:
    body: '{}'
    headers:
      Connection:
      - keep-alive
      Content-Length:
      - "2"
      Content-Type:
      - application/x-amz-json-1.0
      Date:
      - Thu, 02 May 2019 12:53:02 GMT
      Server:
      - Server
      X-Amz-Crc32:
      - "2745614147"
      X-Amzn-Requestid:
      - TQF1OIU9NTOKRVFFQ0N9L8407BVV4KQNSO5AEMVJF66Q9ASUAAJG
    status: 200 OK
    code: 200
    duration: ""
