---
version: 1
interactions:
- request:
    body: '{"TableName":"docstore-test-1"}'
    form: {}
    headers:
      Accept-Encoding:
      - identity
      Content-Length:
      - "31"
      Content-Type:
      - application/x-amz-json-1.0
      User-Agent:
      - aws-sdk-go/1.16.23 (go1.12; linux; amd64)
      X-Amz-Date:
      - 20190425T105610Z
      X-Amz-Target:
      - DynamoDB_20120810.DescribeTable
    url: https://dynamodb.us-east-2.amazonaws.com/
    method: POST
  response:
    body: '{"Table":{"AttributeDefinitions":[{"AttributeName":"name","AttributeType":"S"}],"CreationDateTime":1.556147129209E9,"ItemCount":7,"KeySchema":[{"AttributeName":"name","KeyType":"HASH"}],"ProvisionedThroughput":{"NumberOfDecreasesToday":0,"ReadCapacityUnits":5,"WriteCapacityUnits":5},"TableArn":"arn:aws:dynamodb:us-east-2:462380225722:table/docstore-test-1","TableId":"92dd3571-35a9-4cf0-894f-f1c1672c4772","TableName":"docstore-test-1","TableSizeBytes":701,"TableStatus":"ACTIVE"}}'
    headers:
      Connection:
      - keep-alive
      Content-Length:
      - "483"
      Content-Type:
      - application/x-amz-json-1.0
      Date:
      - Thu, 25 Apr 2019 10:56:10 GMT
      Server:
      - Server
      X-Amz-Crc32:
      - "2073371389"
      X-Amzn-Requestid:
      - NE84BCQV17M32JU2767K5L7UT3VV4KQNSO5AEMVJF66Q9ASUAAJG
    status: 200 OK
    code: 200
    duration: ""
- request:
    body: '{"ClientRequestToken":"daac6225-423c-44a9-94dd-a08f399b7888","TransactItems":[{"Put":{"Item":{"DocstoreRevision":{"S":"4043725d-5ea2-463b-81af-2fcbb387de40"},"b":{"BOOL":true},"name":{"S":"testPut1"}},"TableName":"docstore-test-1"}}]}'
    form: {}
    headers:
      Accept-Encoding:
      - identity
      Content-Length:
      - "234"
      Content-Type:
      - application/x-amz-json-1.0
      User-Agent:
      - aws-sdk-go/1.16.23 (go1.12; linux; amd64)
      X-Amz-Date:
      - 20190425T105610Z
      X-Amz-Target:
      - DynamoDB_20120810.TransactWriteItems
    url: https://dynamodb.us-east-2.amazonaws.com/
    method: POST
  response:
    body: '{}'
    headers:
      Connection:
      - keep-alive
      Content-Length:
      - "2"
      Content-Type:
      - application/x-amz-json-1.0
      Date:
      - Thu, 25 Apr 2019 10:56:10 GMT
      Server:
      - Server
      X-Amz-Crc32:
      - "2745614147"
      X-Amzn-Requestid:
      - DAO8U0TVCG2ODALUS1K6IO3OPRVV4KQNSO5AEMVJF66Q9ASUAAJG
    status: 200 OK
    code: 200
    duration: ""
- request:
    body: '{"TransactItems":[{"Get":{"Key":{"name":{"S":"testPut1"}},"TableName":"docstore-test-1"}}]}'
    form: {}
    headers:
      Accept-Encoding:
      - identity
      Content-Length:
      - "91"
      Content-Type:
      - application/x-amz-json-1.0
      User-Agent:
      - aws-sdk-go/1.16.23 (go1.12; linux; amd64)
      X-Amz-Date:
      - 20190425T105610Z
      X-Amz-Target:
      - DynamoDB_20120810.TransactGetItems
    url: https://dynamodb.us-east-2.amazonaws.com/
    method: POST
  response:
    body: '{"Responses":[{"Item":{"b":{"BOOL":true},"name":{"S":"testPut1"},"DocstoreRevision":{"S":"4043725d-5ea2-463b-81af-2fcbb387de40"}}}]}'
    headers:
      Connection:
      - keep-alive
      Content-Length:
      - "132"
      Content-Type:
      - application/x-amz-json-1.0
      Date:
      - Thu, 25 Apr 2019 10:56:10 GMT
      Server:
      - Server
      X-Amz-Crc32:
      - "3945489707"
      X-Amzn-Requestid:
      - RKOJSSFU3U68G1D6BTOO6JD9UFVV4KQNSO5AEMVJF66Q9ASUAAJG
    status: 200 OK
    code: 200
    duration: ""
- request:
    body: '{"ClientRequestToken":"f748a9d6-9933-40fe-a5a5-f58f01766fd3","TransactItems":[{"Put":{"ConditionExpression":"#0
      = :0","ExpressionAttributeNames":{"#0":"DocstoreRevision"},"ExpressionAttributeValues":{":0":{"S":"4043725d-5ea2-463b-81af-2fcbb387de40"}},"Item":{"DocstoreRevision":{"S":"fcb6c847-03dd-401a-877c-f000e49b2a33"},"b":{"BOOL":false},"name":{"S":"testPut1"}},"TableName":"docstore-test-1"}}]}'
    form: {}
    headers:
      Accept-Encoding:
      - identity
      Content-Length:
      - "400"
      Content-Type:
      - application/x-amz-json-1.0
      User-Agent:
      - aws-sdk-go/1.16.23 (go1.12; linux; amd64)
      X-Amz-Date:
      - 20190425T105610Z
      X-Amz-Target:
      - DynamoDB_20120810.TransactWriteItems
    url: https://dynamodb.us-east-2.amazonaws.com/
    method: POST
  response:
    body: '{}'
    headers:
      Connection:
      - keep-alive
      Content-Length:
      - "2"
      Content-Type:
      - application/x-amz-json-1.0
      Date:
      - Thu, 25 Apr 2019 10:56:10 GMT
      Server:
      - Server
      X-Amz-Crc32:
      - "2745614147"
      X-Amzn-Requestid:
      - 6QJBN4A6R5PDCL1T8V6Q6OJASNVV4KQNSO5AEMVJF66Q9ASUAAJG
    status: 200 OK
    code: 200
    duration: ""
- request:
    body: '{"TransactItems":[{"Get":{"Key":{"name":{"S":"testPut1"}},"TableName":"docstore-test-1"}}]}'
    form: {}
    headers:
      Accept-Encoding:
      - identity
      Content-Length:
      - "91"
      Content-Type:
      - application/x-amz-json-1.0
      User-Agent:
      - aws-sdk-go/1.16.23 (go1.12; linux; amd64)
      X-Amz-Date:
      - 20190425T105610Z
      X-Amz-Target:
      - DynamoDB_20120810.TransactGetItems
    url: https://dynamodb.us-east-2.amazonaws.com/
    method: POST
  response:
    body: '{"Responses":[{"Item":{"b":{"BOOL":false},"name":{"S":"testPut1"},"DocstoreRevision":{"S":"fcb6c847-03dd-401a-877c-f000e49b2a33"}}}]}'
    headers:
      Connection:
      - keep-alive
      Content-Length:
      - "133"
      Content-Type:
      - application/x-amz-json-1.0
      Date:
      - Thu, 25 Apr 2019 10:56:10 GMT
      Server:
      - Server
      X-Amz-Crc32:
      - "682839852"
      X-Amzn-Requestid:
      - S096UAQJ6H6MRU0N5O29UM9EKVVV4KQNSO5AEMVJF66Q9ASUAAJG
    status: 200 OK
    code: 200
    duration: ""
- request:
    body: '{"ClientRequestToken":"e75e4fc0-a9ca-4103-b928-c58066d2aaf5","TransactItems":[{"Put":{"Item":{"DocstoreRevision":{"S":"466668e9-e02d-427a-ab49-f44691178d97"},"name":{"S":"testRevisionField"},"s":{"S":"a"}},"TableName":"docstore-test-1"}}]}'
    form: {}
    headers:
      Accept-Encoding:
      - identity
      Content-Length:
      - "239"
      Content-Type:
      - application/x-amz-json-1.0
      User-Agent:
      - aws-sdk-go/1.16.23 (go1.12; linux; amd64)
      X-Amz-Date:
      - 20190425T105610Z
      X-Amz-Target:
      - DynamoDB_20120810.TransactWriteItems
    url: https://dynamodb.us-east-2.amazonaws.com/
    method: POST
  response:
    body: '{}'
    headers:
      Connection:
      - keep-alive
      Content-Length:
      - "2"
      Content-Type:
      - application/x-amz-json-1.0
      Date:
      - Thu, 25 Apr 2019 10:56:10 GMT
      Server:
      - Server
      X-Amz-Crc32:
      - "2745614147"
      X-Amzn-Requestid:
      - LNM0S03CQMKUS1GVF3UGP6G4MFVV4KQNSO5AEMVJF66Q9ASUAAJG
    status: 200 OK
    code: 200
    duration: ""
- request:
    body: '{"TransactItems":[{"Get":{"Key":{"name":{"S":"testRevisionField"}},"TableName":"docstore-test-1"}}]}'
    form: {}
    headers:
      Accept-Encoding:
      - identity
      Content-Length:
      - "100"
      Content-Type:
      - application/x-amz-json-1.0
      User-Agent:
      - aws-sdk-go/1.16.23 (go1.12; linux; amd64)
      X-Amz-Date:
      - 20190425T105610Z
      X-Amz-Target:
      - DynamoDB_20120810.TransactGetItems
    url: https://dynamodb.us-east-2.amazonaws.com/
    method: POST
  response:
    body: '{"Responses":[{"Item":{"DocstoreRevision":{"S":"466668e9-e02d-427a-ab49-f44691178d97"},"name":{"S":"testRevisionField"},"s":{"S":"a"}}}]}'
    headers:
      Connection:
      - keep-alive
      Content-Length:
      - "137"
      Content-Type:
      - application/x-amz-json-1.0
      Date:
      - Thu, 25 Apr 2019 10:56:10 GMT
      Server:
      - Server
      X-Amz-Crc32:
      - "3493832671"
      X-Amzn-Requestid:
      - RDKGBN7MUH8C0GAVSLR34N0E9FVV4KQNSO5AEMVJF66Q9ASUAAJG
    status: 200 OK
    code: 200
    duration: ""
- request:
    body: '{"ClientRequestToken":"f7f37aa1-69dd-4c93-84b0-437574c6d5e2","TransactItems":[{"Put":{"ConditionExpression":"#0
      = :0","ExpressionAttributeNames":{"#0":"DocstoreRevision"},"ExpressionAttributeValues":{":0":{"S":"466668e9-e02d-427a-ab49-f44691178d97"}},"Item":{"DocstoreRevision":{"S":"5a4ecaef-d462-435a-9fab-5f8e47e865b0"},"name":{"S":"testRevisionField"},"s":{"S":"b"}},"TableName":"docstore-test-1"}}]}'
    form: {}
    headers:
      Accept-Encoding:
      - identity
      Content-Length:
      - "404"
      Content-Type:
      - application/x-amz-json-1.0
      User-Agent:
      - aws-sdk-go/1.16.23 (go1.12; linux; amd64)
      X-Amz-Date:
      - 20190425T105610Z
      X-Amz-Target:
      - DynamoDB_20120810.TransactWriteItems
    url: https://dynamodb.us-east-2.amazonaws.com/
    method: POST
  response:
    body: '{}'
    headers:
      Connection:
      - keep-alive
      Content-Length:
      - "2"
      Content-Type:
      - application/x-amz-json-1.0
      Date:
      - Thu, 25 Apr 2019 10:56:10 GMT
      Server:
      - Server
      X-Amz-Crc32:
      - "2745614147"
      X-Amzn-Requestid:
      - J70DSDSHDHBENJRSJ96M4K7P5NVV4KQNSO5AEMVJF66Q9ASUAAJG
    status: 200 OK
    code: 200
    duration: ""
- request:
    body: '{"ClientRequestToken":"d1a1c0c7-ec14-44ae-9ad6-510f1bf6953d","TransactItems":[{"Put":{"ConditionExpression":"#0
      = :0","ExpressionAttributeNames":{"#0":"DocstoreRevision"},"ExpressionAttributeValues":{":0":{"S":"466668e9-e02d-427a-ab49-f44691178d97"}},"Item":{"DocstoreRevision":{"S":"e98a8776-04ca-430d-9018-d4f6436a4bae"},"name":{"S":"testRevisionField"},"s":{"S":"b"}},"TableName":"docstore-test-1"}}]}'
    form: {}
    headers:
      Accept-Encoding:
      - identity
      Content-Length:
      - "404"
      Content-Type:
      - application/x-amz-json-1.0
      User-Agent:
      - aws-sdk-go/1.16.23 (go1.12; linux; amd64)
      X-Amz-Date:
      - 20190425T105610Z
      X-Amz-Target:
      - DynamoDB_20120810.TransactWriteItems
    url: https://dynamodb.us-east-2.amazonaws.com/
    method: POST
  response:
    body: '{"__type":"com.amazonaws.dynamodb.v20120810#TransactionCanceledException","CancellationReasons":[{"Code":"ConditionalCheckFailed","Message":"The
      conditional request failed"}],"Message":"Transaction cancelled, please refer
      cancellation reasons for specific reasons [ConditionalCheckFailed]"}'
    headers:
      Connection:
      - keep-alive
      Content-Length:
      - "290"
      Content-Type:
      - application/x-amz-json-1.0
      Date:
      - Thu, 25 Apr 2019 10:56:10 GMT
      Server:
      - Server
      X-Amz-Crc32:
      - "3141789222"
      X-Amzn-Requestid:
      - NEE6HFGUO78RQD45303PKCLLK3VV4KQNSO5AEMVJF66Q9ASUAAJG
    status: 400 Bad Request
    code: 400
    duration: ""
