---
version: 1
interactions:
- request:
    body: '{"Item":{"DocstoreRevision":{"S":"b14323a6-bc8f-4e7d-b1d9-29333ff99393"},"_id":{"S":"testUpdate"},"a":{"S":"A"},"b":{"S":"B"}},"TableName":"docstore-test"}'
    form: {}
    headers:
      Accept-Encoding:
      - identity
      Content-Length:
      - "155"
      Content-Type:
      - application/x-amz-json-1.0
      User-Agent:
      - aws-sdk-go/1.16.23 (go1.12.1; darwin; amd64)
      X-Amz-Date:
      - 20190326T162412Z
      X-Amz-Target:
      - DynamoDB_20120810.PutItem
    url: https://dynamodb.us-east-2.amazonaws.com/
    method: POST
  response:
    body: '{}'
    headers:
      Connection:
      - keep-alive
      Content-Length:
      - "2"
      Content-Type:
      - application/x-amz-json-1.0
      Date:
      - Tue, 26 Mar 2019 16:24:12 GMT
      Server:
      - Server
      X-Amz-Crc32:
      - "2745614147"
      X-Amzn-Requestid:
      - 3K0835HPPPKMSURKP4JBBKBS1NVV4KQNSO5AEMVJF66Q9ASUAAJG
    status: 200 OK
    code: 200
    duration: ""
- request:
    body: '{"ConditionExpression":"attribute_exists (#0)","ExpressionAttributeNames":{"#0":"_id","#1":"b","#2":"a","#3":"c","#4":"DocstoreRevision"},"ExpressionAttributeValues":{":0":{"S":"X"},":1":{"S":"C"},":2":{"S":"3bea6f5b-3af6-4e03-b436-6c4719e43a1b"}},"Key":{"_id":{"S":"testUpdate"}},"TableName":"docstore-test","UpdateExpression":"REMOVE
      #1\nSET #2 = :0, #3 = :1, #4 = :2\n"}'
    form: {}
    headers:
      Accept-Encoding:
      - identity
      Content-Length:
      - "373"
      Content-Type:
      - application/x-amz-json-1.0
      User-Agent:
      - aws-sdk-go/1.16.23 (go1.12.1; darwin; amd64)
      X-Amz-Date:
      - 20190326T162412Z
      X-Amz-Target:
      - DynamoDB_20120810.UpdateItem
    url: https://dynamodb.us-east-2.amazonaws.com/
    method: POST
  response:
    body: '{}'
    headers:
      Connection:
      - keep-alive
      Content-Length:
      - "2"
      Content-Type:
      - application/x-amz-json-1.0
      Date:
      - Tue, 26 Mar 2019 16:24:12 GMT
      Server:
      - Server
      X-Amz-Crc32:
      - "2745614147"
      X-Amzn-Requestid:
      - KC1FT2NN5SBC4HDVU7Q8160GQBVV4KQNSO5AEMVJF66Q9ASUAAJG
    status: 200 OK
    code: 200
    duration: ""
- request:
    body: '{"Key":{"_id":{"S":"testUpdate"}},"TableName":"docstore-test"}'
    form: {}
    headers:
      Accept-Encoding:
      - identity
      Content-Length:
      - "62"
      Content-Type:
      - application/x-amz-json-1.0
      User-Agent:
      - aws-sdk-go/1.16.23 (go1.12.1; darwin; amd64)
      X-Amz-Date:
      - 20190326T162412Z
      X-Amz-Target:
      - DynamoDB_20120810.GetItem
    url: https://dynamodb.us-east-2.amazonaws.com/
    method: POST
  response:
    body: '{"Item":{"_id":{"S":"testUpdate"},"a":{"S":"X"},"c":{"S":"C"},"DocstoreRevision":{"S":"3bea6f5b-3af6-4e03-b436-6c4719e43a1b"}}}'
    headers:
      Connection:
      - keep-alive
      Content-Length:
      - "127"
      Content-Type:
      - application/x-amz-json-1.0
      Date:
      - Tue, 26 Mar 2019 16:24:12 GMT
      Server:
      - Server
      X-Amz-Crc32:
      - "144884479"
      X-Amzn-Requestid:
      - B47MKC2EN0A75BFDIQPVG7HUQJVV4KQNSO5AEMVJF66Q9ASUAAJG
    status: 200 OK
    code: 200
    duration: ""
- request:
    body: '{"ConditionExpression":"attribute_exists (#0)","ExpressionAttributeNames":{"#0":"_id","#1":"x","#2":"DocstoreRevision"},"ExpressionAttributeValues":{":0":{"S":"y"},":1":{"S":"067d89bc-7f01-41f5-b398-1659a44ff17a"}},"Key":{"_id":{"S":"doesNotExist"}},"TableName":"docstore-test","UpdateExpression":"SET
      #1 = :0, #2 = :1\n"}'
    form: {}
    headers:
      Accept-Encoding:
      - identity
      Content-Length:
      - "322"
      Content-Type:
      - application/x-amz-json-1.0
      User-Agent:
      - aws-sdk-go/1.16.23 (go1.12.1; darwin; amd64)
      X-Amz-Date:
      - 20190326T162412Z
      X-Amz-Target:
      - DynamoDB_20120810.UpdateItem
    url: https://dynamodb.us-east-2.amazonaws.com/
    method: POST
  response:
    body: '{"__type":"com.amazonaws.dynamodb.v20120810#ConditionalCheckFailedException","message":"The
      conditional request failed"}'
    headers:
      Connection:
      - keep-alive
      Content-Length:
      - "120"
      Content-Type:
      - application/x-amz-json-1.0
      Date:
      - Tue, 26 Mar 2019 16:24:12 GMT
      Server:
      - Server
      X-Amz-Crc32:
      - "396270901"
      X-Amzn-Requestid:
      - L3PNO3KG4O52625IDUIVFMTQORVV4KQNSO5AEMVJF66Q9ASUAAJG
    status: 400 Bad Request
    code: 400
    duration: ""
- request:
    body: '{"Item":{"DocstoreRevision":{"S":"4c7215a3-b539-4b1e-9849-c6077dbb5722"},"_id":{"S":"testRevisionField"},"s":{"S":"a"}},"TableName":"docstore-test"}'
    form: {}
    headers:
      Accept-Encoding:
      - identity
      Content-Length:
      - "148"
      Content-Type:
      - application/x-amz-json-1.0
      User-Agent:
      - aws-sdk-go/1.16.23 (go1.12.1; darwin; amd64)
      X-Amz-Date:
      - 20190326T162412Z
      X-Amz-Target:
      - DynamoDB_20120810.PutItem
    url: https://dynamodb.us-east-2.amazonaws.com/
    method: POST
  response:
    body: '{}'
    headers:
      Connection:
      - keep-alive
      Content-Length:
      - "2"
      Content-Type:
      - application/x-amz-json-1.0
      Date:
      - Tue, 26 Mar 2019 16:24:12 GMT
      Server:
      - Server
      X-Amz-Crc32:
      - "2745614147"
      X-Amzn-Requestid:
      - 1I45ME5E5BP4LMDQNTKVEP2NPBVV4KQNSO5AEMVJF66Q9ASUAAJG
    status: 200 OK
    code: 200
    duration: ""
- request:
    body: '{"Key":{"_id":{"S":"testRevisionField"}},"TableName":"docstore-test"}'
    form: {}
    headers:
      Accept-Encoding:
      - identity
      Content-Length:
      - "69"
      Content-Type:
      - application/x-amz-json-1.0
      User-Agent:
      - aws-sdk-go/1.16.23 (go1.12.1; darwin; amd64)
      X-Amz-Date:
      - 20190326T162412Z
      X-Amz-Target:
      - DynamoDB_20120810.GetItem
    url: https://dynamodb.us-east-2.amazonaws.com/
    method: POST
  response:
    body: '{"Item":{"_id":{"S":"testRevisionField"},"DocstoreRevision":{"S":"4c7215a3-b539-4b1e-9849-c6077dbb5722"},"s":{"S":"a"}}}'
    headers:
      Connection:
      - keep-alive
      Content-Length:
      - "120"
      Content-Type:
      - application/x-amz-json-1.0
      Date:
      - Tue, 26 Mar 2019 16:24:12 GMT
      Server:
      - Server
      X-Amz-Crc32:
      - "691891442"
      X-Amzn-Requestid:
      - JVPHE17GG3JQLV38GQG0LI00DBVV4KQNSO5AEMVJF66Q9ASUAAJG
    status: 200 OK
    code: 200
    duration: ""
- request:
    body: '{"ConditionExpression":"(attribute_exists (#0)) AND (#1 = :0)","ExpressionAttributeNames":{"#0":"_id","#1":"DocstoreRevision","#2":"s"},"ExpressionAttributeValues":{":0":{"S":"4c7215a3-b539-4b1e-9849-c6077dbb5722"},":1":{"S":"c"},":2":{"S":"f5717a28-9a26-4f97-a479-81998ebea89c"}},"Key":{"_id":{"S":"testRevisionField"}},"TableName":"docstore-test","UpdateExpression":"SET
      #2 = :1, #1 = :2\n"}'
    form: {}
    headers:
      Accept-Encoding:
      - identity
      Content-Length:
      - "393"
      Content-Type:
      - application/x-amz-json-1.0
      User-Agent:
      - aws-sdk-go/1.16.23 (go1.12.1; darwin; amd64)
      X-Amz-Date:
      - 20190326T162412Z
      X-Amz-Target:
      - DynamoDB_20120810.UpdateItem
    url: https://dynamodb.us-east-2.amazonaws.com/
    method: POST
  response:
    body: '{}'
    headers:
      Connection:
      - keep-alive
      Content-Length:
      - "2"
      Content-Type:
      - application/x-amz-json-1.0
      Date:
      - Tue, 26 Mar 2019 16:24:12 GMT
      Server:
      - Server
      X-Amz-Crc32:
      - "2745614147"
      X-Amzn-Requestid:
      - SI0F18GDCBK94DE6UFT0SO6L63VV4KQNSO5AEMVJF66Q9ASUAAJG
    status: 200 OK
    code: 200
    duration: ""
- request:
    body: '{"ConditionExpression":"(attribute_exists (#0)) AND (#1 = :0)","ExpressionAttributeNames":{"#0":"_id","#1":"DocstoreRevision","#2":"s"},"ExpressionAttributeValues":{":0":{"S":"4c7215a3-b539-4b1e-9849-c6077dbb5722"},":1":{"S":"c"},":2":{"S":"0b4b3739-7011-4e82-ad6f-4125c8fa7311"}},"Key":{"_id":{"S":"testRevisionField"}},"TableName":"docstore-test","UpdateExpression":"SET
      #2 = :1, #1 = :2\n"}'
    form: {}
    headers:
      Accept-Encoding:
      - identity
      Content-Length:
      - "393"
      Content-Type:
      - application/x-amz-json-1.0
      User-Agent:
      - aws-sdk-go/1.16.23 (go1.12.1; darwin; amd64)
      X-Amz-Date:
      - 20190326T162412Z
      X-Amz-Target:
      - DynamoDB_20120810.UpdateItem
    url: https://dynamodb.us-east-2.amazonaws.com/
    method: POST
  response:
    body: '{"__type":"com.amazonaws.dynamodb.v20120810#ConditionalCheckFailedException","message":"The
      conditional request failed"}'
    headers:
      Connection:
      - keep-alive
      Content-Length:
      - "120"
      Content-Type:
      - application/x-amz-json-1.0
      Date:
      - Tue, 26 Mar 2019 16:24:12 GMT
      Server:
      - Server
      X-Amz-Crc32:
      - "396270901"
      X-Amzn-Requestid:
      - KJU6RNSGHSK3JQ90UB6KSA7T67VV4KQNSO5AEMVJF66Q9ASUAAJG
    status: 400 Bad Request
    code: 400
    duration: ""
