---
version: 1
interactions:
- request:
    body: This is a text file.
    form: {}
    headers:
      Content-Length:
      - "20"
      Content-Md5:
      - PzMJMSzDJkoTibLSY97OjQ==
      Content-Type:
      - text/plain; charset=utf-8
      User-Agent:
      - aws-sdk-go/1.16.23 (go1.12; linux; amd64) S3Manager
      X-Amz-Content-Sha256:
      - 9be104294df7d5a59c328241d49ac062e2c7b9660636e7f511e3a1dc3d919377
      X-Amz-Date:
      - 20190307T170109Z
    url: https://go-cloud-testing.s3.us-west-1.amazonaws.com/blob-for-reading
    method: PUT
  response:
    body: ""
    headers:
      Content-Length:
      - "0"
      Date:
      - Thu, 07 Mar 2019 17:01:10 GMT
      Etag:
      - '"3f3309312cc3264a1389b2d263dece8d"'
      Server:
      - AmazonS3
      X-Amz-Id-2:
      - RpdgzSYlOMEoMbQI5zK6WWY7Xz+dqpEqGX3vZvzJE8qRjSYtwjGh5aQ7ox39pRVwi30RfifXCAU=
      X-Amz-Request-Id:
      - 21C9837FBAB14413
    status: 200 OK
    code: 200
    duration: ""
- request:
    body: ""
    form: {}
    headers:
      User-Agent:
      - aws-sdk-go/1.16.23 (go1.12; linux; amd64)
      X-Amz-Content-Sha256:
      - e3b0c44298fc1c149afbf4c8996fb92427ae41e4649b934ca495991b7852b855
      X-Amz-Date:
      - 20190307T170109Z
    url: https://go-cloud-testing.s3.us-west-1.amazonaws.com/blob-for-reading
    method: GET
  response:
    body: This is a text file.
    headers:
      Accept-Ranges:
      - bytes
      Content-Length:
      - "20"
      Content-Type:
      - text/plain; charset=utf-8
      Date:
      - Thu, 07 Mar 2019 17:01:10 GMT
      Etag:
      - '"3f3309312cc3264a1389b2d263dece8d"'
      Last-Modified:
      - Thu, 07 Mar 2019 17:01:10 GMT
      Server:
      - AmazonS3
      X-Amz-Id-2:
      - brx+ZO3K59DFsbc3SDoTx0STs4W0p2fuu5xinHFtpwX43H19fGbIODyjAhTMwmEuHVlFolmqx+o=
      X-Amz-Request-Id:
      - EE6C01FBA1AFF3F0
    status: 200 OK
    code: 200
    duration: ""
- request:
    body: ""
    form: {}
    headers:
      User-Agent:
      - aws-sdk-go/1.16.23 (go1.12; linux; amd64)
      X-Amz-Content-Sha256:
      - e3b0c44298fc1c149afbf4c8996fb92427ae41e4649b934ca495991b7852b855
      X-Amz-Date:
      - 20190307T170109Z
    url: https://go-cloud-testing.s3.us-west-1.amazonaws.com/blob-for-reading
    method: HEAD
  response:
    body: ""
    headers:
      Accept-Ranges:
      - bytes
      Content-Length:
      - "20"
      Content-Type:
      - text/plain; charset=utf-8
      Date:
      - Thu, 07 Mar 2019 17:01:10 GMT
      Etag:
      - '"3f3309312cc3264a1389b2d263dece8d"'
      Last-Modified:
      - Thu, 07 Mar 2019 17:01:10 GMT
      Server:
      - AmazonS3
      X-Amz-Id-2:
      - w/wmAY2Zk19NB9HeFovAvEVwPqcgLE0ZkUZamnfVB2l/W1binwdEWv/gCAQiKCont+XtK8SfDMM=
      X-Amz-Request-Id:
      - 979B25C7C444CE6F
    status: 200 OK
    code: 200
    duration: ""
- request:
    body: ""
    form: {}
    headers:
      User-Agent:
      - aws-sdk-go/1.16.23 (go1.12; linux; amd64)
      X-Amz-Content-Sha256:
      - e3b0c44298fc1c149afbf4c8996fb92427ae41e4649b934ca495991b7852b855
      X-Amz-Date:
      - 20190307T170109Z
    url: https://go-cloud-testing.s3.us-west-1.amazonaws.com/blob-for-reading
    method: DELETE
  response:
    body: ""
    headers:
      Date:
      - Thu, 07 Mar 2019 17:01:10 GMT
      Server:
      - AmazonS3
      X-Amz-Id-2:
      - fbHf+ZaHB6qNcuyuo3C15orvowYoK39yLIBOHtv9gLfn9HX1KNPhG8UC9F9mMlWtChflSujDVxM=
      X-Amz-Request-Id:
      - BD2693F5BFDD9945
    status: 204 No Content
    code: 204
    duration: ""
