---
version: 1
interactions:
- request:
    body: hello world
    form: {}
    headers:
      Content-Length:
      - "11"
      Content-Md5:
      - XrY7u+Ae7tCTyyK7j1rNww==
      Content-Type:
      - text/plain; charset=utf-8
      User-Agent:
      - aws-sdk-go/1.16.23 (go1.12; linux; amd64) S3Manager
      X-Amz-Content-Sha256:
      - b94d27b9934d3e08a52e52d7da7dabfac484efe37a5380ee9088f7ace2efcde9
      X-Amz-Date:
      - 20190307T170109Z
    url: https://go-cloud-testing.s3.us-west-1.amazonaws.com/blob-for-reading
    method: PUT
  response:
    body: ""
    headers:
      Content-Length:
      - "0"
      Date:
      - Thu, 07 Mar 2019 17:01:10 GMT
      Etag:
      - '"5eb63bbbe01eeed093cb22bb8f5acdc3"'
      Server:
      - AmazonS3
      X-Amz-Id-2:
      - sesT4rZ2+U4U8i/gh8SAgN6iS35R1t5ib+W06dguQicbXk9Y/HHnJiiqmnhWviICf6fMBZV1ySQ=
      X-Amz-Request-Id:
      - 8584A96855256FB6
    status: 200 OK
    code: 200
    duration: ""
- request:
    body: ""
    form: {}
    headers:
      User-Agent:
      - aws-sdk-go/1.16.23 (go1.12; linux; amd64)
      X-Amz-Content-Sha256:
      - e3b0c44298fc1c149afbf4c8996fb92427ae41e4649b934ca495991b7852b855
      X-Amz-Date:
      - 20190307T170109Z
    url: https://go-cloud-testing.s3.us-west-1.amazonaws.com/blob-for-reading
    method: GET
  response:
    body: hello world
    headers:
      Accept-Ranges:
      - bytes
      Content-Length:
      - "11"
      Content-Type:
      - text/plain; charset=utf-8
      Date:
      - Thu, 07 Mar 2019 17:01:10 GMT
      Etag:
      - '"5eb63bbbe01eeed093cb22bb8f5acdc3"'
      Last-Modified:
      - Thu, 07 Mar 2019 17:01:10 GMT
      Server:
      - AmazonS3
      X-Amz-Id-2:
      - vVkFedsjQurJ5go6R2awBuAG2DQKTqDtS5TEC4/WeVqefnxEU7JRmGM3Pbx5JgAq2C3H3DqIyEE=
      X-Amz-Request-Id:
      - 14E66E93D3342EC9
    status: 200 OK
    code: 200
    duration: ""
- request:
    body: ""
    form: {}
    headers:
      User-Agent:
      - aws-sdk-go/1.16.23 (go1.12; linux; amd64)
      X-Amz-Content-Sha256:
      - e3b0c44298fc1c149afbf4c8996fb92427ae41e4649b934ca495991b7852b855
      X-Amz-Date:
      - 20190307T170109Z
    url: https://go-cloud-testing.s3.us-west-1.amazonaws.com/blob-for-reading
    method: HEAD
  response:
    body: ""
    headers:
      Accept-Ranges:
      - bytes
      Content-Length:
      - "11"
      Content-Type:
      - text/plain; charset=utf-8
      Date:
      - Thu, 07 Mar 2019 17:01:10 GMT
      Etag:
      - '"5eb63bbbe01eeed093cb22bb8f5acdc3"'
      Last-Modified:
      - Thu, 07 Mar 2019 17:01:10 GMT
      Server:
      - AmazonS3
      X-Amz-Id-2:
      - 7SVTQoDPyceatNkCXAm+6WtwpGXh+HpgX2DBcEpmU+SJHpVtMmQDy6v9Y8StolsByrFbuLBO5FU=
      X-Amz-Request-Id:
      - DEFA6715F7A09E82
    status: 200 OK
    code: 200
    duration: ""
- request:
    body: ""
    form: {}
    headers:
      User-Agent:
      - aws-sdk-go/1.16.23 (go1.12; linux; amd64)
      X-Amz-Content-Sha256:
      - e3b0c44298fc1c149afbf4c8996fb92427ae41e4649b934ca495991b7852b855
      X-Amz-Date:
      - 20190307T170109Z
    url: https://go-cloud-testing.s3.us-west-1.amazonaws.com/blob-for-reading
    method: DELETE
  response:
    body: ""
    headers:
      Date:
      - Thu, 07 Mar 2019 17:01:10 GMT
      Server:
      - AmazonS3
      X-Amz-Id-2:
      - B82WJxQy3ZgBCnwAq248v+2E6UzeOxoqHaRs/GPAV09hSvgXKgoNxIcSZGeRk/zRaUc4kbPy2wI=
      X-Amz-Request-Id:
      - 2DEFB1A0DD20D891
    status: 204 No Content
    code: 204
    duration: ""
