---
version: 1
interactions:
- request:
    body: abcdefghijklmnopqurstuvwxyz
    form: {}
    headers:
      Content-Length:
      - "27"
      Content-Md5:
      - PflsWr6X8pZ9OAEIcAMKXw==
      Content-Type:
      - text/plain; charset=utf-8
      User-Agent:
      - aws-sdk-go/1.13.20 (devel +b8669ef1ce; linux; amd64) S3Manager
      X-Amz-Content-Sha256:
      - 355c18667d5796dc2b15043b99f68331b6af560f4f9facb5c4719ba9d09147c6
      X-Amz-Date:
      - 20180814T212635Z
    url: https://go-cloud-bucket.s3.us-east-2.amazonaws.com/blob-for-reading
    method: PUT
  response:
    body: ""
    headers:
      Content-Length:
      - "0"
      Date:
      - Tue, 14 Aug 2018 21:26:37 GMT
      Etag:
      - '"3df96c5abe97f2967d38010870030a5f"'
      Server:
      - AmazonS3
      X-Amz-Id-2:
      - H/T14SYf908R0ihHPY0ibwUMH33flGQ7QATa2fBYHh/V3OLa+TXiamVNzeuglIStoOLgYXhHDNs=
      X-Amz-Request-Id:
      - 66528E71165ED5A3
    status: 200 OK
    code: 200
    duration: ""
- request:
    body: ""
    form: {}
    headers:
      Range:
      - bytes=10-14
      User-Agent:
      - aws-sdk-go/1.13.20 (devel +b8669ef1ce; linux; amd64)
      X-Amz-Content-Sha256:
      - e3b0c44298fc1c149afbf4c8996fb92427ae41e4649b934ca495991b7852b855
      X-Amz-Date:
      - 20180814T212636Z
    url: https://go-cloud-bucket.s3.us-east-2.amazonaws.com/blob-for-reading
    method: GET
  response:
    body: klmno
    headers:
      Accept-Ranges:
      - bytes
      Content-Length:
      - "5"
      Content-Range:
      - bytes 10-14/27
      Content-Type:
      - text/plain; charset=utf-8
      Date:
      - Tue, 14 Aug 2018 21:26:37 GMT
      Etag:
      - '"3df96c5abe97f2967d38010870030a5f"'
      Last-Modified:
      - Tue, 14 Aug 2018 21:26:37 GMT
      Server:
      - AmazonS3
      X-Amz-Id-2:
      - iVydSKd7VlESbMGja/nC2dFSQqtA+zOWZbySWEmjjMyJfWG80PuI7vtmQMGmgG/EnrsNR3YCS7k=
      X-Amz-Request-Id:
      - BEF929B758D92910
    status: 206 Partial Content
    code: 206
    duration: ""
- request:
    body: ""
    form: {}
    headers:
      User-Agent:
      - aws-sdk-go/1.13.20 (devel +b8669ef1ce; linux; amd64)
      X-Amz-Content-Sha256:
      - e3b0c44298fc1c149afbf4c8996fb92427ae41e4649b934ca495991b7852b855
      X-Amz-Date:
      - 20180814T212636Z
    url: https://go-cloud-bucket.s3.us-east-2.amazonaws.com/blob-for-reading
    method: HEAD
  response:
    body: ""
    headers:
      Accept-Ranges:
      - bytes
      Content-Length:
      - "27"
      Content-Type:
      - text/plain; charset=utf-8
      Date:
      - Tue, 14 Aug 2018 21:26:37 GMT
      Etag:
      - '"3df96c5abe97f2967d38010870030a5f"'
      Last-Modified:
      - Tue, 14 Aug 2018 21:26:37 GMT
      Server:
      - AmazonS3
      X-Amz-Id-2:
      - JxCumTWZzJ+9ZkRSqw3qi2VAPS258wIv7/dT2BsmFNyevNm7KTrDcmbkXk2UI251DINV/fWDbko=
      X-Amz-Request-Id:
      - 57F7A5A45AA66F2A
    status: 200 OK
    code: 200
    duration: ""
- request:
    body: ""
    form: {}
    headers:
      User-Agent:
      - aws-sdk-go/1.13.20 (devel +b8669ef1ce; linux; amd64)
      X-Amz-Content-Sha256:
      - e3b0c44298fc1c149afbf4c8996fb92427ae41e4649b934ca495991b7852b855
      X-Amz-Date:
      - 20180814T212636Z
    url: https://go-cloud-bucket.s3.us-east-2.amazonaws.com/blob-for-reading
    method: DELETE
  response:
    body: ""
    headers:
      Date:
      - Tue, 14 Aug 2018 21:26:37 GMT
      Server:
      - AmazonS3
      X-Amz-Id-2:
      - Uap7e+DlqNrEdpNJlh9qZ+PxkbcbX05uE73srweAaFuNRI1iTcaviWjYuQNG4NkluX5BiEEe5rg=
      X-Amz-Request-Id:
      - BBCE0AC89CA41877
    status: 204 No Content
    code: 204
    duration: ""
