---
version: 1
interactions:
- request:
    body: "--2517b30f33663cb90719de89c80a72aaee347c8541df213cae39dcb66a45\r\nContent-Type:
      application/json\r\n\r\n{\"bucket\":\"pledged-solved-practically\",\"contentType\":\"text/plain;
      charset=utf-8\",\"name\":\"blob-for-reading\"}\n\r\n--2517b30f33663cb90719de89c80a72aaee347c8541df213cae39dcb66a45\r\nContent-Type:
      text/plain; charset=utf-8\r\n\r\nabcdefghijklmnopqurstuvwxyz\r\n--2517b30f33663cb90719de89c80a72aaee347c8541df213cae39dcb66a45--\r\n"
    form: {}
    headers:
      Content-Type:
      - multipart/related; boundary=2517b30f33663cb90719de89c80a72aaee347c8541df213cae39dcb66a45
      User-Agent:
      - google-api-go-client/0.5
      X-Goog-Api-Client:
      - gl-go/b8669ef1ce gccl/20180226
    url: https://www.googleapis.com/upload/storage/v1/b/pledged-solved-practically/o?alt=json&projection=full&uploadType=multipart
    method: POST
  response:
    body: |
      {
       "kind": "storage#object",
       "id": "pledged-solved-practically/blob-for-reading/1534524192522273",
       "selfLink": "https://www.googleapis.com/storage/v1/b/pledged-solved-practically/o/blob-for-reading",
       "name": "blob-for-reading",
       "bucket": "pledged-solved-practically",
       "generation": "1534524192522273",
       "metageneration": "1",
       "contentType": "text/plain; charset=utf-8",
       "timeCreated": "2018-08-17T16:43:12.519Z",
       "updated": "2018-08-17T16:43:12.519Z",
       "storageClass": "REGIONAL",
       "timeStorageClassUpdated": "2018-08-17T16:43:12.519Z",
       "size": "27",
       "md5Hash": "PflsWr6X8pZ9OAEIcAMKXw==",
       "mediaLink": "https://www.googleapis.com/download/storage/v1/b/pledged-solved-practically/o/blob-for-reading?generation=1534524192522273&alt=media",
       "acl": [
        {
         "kind": "storage#objectAccessControl",
         "id": "pledged-solved-practically/blob-for-reading/1534524192522273/project-owners-59487849370",
         "selfLink": "https://www.googleapis.com/storage/v1/b/pledged-solved-practically/o/blob-for-reading/acl/project-owners-59487849370",
         "bucket": "pledged-solved-practically",
         "object": "blob-for-reading",
         "generation": "1534524192522273",
         "entity": "project-owners-59487849370",
         "role": "OWNER",
         "projectTeam": {
          "projectNumber": "59487849370",
          "team": "owners"
         },
         "etag": "CKGAlIvE9NwCEAE="
        },
        {
         "kind": "storage#objectAccessControl",
         "id": "pledged-solved-practically/blob-for-reading/1534524192522273/project-editors-59487849370",
         "selfLink": "https://www.googleapis.com/storage/v1/b/pledged-solved-practically/o/blob-for-reading/acl/project-editors-59487849370",
         "bucket": "pledged-solved-practically",
         "object": "blob-for-reading",
         "generation": "1534524192522273",
         "entity": "project-editors-59487849370",
         "role": "OWNER",
         "projectTeam": {
          "projectNumber": "59487849370",
          "team": "editors"
         },
         "etag": "CKGAlIvE9NwCEAE="
        },
        {
         "kind": "storage#objectAccessControl",
         "id": "pledged-solved-practically/blob-for-reading/1534524192522273/project-viewers-59487849370",
         "selfLink": "https://www.googleapis.com/storage/v1/b/pledged-solved-practically/o/blob-for-reading/acl/project-viewers-59487849370",
         "bucket": "pledged-solved-practically",
         "object": "blob-for-reading",
         "generation": "1534524192522273",
         "entity": "project-viewers-59487849370",
         "role": "READER",
         "projectTeam": {
          "projectNumber": "59487849370",
          "team": "viewers"
         },
         "etag": "CKGAlIvE9NwCEAE="
        },
        {
         "kind": "storage#objectAccessControl",
         "id": "pledged-solved-practically/blob-for-reading/1534524192522273/user-shantuo@google.com",
         "selfLink": "https://www.googleapis.com/storage/v1/b/pledged-solved-practically/o/blob-for-reading/acl/user-shantuo@google.com",
         "bucket": "pledged-solved-practically",
         "object": "blob-for-reading",
         "generation": "1534524192522273",
         "entity": "user-shantuo@google.com",
         "role": "OWNER",
         "email": "shantuo@google.com",
         "etag": "CKGAlIvE9NwCEAE="
        }
       ],
       "owner": {
        "entity": "user-shantuo@google.com"
       },
       "crc32c": "MoVm6Q==",
       "etag": "CKGAlIvE9NwCEAE="
      }
    headers:
      Alt-Svc:
      - quic=":443"; ma=2592000; v="44,43,39,35"
      Cache-Control:
      - no-cache, no-store, max-age=0, must-revalidate
      Content-Length:
      - "3121"
      Content-Type:
      - application/json; charset=UTF-8
      Date:
      - Fri, 17 Aug 2018 16:43:12 GMT
      Etag:
      - CKGAlIvE9NwCEAE=
      Expires:
      - Mon, 01 Jan 1990 00:00:00 GMT
      Pragma:
      - no-cache
      Server:
      - UploadServer
      Vary:
      - Origin
      - X-Origin
      X-Google-Apiary-Auth-Expires:
      - "1534524492000"
      X-Google-Apiary-Auth-Scopes:
      - https://www.googleapis.com/auth/cloud-platform https://www.googleapis.com/auth/devstorage.full_control
        https://www.googleapis.com/auth/devstorage.read_write https://www.googleapis.com/auth/devstorage.write_only
      X-Google-Apiary-Auth-User:
      - "1039017688798"
      X-Google-Backends:
      - hglaxaas11:4005,/bns/hg/borg/hg/bns/blobstore2/bitpusher/23.scotty,acsfou15:443
      X-Google-Dos-Service-Trace:
      - main:apps-upload-cloud-storage-unified
      X-Google-Gfe-Backend-Request-Info:
      - eid=IPt2W62_GMqWxgOsg7mQDg
      X-Google-Gfe-Cloud-Project-Number:
      - "59487849370"
      X-Google-Gfe-Request-Trace:
      - acsfou15:443,/bns/hg/borg/hg/bns/blobstore2/bitpusher/23.scotty,acsfou15:443
      X-Google-Gfe-Response-Code-Details-Trace:
      - response_code_set_by_backend
      X-Google-Gfe-Service-Trace:
      - bitpusher-gcs-apiary
      X-Google-Netmon-Label:
      - /bns/hg/borg/hg/bns/blobstore2/bitpusher/23:caf3
      X-Google-Service:
      - bitpusher-gcs-apiary
      X-Google-Session-Info:
      - CN79ntKeHhoCGAY6fAoSY2xvdWQtc3RvcmFnZS1yb3N5EghiaWdzdG9yZRiKyM-4nhYiSDc2NDA4NjA1MTg1MC02cXI0cDZncGk2aG41MDZwdDhlanVxODNkaTM0MWh1ci5hcHBzLmdvb2dsZXVzZXJjb250ZW50LmNvbTCQlgIw4Csw4Ssw4ytKmAEShAF5YTI5LkdsMzhCVEJaaGNYNUF2YTQ2cWY3dmI4bFNtWDItUUVyc2IwMENJVE9NS1JLT2tVQWdIbnEwTDM3NFV4QllVUGZMaTBwVzI1QVpaMUZ4X2JUblU1TC1JWTRubExrYUpjLUVaTkpoRXFDYTJVdmU1RDRmVWdrRUNOVEVrdnhKd0UwBDoNMS84TzV1MVo3ODNhfg
      X-Google-Shellfish-Status:
      - CA0gBEBG
      X-Guploader-Customer:
      - apiary_cloudstorage_single_post_uploads
      X-Guploader-Request-Result:
      - success
      X-Guploader-Upload-Result:
      - success
      X-Guploader-Uploadid:
      - AEnB2Uqs77V5Lyo3zk8wH0Uf_r-GrWzGnSfxFLarZyon0fQDPMeKz4Tlg4wQy5LDpO1MV3Uz9TiypSKkbIkjO4H-J9bDc_JfMA
    status: 200 OK
    code: 200
    duration: ""
- request:
    body: ""
    form: {}
    headers:
      Range:
      - bytes=10-14
    url: https://storage.googleapis.com/pledged-solved-practically/blob-for-reading
    method: GET
  response:
    body: klmno
    headers:
      Accept-Ranges:
      - bytes
      Alt-Svc:
      - quic=":443"; ma=2592000; v="44,43,39,35"
      Cache-Control:
      - private, max-age=0
      Content-Length:
      - "5"
      Content-Range:
      - bytes 10-14/27
      Content-Type:
      - text/plain; charset=utf-8
      Date:
      - Fri, 17 Aug 2018 16:43:12 GMT
      Etag:
      - '"3df96c5abe97f2967d38010870030a5f"'
      Expires:
      - Fri, 17 Aug 2018 16:43:12 GMT
      Last-Modified:
      - Fri, 17 Aug 2018 16:43:12 GMT
      Server:
      - UploadServer
      X-Goog-Generation:
      - "1534524192522273"
      X-Goog-Hash:
      - crc32c=MoVm6Q==
      - md5=PflsWr6X8pZ9OAEIcAMKXw==
      X-Goog-Metageneration:
      - "1"
      X-Goog-Storage-Class:
      - REGIONAL
      X-Goog-Stored-Content-Encoding:
      - identity
      X-Goog-Stored-Content-Length:
      - "27"
      X-Google-Backends:
      - /bns/hg/borg/hg/bns/cloud-storage/prod-cloud-storage-frontend.frontend/38,/bns/hg/borg/hg/bns/blobstore2/bitpusher/26.scotty,acsfog19:443
      X-Google-Cache-Control:
      - no-cache, no-store, max-age=0, must-revalidate
      X-Google-Dos-Service-Trace:
      - main:apps-upload-cloud-storage-unified
      X-Google-Gfe-Backend-Request-Info:
      - eid=IPt2W6nhIsSWxgOV1oXQBw
      X-Google-Gfe-Cloud-Project-Number:
      - "59487849370"
      X-Google-Gfe-Request-Trace:
      - acsfog19:443,/bns/hg/borg/hg/bns/blobstore2/bitpusher/26.scotty,acsfog19:443
      X-Google-Gfe-Response-Code-Details-Trace:
      - response_code_set_by_backend
      X-Google-Gfe-Service-Trace:
      - bitpusher-cloud-storage
      X-Google-Netmon-Label:
      - /bns/hg/borg/hg/bns/blobstore2/bitpusher/26:caf3
      X-Google-Service:
      - bitpusher-cloud-storage
      X-Google-Shellfish-Status:
      - CA0gBEBJ
      X-Google-Storage-Location:
      - US-CENTRAL1
      X-Guploader-Customer:
      - cloud-storage
      X-Guploader-Request-Result:
      - success
      X-Guploader-Upload-Result:
      - success
      X-Guploader-Uploadid:
      - AEnB2Upz2mZMeJZ_CPgAIwwsBxZjT6iwsFgoV4izxuHGwGWXTVkbD1gXyMJ9XeGtwirrHY02iCGrjMhjCij7tRtVzoAF3EIBVg
    status: 206 Partial Content
    code: 206
    duration: ""
- request:
    body: ""
    form: {}
    headers:
      User-Agent:
      - google-api-go-client/0.5
      X-Goog-Api-Client:
      - gl-go/b8669ef1ce gccl/20180226
    url: https://www.googleapis.com/storage/v1/b/pledged-solved-practically/o/blob-for-reading?alt=json
    method: DELETE
  response:
    body: ""
    headers:
      Alt-Svc:
      - quic=":443"; ma=2592000; v="44,43,39,35"
      Cache-Control:
      - no-cache, no-store, max-age=0, must-revalidate
      Content-Length:
      - "0"
      Content-Type:
      - application/json
      Date:
      - Fri, 17 Aug 2018 16:43:12 GMT
      Expires:
      - Mon, 01 Jan 1990 00:00:00 GMT
      Pragma:
      - no-cache
      Server:
      - UploadServer
      Vary:
      - Origin
      - X-Origin
      X-Google-Apiary-Auth-Expires:
      - "1534524492000"
      X-Google-Apiary-Auth-Scopes:
      - https://www.googleapis.com/auth/cloud-platform https://www.googleapis.com/auth/devstorage.full_control
        https://www.googleapis.com/auth/devstorage.read_write https://www.googleapis.com/auth/devstorage.write_only
      X-Google-Apiary-Auth-User:
      - "1039017688798"
      X-Google-Backends:
      - hglaxaat10:4356,/bns/hg/borg/hg/bns/blobstore2/bitpusher/1.scotty,acsfou15:443
      X-Google-Dos-Service-Trace:
      - main:apps-upload-cloud-storage-unified
      X-Google-Gfe-Backend-Request-Info:
      - eid=IPt2W4LvMoGaxgO0nozgAw
      X-Google-Gfe-Request-Trace:
      - acsfou15:443,/bns/hg/borg/hg/bns/blobstore2/bitpusher/1.scotty,acsfou15:443
      X-Google-Gfe-Response-Code-Details-Trace:
      - response_code_set_by_backend
      X-Google-Gfe-Service-Trace:
      - bitpusher-gcs-apiary
      X-Google-Netmon-Label:
      - /bns/hg/borg/hg/bns/blobstore2/bitpusher/1:caf3
      X-Google-Service:
      - bitpusher-gcs-apiary
      X-Google-Session-Info:
      - CN79ntKeHhoCGAY6fAoSY2xvdWQtc3RvcmFnZS1yb3N5EghiaWdzdG9yZRiKyM-4nhYiSDc2NDA4NjA1MTg1MC02cXI0cDZncGk2aG41MDZwdDhlanVxODNkaTM0MWh1ci5hcHBzLmdvb2dsZXVzZXJjb250ZW50LmNvbTCQlgIw4Csw4Ssw4ytKmAEShAF5YTI5LkdsMzhCVEJaaGNYNUF2YTQ2cWY3dmI4bFNtWDItUUVyc2IwMENJVE9NS1JLT2tVQWdIbnEwTDM3NFV4QllVUGZMaTBwVzI1QVpaMUZ4X2JUblU1TC1JWTRubExrYUpjLUVaTkpoRXFDYTJVdmU1RDRmVWdrRUNOVEVrdnhKd0UwBDoNMS84TzV1MVo3ODNhfg
      X-Google-Shellfish-Status:
      - CA0gBEBG
      X-Guploader-Customer:
      - apiary_cloudstorage_metadata
      X-Guploader-Request-Result:
      - success
      X-Guploader-Upload-Result:
      - success
      X-Guploader-Uploadid:
      - AEnB2UoSVAumozzbhdUW40T77K7N7AyzTeLeQSmkwGZ8LXx8vdezIWBPGpvgn92IredPUsF6wsVeobJxh6ufHKe2PVNoHu11yQ
    status: 204 No Content
    code: 204
    duration: ""
