---
version: 1
interactions:
- request:
    body: hello
    form: {}
    headers:
      Content-Length:
      - "5"
      User-Agent:
      - go-cloud/blob/0.1.0 Azure-Storage/0.4 (devel +56c9f8e8cf; linux)
      X-Ms-Blob-Cache-Control:
      - ""
      X-Ms-Blob-Content-Disposition:
      - ""
      X-Ms-Blob-Content-Encoding:
      - ""
      X-Ms-Blob-Content-Language:
      - ""
      X-Ms-Blob-Content-Type:
      - text/plain; charset=utf-8
      X-Ms-Blob-Type:
      - BlockBlob
      X-Ms-Version:
      - "2018-03-28"
      x-ms-date:
      - Mon, 11 Feb 2019 17:51:26 GMT
    url: https://gocloudblobtests.blob.core.windows.net/go-cloud-bucket/weird-keys%E2%98%BA%E2%98%BA%E2%98%BA
    method: PUT
  response:
    body: ""
    headers:
      Content-Md5:
      - XUFAKrxLKna5cZ2REBfFkg==
      Date:
      - Mon, 11 Feb 2019 17:51:25 GMT
      Etag:
      - '"0x8D690498B228174"'
      Last-Modified:
      - Mon, 11 Feb 2019 17:51:26 GMT
      Server:
      - Windows-Azure-Blob/1.0 Microsoft-HTTPAPI/2.0
      X-Ms-Request-Id:
      - 508e94ef-f01e-003e-3232-c22395000000
      X-Ms-Request-Server-Encrypted:
      - "true"
      X-Ms-Version:
      - "2018-03-28"
    status: 201 Created
    code: 201
    duration: ""
- request:
    body: ""
    form: {}
    headers:
      User-Agent:
      - go-cloud/blob/0.1.0 Azure-Storage/0.4 (devel +56c9f8e8cf; linux)
      X-Ms-Version:
      - "2018-03-28"
      x-ms-date:
      - Mon, 11 Feb 2019 17:51:26 GMT
    url: https://gocloudblobtests.blob.core.windows.net/go-cloud-bucket/weird-keys%E2%98%BA%E2%98%BA%E2%98%BA
    method: GET
  response:
    body: hello
    headers:
      Accept-Ranges:
      - bytes
      Content-Disposition:
      - ""
      Content-Length:
      - "5"
      Content-Md5:
      - XUFAKrxLKna5cZ2REBfFkg==
      Content-Type:
      - text/plain; charset=utf-8
      Date:
      - Mon, 11 Feb 2019 17:51:25 GMT
      Etag:
      - '"0x8D690498B228174"'
      Last-Modified:
      - Mon, 11 Feb 2019 17:51:26 GMT
      Server:
      - Windows-Azure-Blob/1.0 Microsoft-HTTPAPI/2.0
      X-Ms-Blob-Type:
      - BlockBlob
      X-Ms-Creation-Time:
      - Mon, 11 Feb 2019 17:51:26 GMT
      X-Ms-Lease-State:
      - available
      X-Ms-Lease-Status:
      - unlocked
      X-Ms-Request-Id:
      - 508e94f9-f01e-003e-3a32-c22395000000
      X-Ms-Server-Encrypted:
      - "true"
      X-Ms-Version:
      - "2018-03-28"
    status: 200 OK
    code: 200
    duration: ""
- request:
    body: ""
    form: {}
    headers:
      User-Agent:
      - go-cloud/blob/0.1.0 Azure-Storage/0.4 (devel +56c9f8e8cf; linux)
      X-Ms-Version:
      - "2018-03-28"
      x-ms-date:
      - Mon, 11 Feb 2019 17:51:26 GMT
    url: https://gocloudblobtests.blob.core.windows.net/go-cloud-bucket/weird-keys%E2%98%BA%E2%98%BA%E2%98%BA
    method: HEAD
  response:
    body: ""
    headers:
      Accept-Ranges:
      - bytes
      Content-Disposition:
      - ""
      Content-Length:
      - "5"
      Content-Md5:
      - XUFAKrxLKna5cZ2REBfFkg==
      Content-Type:
      - text/plain; charset=utf-8
      Date:
      - Mon, 11 Feb 2019 17:51:25 GMT
      Etag:
      - '"0x8D690498B228174"'
      Last-Modified:
      - Mon, 11 Feb 2019 17:51:26 GMT
      Server:
      - Windows-Azure-Blob/1.0 Microsoft-HTTPAPI/2.0
      X-Ms-Access-Tier:
      - Hot
      X-Ms-Access-Tier-Inferred:
      - "true"
      X-Ms-Blob-Type:
      - BlockBlob
      X-Ms-Creation-Time:
      - Mon, 11 Feb 2019 17:51:26 GMT
      X-Ms-Lease-State:
      - available
      X-Ms-Lease-Status:
      - unlocked
      X-Ms-Request-Id:
      - 508e94fc-f01e-003e-3d32-c22395000000
      X-Ms-Server-Encrypted:
      - "true"
      X-Ms-Version:
      - "2018-03-28"
    status: 200 OK
    code: 200
    duration: ""
- request:
    body: ""
    form: {}
    headers: {}
    url: https://gocloudblobtests.blob.core.windows.net/go-cloud-bucket/weird-keys%E2%98%BA%E2%98%BA%E2%98%BA?se=2019-02-11T18%3A51%3A26Z&sig=hCWgAZgo9%2BBlq3gk6UYyLwoydSYI7LX1IeQ8MI0JahI%3D&sp=r&spr=https&sr=b&sv=2018-03-28
    method: GET
  response:
    body: hello
    headers:
      Accept-Ranges:
      - bytes
      Content-Disposition:
      - ""
      Content-Length:
      - "5"
      Content-Md5:
      - XUFAKrxLKna5cZ2REBfFkg==
      Content-Type:
      - text/plain; charset=utf-8
      Date:
      - Mon, 11 Feb 2019 17:51:25 GMT
      Etag:
      - '"0x8D690498B228174"'
      Last-Modified:
      - Mon, 11 Feb 2019 17:51:26 GMT
      Server:
      - Windows-Azure-Blob/1.0 Microsoft-HTTPAPI/2.0
      X-Ms-Blob-Type:
      - BlockBlob
      X-Ms-Creation-Time:
      - Mon, 11 Feb 2019 17:51:26 GMT
      X-Ms-Lease-State:
      - available
      X-Ms-Lease-Status:
      - unlocked
      X-Ms-Request-Id:
      - 508e9503-f01e-003e-4332-c22395000000
      X-Ms-Server-Encrypted:
      - "true"
      X-Ms-Version:
      - "2018-03-28"
    status: 200 OK
    code: 200
    duration: ""
- request:
    body: ""
    form: {}
    headers:
      User-Agent:
      - go-cloud/blob/0.1.0 Azure-Storage/0.4 (devel +56c9f8e8cf; linux)
      X-Ms-Delete-Snapshots:
      - include
      X-Ms-Version:
      - "2018-03-28"
      x-ms-date:
      - Mon, 11 Feb 2019 17:51:26 GMT
    url: https://gocloudblobtests.blob.core.windows.net/go-cloud-bucket/weird-keys%E2%98%BA%E2%98%BA%E2%98%BA
    method: DELETE
  response:
    body: ""
    headers:
      Date:
      - Mon, 11 Feb 2019 17:51:26 GMT
      Server:
      - Windows-Azure-Blob/1.0 Microsoft-HTTPAPI/2.0
      X-Ms-Delete-Type-Permanent:
      - "true"
      X-Ms-Request-Id:
      - 508e950c-f01e-003e-4c32-c22395000000
      X-Ms-Version:
      - "2018-03-28"
    status: 202 Accepted
    code: 202
    duration: ""
