---
version: 1
interactions:
- request:
    body: Hello World
    form: {}
    headers:
      Cache-Control:
      - no-cache
      Content-Disposition:
      - inline
      Content-Encoding:
      - identity
      Content-Language:
      - en
      Content-Length:
      - "11"
      Content-Md5:
      - sQqNsWTgdUEFt6mb5y4/5Q==
      Content-Type:
      - text/plain
      User-Agent:
      - aws-sdk-go/1.19.16 (go1.12; linux; amd64) S3Manager
      X-Amz-Content-Sha256:
      - a591a6d40bf420404a011733cfb7b190d62c65bf0bcda32b57b277d9ad9f146e
      X-Amz-Date:
      - 20190426T212645Z
      X-Amz-Meta-Foo:
      - bar
    url: https://go-cloud-testing.s3.us-west-1.amazonaws.com/blob-for-copying-src
    method: PUT
  response:
    body: ""
    headers:
      Content-Length:
      - "0"
      Date:
      - Fri, 26 Apr 2019 21:26:46 GMT
      Etag:
      - '"b10a8db164e0754105b7a99be72e3fe5"'
      Server:
      - AmazonS3
      X-Amz-Id-2:
      - Y/c4XK9e+SBozcrU1ewNEEolrc0nDv49tq/M4uQABCBAYll3B+gnvbuv8gHkq071eV/Tknx6vkM=
      X-Amz-Request-Id:
      - 9DEFCB8925EF54C1
    status: 200 OK
    code: 200
    duration: ""
- request:
    body: ""
    form: {}
    headers:
      User-Agent:
      - aws-sdk-go/1.19.16 (go1.12; linux; amd64)
      X-Amz-Content-Sha256:
      - e3b0c44298fc1c149afbf4c8996fb92427ae41e4649b934ca495991b7852b855
      X-Amz-Date:
      - 20190426T212645Z
    url: https://go-cloud-testing.s3.us-west-1.amazonaws.com/blob-for-copying-src
    method: HEAD
  response:
    body: ""
    headers:
      Accept-Ranges:
      - bytes
      Cache-Control:
      - no-cache
      Content-Disposition:
      - inline
      Content-Encoding:
      - identity
      Content-Language:
      - en
      Content-Length:
      - "11"
      Content-Type:
      - text/plain
      Date:
      - Fri, 26 Apr 2019 21:26:46 GMT
      Etag:
      - '"b10a8db164e0754105b7a99be72e3fe5"'
      Last-Modified:
      - Fri, 26 Apr 2019 21:26:46 GMT
      Server:
      - AmazonS3
      X-Amz-Id-2:
      - FZw60hOnl0eK0JM23AxKGnLjZsGxDnrjEzwboCadB9Vs1LSq1BMuEseWIjxBpgaKqE6VYDXX0SY=
      X-Amz-Meta-Foo:
      - bar
      X-Amz-Request-Id:
      - 3438E80500C0E4C8
    status: 200 OK
    code: 200
    duration: ""
- request:
    body: clobber me
    form: {}
    headers:
      Content-Length:
      - "10"
      Content-Md5:
      - oPqafXJA1cXuvXCJlDDFlw==
      Content-Type:
      - text/plain; charset=utf-8
      User-Agent:
      - aws-sdk-go/1.19.16 (go1.12; linux; amd64) S3Manager
      X-Amz-Content-Sha256:
      - cbaa060c695ffea336ebacf821fd121c12e6cddc83d19baae739412dc80c42d5
      X-Amz-Date:
      - 20190426T212645Z
    url: https://go-cloud-testing.s3.us-west-1.amazonaws.com/blob-for-copying-dest-exists
    method: PUT
  response:
    body: ""
    headers:
      Content-Length:
      - "0"
      Date:
      - Fri, 26 Apr 2019 21:26:46 GMT
      Etag:
      - '"a0fa9a7d7240d5c5eebd70899430c597"'
      Server:
      - AmazonS3
      X-Amz-Id-2:
      - ndZep/Fz9QKo3v7NwGyl1pXsU1/z+z6ruVHUB9pqL7kinNoBZlOgroB+rkznqmBFrkJINuiXTsM=
      X-Amz-Request-Id:
      - 848125ACA73B392D
    status: 200 OK
    code: 200
    duration: ""
- request:
    body: ""
    form: {}
    headers:
      User-Agent:
      - aws-sdk-go/1.19.16 (go1.12; linux; amd64)
      X-Amz-Content-Sha256:
      - e3b0c44298fc1c149afbf4c8996fb92427ae41e4649b934ca495991b7852b855
      X-Amz-Copy-Source:
      - go-cloud-testing/blob-for-copying-src
      X-Amz-Date:
      - 20190426T212645Z
    url: https://go-cloud-testing.s3.us-west-1.amazonaws.com/blob-for-copying-dest
    method: PUT
  response:
    body: |-
      <?xml version="1.0" encoding="UTF-8"?>
      <CopyObjectResult xmlns="http://s3.amazonaws.com/doc/2006-03-01/"><LastModified>2019-04-26T21:26:46.000Z</LastModified><ETag>&quot;b10a8db164e0754105b7a99be72e3fe5&quot;</ETag></CopyObjectResult>
    headers:
      Content-Length:
      - "234"
      Content-Type:
      - application/xml
      Date:
      - Fri, 26 Apr 2019 21:26:46 GMT
      Server:
      - AmazonS3
      X-Amz-Id-2:
      - mO/wA4NAEZp9ABMONe8cVlRY1BigYPzm5JEl7BOo2fgpR3L2VT0q3OLN0NB3ea6m84taW9rT1F4=
      X-Amz-Request-Id:
      - 768270F386F49B9A
    status: 200 OK
    code: 200
    duration: ""
- request:
    body: ""
    form: {}
    headers:
      User-Agent:
      - aws-sdk-go/1.19.16 (go1.12; linux; amd64)
      X-Amz-Content-Sha256:
      - e3b0c44298fc1c149afbf4c8996fb92427ae41e4649b934ca495991b7852b855
      X-Amz-Date:
      - 20190426T212645Z
    url: https://go-cloud-testing.s3.us-west-1.amazonaws.com/blob-for-copying-dest
    method: GET
  response:
    body: Hello World
    headers:
      Accept-Ranges:
      - bytes
      Cache-Control:
      - no-cache
      Content-Disposition:
      - inline
      Content-Encoding:
      - identity
      Content-Language:
      - en
      Content-Length:
      - "11"
      Content-Type:
      - text/plain
      Date:
      - Fri, 26 Apr 2019 21:26:46 GMT
      Etag:
      - '"b10a8db164e0754105b7a99be72e3fe5"'
      Last-Modified:
      - Fri, 26 Apr 2019 21:26:46 GMT
      Server:
      - AmazonS3
      X-Amz-Id-2:
      - 2MggeiKlHCMROopJwFbODMf6NnPFfvd9NKGqZ3J/xh9LoRnb+Jug+Ln/SFLoMDGFlzRBhYiSQ3I=
      X-Amz-Meta-Foo:
      - bar
      X-Amz-Request-Id:
      - 6D39DB484FE6BAA5
    status: 200 OK
    code: 200
    duration: ""
- request:
    body: ""
    form: {}
    headers:
      User-Agent:
      - aws-sdk-go/1.19.16 (go1.12; linux; amd64)
      X-Amz-Content-Sha256:
      - e3b0c44298fc1c149afbf4c8996fb92427ae41e4649b934ca495991b7852b855
      X-Amz-Date:
      - 20190426T212645Z
    url: https://go-cloud-testing.s3.us-west-1.amazonaws.com/blob-for-copying-dest
    method: HEAD
  response:
    body: ""
    headers:
      Accept-Ranges:
      - bytes
      Cache-Control:
      - no-cache
      Content-Disposition:
      - inline
      Content-Encoding:
      - identity
      Content-Language:
      - en
      Content-Length:
      - "11"
      Content-Type:
      - text/plain
      Date:
      - Fri, 26 Apr 2019 21:26:46 GMT
      Etag:
      - '"b10a8db164e0754105b7a99be72e3fe5"'
      Last-Modified:
      - Fri, 26 Apr 2019 21:26:46 GMT
      Server:
      - AmazonS3
      X-Amz-Id-2:
      - AfAPsGUOu/p09EdI/wjzkfcrP5n9FjIq1SBDeiQScztYxrexzn0GRaF9NGuAWdVeErRSawNkMdM=
      X-Amz-Meta-Foo:
      - bar
      X-Amz-Request-Id:
      - 0E29D08354BF23EF
    status: 200 OK
    code: 200
    duration: ""
- request:
    body: ""
    form: {}
    headers:
      User-Agent:
      - aws-sdk-go/1.19.16 (go1.12; linux; amd64)
      X-Amz-Content-Sha256:
      - e3b0c44298fc1c149afbf4c8996fb92427ae41e4649b934ca495991b7852b855
      X-Amz-Copy-Source:
      - go-cloud-testing/blob-for-copying-src
      X-Amz-Date:
      - 20190426T212645Z
    url: https://go-cloud-testing.s3.us-west-1.amazonaws.com/blob-for-copying-dest-exists
    method: PUT
  response:
    body: |-
      <?xml version="1.0" encoding="UTF-8"?>
      <CopyObjectResult xmlns="http://s3.amazonaws.com/doc/2006-03-01/"><LastModified>2019-04-26T21:26:46.000Z</LastModified><ETag>&quot;b10a8db164e0754105b7a99be72e3fe5&quot;</ETag></CopyObjectResult>
    headers:
      Content-Length:
      - "234"
      Content-Type:
      - application/xml
      Date:
      - Fri, 26 Apr 2019 21:26:46 GMT
      Server:
      - AmazonS3
      X-Amz-Id-2:
      - xCWawkIK9Lahaa9KlRt7+kdaP4okQJ5Q47HSYyMti4hBkl7+0neZqIQ1XLT0WJq8J3YAvsZ7bw4=
      X-Amz-Request-Id:
      - 3BA0B5A27782578A
    status: 200 OK
    code: 200
    duration: ""
- request:
    body: ""
    form: {}
    headers:
      User-Agent:
      - aws-sdk-go/1.19.16 (go1.12; linux; amd64)
      X-Amz-Content-Sha256:
      - e3b0c44298fc1c149afbf4c8996fb92427ae41e4649b934ca495991b7852b855
      X-Amz-Date:
      - 20190426T212645Z
    url: https://go-cloud-testing.s3.us-west-1.amazonaws.com/blob-for-copying-dest-exists
    method: GET
  response:
    body: Hello World
    headers:
      Accept-Ranges:
      - bytes
      Cache-Control:
      - no-cache
      Content-Disposition:
      - inline
      Content-Encoding:
      - identity
      Content-Language:
      - en
      Content-Length:
      - "11"
      Content-Type:
      - text/plain
      Date:
      - Fri, 26 Apr 2019 21:26:46 GMT
      Etag:
      - '"b10a8db164e0754105b7a99be72e3fe5"'
      Last-Modified:
      - Fri, 26 Apr 2019 21:26:46 GMT
      Server:
      - AmazonS3
      X-Amz-Id-2:
      - Mm/5ZDUqX27AP3R3nh+76XDTQXZq+OmZaPEHUobtXsTvJcogM7x1LI/mfTKHnk8uyVUX8oJ3sh0=
      X-Amz-Meta-Foo:
      - bar
      X-Amz-Request-Id:
      - 20D19CC71AB2F063
    status: 200 OK
    code: 200
    duration: ""
- request:
    body: ""
    form: {}
    headers:
      User-Agent:
      - aws-sdk-go/1.19.16 (go1.12; linux; amd64)
      X-Amz-Content-Sha256:
      - e3b0c44298fc1c149afbf4c8996fb92427ae41e4649b934ca495991b7852b855
      X-Amz-Date:
      - 20190426T212645Z
    url: https://go-cloud-testing.s3.us-west-1.amazonaws.com/blob-for-copying-dest-exists
    method: HEAD
  response:
    body: ""
    headers:
      Accept-Ranges:
      - bytes
      Cache-Control:
      - no-cache
      Content-Disposition:
      - inline
      Content-Encoding:
      - identity
      Content-Language:
      - en
      Content-Length:
      - "11"
      Content-Type:
      - text/plain
      Date:
      - Fri, 26 Apr 2019 21:26:46 GMT
      Etag:
      - '"b10a8db164e0754105b7a99be72e3fe5"'
      Last-Modified:
      - Fri, 26 Apr 2019 21:26:46 GMT
      Server:
      - AmazonS3
      X-Amz-Id-2:
      - XYBVCI+CMSa1BBKijNYDtM+eGN8zkzZMS7tKWn4pJO3TLIN69H3CUJQVsSas0V55qK6bTz40nys=
      X-Amz-Meta-Foo:
      - bar
      X-Amz-Request-Id:
      - CAEE685A0B3F14F7
    status: 200 OK
    code: 200
    duration: ""
