---
version: 1
interactions:
- request:
    body: "--7768534cff9a5d35d44892673824a349baa85a56b898d45b7e3e3ed09e07\r\nContent-Type:
      application/json\r\n\r\n{\"bucket\":\"go-cloud-blob-test-bucket\",\"contentType\":\"text/plain;
      charset=utf-8\",\"md5Hash\":\"dH9B/ScP7BuCvgMMwc1IAQ==\",\"name\":\"blob-for-reading\"}\n\r\n--7768534cff9a5d35d44892673824a349baa85a56b898d45b7e3e3ed09e07\r\nContent-Type:
      text/plain; charset=utf-8\r\n\r\nexisting content\r\n--7768534cff9a5d35d44892673824a349baa85a56b898d45b7e3e3ed09e07--\r\n"
    form: {}
    headers:
      Content-Type:
      - multipart/related; boundary=7768534cff9a5d35d44892673824a349baa85a56b898d45b7e3e3ed09e07
      User-Agent:
      - google-api-go-client/0.5 go-cloud/blob/0.1.0
      X-Goog-Api-Client:
      - gl-go/1.12.0 gccl/20180226
    url: https://www.googleapis.com/upload/storage/v1/b/go-cloud-blob-test-bucket/o?alt=json&prettyPrint=false&projection=full&uploadType=multipart
    method: POST
  response:
    body: '{"kind":"storage#object","id":"go-cloud-blob-test-bucket/blob-for-reading/1555606684819782","selfLink":"https://www.googleapis.com/storage/v1/b/go-cloud-blob-test-bucket/o/blob-for-reading","name":"blob-for-reading","bucket":"go-cloud-blob-test-bucket","generation":"1555606684819782","metageneration":"1","contentType":"text/plain;
      charset=utf-8","timeCreated":"2019-04-18T16:58:04.818Z","updated":"2019-04-18T16:58:04.818Z","storageClass":"REGIONAL","timeStorageClassUpdated":"2019-04-18T16:58:04.818Z","size":"16","md5Hash":"dH9B/ScP7BuCvgMMwc1IAQ==","mediaLink":"https://www.googleapis.com/download/storage/v1/b/go-cloud-blob-test-bucket/o/blob-for-reading?generation=1555606684819782&alt=media","acl":[{"kind":"storage#objectAccessControl","id":"go-cloud-blob-test-bucket/blob-for-reading/1555606684819782/project-owners-892942638129","selfLink":"https://www.googleapis.com/storage/v1/b/go-cloud-blob-test-bucket/o/blob-for-reading/acl/project-owners-892942638129","bucket":"go-cloud-blob-test-bucket","object":"blob-for-reading","generation":"1555606684819782","entity":"project-owners-892942638129","role":"OWNER","projectTeam":{"projectNumber":"892942638129","team":"owners"},"etag":"CMbC776O2uECEAE="},{"kind":"storage#objectAccessControl","id":"go-cloud-blob-test-bucket/blob-for-reading/1555606684819782/project-editors-892942638129","selfLink":"https://www.googleapis.com/storage/v1/b/go-cloud-blob-test-bucket/o/blob-for-reading/acl/project-editors-892942638129","bucket":"go-cloud-blob-test-bucket","object":"blob-for-reading","generation":"1555606684819782","entity":"project-editors-892942638129","role":"OWNER","projectTeam":{"projectNumber":"892942638129","team":"editors"},"etag":"CMbC776O2uECEAE="},{"kind":"storage#objectAccessControl","id":"go-cloud-blob-test-bucket/blob-for-reading/1555606684819782/project-viewers-892942638129","selfLink":"https://www.googleapis.com/storage/v1/b/go-cloud-blob-test-bucket/o/blob-for-reading/acl/project-viewers-892942638129","bucket":"go-cloud-blob-test-bucket","object":"blob-for-reading","generation":"1555606684819782","entity":"project-viewers-892942638129","role":"READER","projectTeam":{"projectNumber":"892942638129","team":"viewers"},"etag":"CMbC776O2uECEAE="},{"kind":"storage#objectAccessControl","id":"go-cloud-blob-test-bucket/blob-for-reading/1555606684819782/user-light@google.com","selfLink":"https://www.googleapis.com/storage/v1/b/go-cloud-blob-test-bucket/o/blob-for-reading/acl/user-light@google.com","bucket":"go-cloud-blob-test-bucket","object":"blob-for-reading","generation":"1555606684819782","entity":"user-light@google.com","role":"OWNER","email":"light@google.com","etag":"CMbC776O2uECEAE="}],"owner":{"entity":"user-light@google.com"},"crc32c":"w/r/XA==","etag":"CMbC776O2uECEAE="}'
    headers:
      Alt-Svc:
      - quic=":443"; ma=2592000; v="46,44,43,39"
      Cache-Control:
      - no-cache, no-store, max-age=0, must-revalidate
      Content-Length:
      - "2768"
      Content-Type:
      - application/json; charset=UTF-8
      Date:
      - Thu, 18 Apr 2019 16:58:04 GMT
      Etag:
      - CMbC776O2uECEAE=
      Expires:
      - Mon, 01 Jan 1990 00:00:00 GMT
      Pragma:
      - no-cache
      Server:
      - UploadServer
      Vary:
      - Origin
      - X-Origin
      X-Guploader-Customer:
      - apiary_cloudstorage_single_post_uploads
      X-Guploader-Request-Result:
      - success
      X-Guploader-Upload-Result:
      - success
      X-Guploader-Uploadid:
      - AEnB2UryM36pZxwHiEWu86S4AEdEChdQTAf5vRlmlKWUAM2X3Br5k607M7nYQCSXwtgqbm6ykT950VwQ-VJwiE4gazbpI3N8tg
    status: 200 OK
    code: 200
    duration: ""
- request:
    body: ""
    form: {}
    headers:
      User-Agent:
      - ' go-cloud/blob/0.1.0'
    url: https://storage.googleapis.com/go-cloud-blob-test-bucket/blob-for-reading
    method: GET
  response:
    body: existing content
    headers:
      Accept-Ranges:
      - bytes
      Alt-Svc:
      - quic=":443"; ma=2592000; v="46,44,43,39"
      Cache-Control:
      - private, max-age=0
      Content-Length:
      - "16"
      Content-Type:
      - text/plain; charset=utf-8
      Date:
      - Thu, 18 Apr 2019 16:58:04 GMT
      Etag:
      - '"747f41fd270fec1b82be030cc1cd4801"'
      Expires:
      - Thu, 18 Apr 2019 16:58:04 GMT
      Last-Modified:
      - Thu, 18 Apr 2019 16:58:04 GMT
      Server:
      - UploadServer
      X-Goog-Generation:
      - "1555606684819782"
      X-Goog-Hash:
      - crc32c=w/r/XA==
      - md5=dH9B/ScP7BuCvgMMwc1IAQ==
      X-Goog-Metageneration:
      - "1"
      X-Goog-Storage-Class:
      - REGIONAL
      X-Goog-Stored-Content-Encoding:
      - identity
      X-Goog-Stored-Content-Length:
      - "16"
      X-Guploader-Customer:
      - cloud-storage
      X-Guploader-Request-Result:
      - success
      X-Guploader-Upload-Result:
      - success
      X-Guploader-Uploadid:
      - AEnB2UrxHxhmpt7FqqbVd7Yf0LZI0drxaWwQ79p_eM8JbiU5GqpcjRVOsQ3Aa8CtmqggRWTOvIqCAIUe6WOfieKBOEFlnpfu3g
    status: 200 OK
    code: 200
    duration: ""
- request:
    body: ""
    form: {}
    headers:
      User-Agent:
      - google-api-go-client/0.5 go-cloud/blob/0.1.0
      X-Goog-Api-Client:
      - gl-go/1.12.0 gccl/20180226
    url: https://www.googleapis.com/storage/v1/b/go-cloud-blob-test-bucket/o/blob-for-reading?alt=json&prettyPrint=false
    method: DELETE
  response:
    body: ""
    headers:
      Alt-Svc:
      - quic=":443"; ma=2592000; v="46,44,43,39"
      Cache-Control:
      - no-cache, no-store, max-age=0, must-revalidate
      Content-Length:
      - "0"
      Content-Type:
      - application/json
      Date:
      - Thu, 18 Apr 2019 16:58:05 GMT
      Expires:
      - Mon, 01 Jan 1990 00:00:00 GMT
      Pragma:
      - no-cache
      Server:
      - UploadServer
      Vary:
      - Origin
      - X-Origin
      X-Guploader-Customer:
      - apiary_cloudstorage_metadata
      X-Guploader-Request-Result:
      - success
      X-Guploader-Upload-Result:
      - success
      X-Guploader-Uploadid:
      - AEnB2Urgii6C0Q2xfz7eewg779b8qSFwtWeYmSPOiaScIQ3_hLlYtho5VmtGabtf_EiGUsEJAFan-djzL8RiURoBpRqfEty7Xw
    status: 204 No Content
    code: 204
    duration: ""
