---
version: 1
interactions:
- request:
    body: ""
    form: {}
    headers:
      User-Agent:
      - aws-sdk-go/1.19.16 (go1.12; linux; amd64)
      X-Amz-Content-Sha256:
      - e3b0c44298fc1c149afbf4c8996fb92427ae41e4649b934ca495991b7852b855
      X-Amz-Date:
      - 20190426T212648Z
    url: https://go-cloud-testing.s3.us-west-1.amazonaws.com/?max-keys=1000&prefix=blob-for-list
    method: GET
  response:
    body: |-
      <?xml version="1.0" encoding="UTF-8"?>
      <ListBucketResult xmlns="http://s3.amazonaws.com/doc/2006-03-01/"><Name>go-cloud-testing</Name><Prefix>blob-for-list</Prefix><Marker></Marker><MaxKeys>1000</MaxKeys><IsTruncated>false</IsTruncated><Contents><Key>blob-for-list-0</Key><LastModified>2019-03-07T16:50:24.000Z</LastModified><ETag>&quot;5d41402abc4b2a76b9719d911017c592&quot;</ETag><Size>5</Size><Owner><ID>e1f8084cdfae4a96c0ca8d343fe30bfc18997dd786ab0930b2492a01f5f85b3b</ID><DisplayName>rvangent</DisplayName></Owner><StorageClass>STANDARD</StorageClass></Contents><Contents><Key>blob-for-list-1</Key><LastModified>2019-04-26T21:26:43.000Z</LastModified><ETag>&quot;5d41402abc4b2a76b9719d911017c592&quot;</ETag><Size>5</Size><Owner><ID>e1f8084cdfae4a96c0ca8d343fe30bfc18997dd786ab0930b2492a01f5f85b3b</ID><DisplayName>rvangent</DisplayName></Owner><StorageClass>STANDARD</StorageClass></Contents><Contents><Key>blob-for-list-2</Key><LastModified>2019-03-07T16:50:24.000Z</LastModified><ETag>&quot;5d41402abc4b2a76b9719d911017c592&quot;</ETag><Size>5</Size><Owner><ID>e1f8084cdfae4a96c0ca8d343fe30bfc18997dd786ab0930b2492a01f5f85b3b</ID><DisplayName>rvangent</DisplayName></Owner><StorageClass>STANDARD</StorageClass></Contents></ListBucketResult>
    headers:
      Content-Type:
      - application/xml
      Date:
      - Fri, 26 Apr 2019 21:26:49 GMT
      Server:
      - AmazonS3
      X-Amz-Bucket-Region:
      - us-west-1
      X-Amz-Id-2:
      - 56U2Jx9eX4wqrICPpJYMmPmPUlJMvg+kNAj21ta5rRw+O+tJ9xYipblDL3tqnyMg25k9crN70es=
      X-Amz-Request-Id:
      - 63707D7C0CAD58E5
    status: 200 OK
    code: 200
    duration: ""
- request:
    body: ""
    form: {}
    headers:
      User-Agent:
      - aws-sdk-go/1.19.16 (go1.12; linux; amd64)
      X-Amz-Content-Sha256:
      - e3b0c44298fc1c149afbf4c8996fb92427ae41e4649b934ca495991b7852b855
      X-Amz-Date:
      - 20190426T212648Z
    url: https://go-cloud-testing.s3.us-west-1.amazonaws.com/?max-keys=2&prefix=blob-for-list
    method: GET
  response:
    body: |-
      <?xml version="1.0" encoding="UTF-8"?>
      <ListBucketResult xmlns="http://s3.amazonaws.com/doc/2006-03-01/"><Name>go-cloud-testing</Name><Prefix>blob-for-list</Prefix><Marker></Marker><MaxKeys>2</MaxKeys><IsTruncated>true</IsTruncated><Contents><Key>blob-for-list-0</Key><LastModified>2019-03-07T16:50:24.000Z</LastModified><ETag>&quot;5d41402abc4b2a76b9719d911017c592&quot;</ETag><Size>5</Size><Owner><ID>e1f8084cdfae4a96c0ca8d343fe30bfc18997dd786ab0930b2492a01f5f85b3b</ID><DisplayName>rvangent</DisplayName></Owner><StorageClass>STANDARD</StorageClass></Contents><Contents><Key>blob-for-list-1</Key><LastModified>2019-04-26T21:26:43.000Z</LastModified><ETag>&quot;5d41402abc4b2a76b9719d911017c592&quot;</ETag><Size>5</Size><Owner><ID>e1f8084cdfae4a96c0ca8d343fe30bfc18997dd786ab0930b2492a01f5f85b3b</ID><DisplayName>rvangent</DisplayName></Owner><StorageClass>STANDARD</StorageClass></Contents></ListBucketResult>
    headers:
      Content-Type:
      - application/xml
      Date:
      - Fri, 26 Apr 2019 21:26:49 GMT
      Server:
      - AmazonS3
      X-Amz-Bucket-Region:
      - us-west-1
      X-Amz-Id-2:
      - hw6ngDSXCDYANJecGz0lZ15ZQM+XRthnT4P19OJk/hbKlO8b/PeaQUj/v+Ck5DmDHWhEXFpNOas=
      X-Amz-Request-Id:
      - 27404B262E6A1F6F
    status: 200 OK
    code: 200
    duration: ""
- request:
    body: ""
    form: {}
    headers:
      User-Agent:
      - aws-sdk-go/1.19.16 (go1.12; linux; amd64)
      X-Amz-Content-Sha256:
      - e3b0c44298fc1c149afbf4c8996fb92427ae41e4649b934ca495991b7852b855
      X-Amz-Date:
      - 20190426T212648Z
    url: https://go-cloud-testing.s3.us-west-1.amazonaws.com/blob-for-list-1
    method: HEAD
  response:
    body: ""
    headers:
      Accept-Ranges:
      - bytes
      Content-Length:
      - "5"
      Content-Type:
      - text/plain; charset=utf-8
      Date:
      - Fri, 26 Apr 2019 21:26:49 GMT
      Etag:
      - '"5d41402abc4b2a76b9719d911017c592"'
      Last-Modified:
      - Fri, 26 Apr 2019 21:26:43 GMT
      Server:
      - AmazonS3
      X-Amz-Id-2:
      - quhi0AFa0gHpKUyid/LxVZP9uenZ6ni9PkrvE2zuwE06qT+n3ws50xacLOLzsiu4S/TrX1IpU7U=
      X-Amz-Request-Id:
      - 3715B74640978240
    status: 200 OK
    code: 200
    duration: ""
- request:
    body: ""
    form: {}
    headers:
      User-Agent:
      - aws-sdk-go/1.19.16 (go1.12; linux; amd64)
      X-Amz-Content-Sha256:
      - e3b0c44298fc1c149afbf4c8996fb92427ae41e4649b934ca495991b7852b855
      X-Amz-Date:
      - 20190426T212648Z
    url: https://go-cloud-testing.s3.us-west-1.amazonaws.com/blob-for-list-1
    method: DELETE
  response:
    body: ""
    headers:
      Date:
      - Fri, 26 Apr 2019 21:26:49 GMT
      Server:
      - AmazonS3
      X-Amz-Id-2:
      - kT2/IpwjwCWpBjJtQ6qO82TJzpSypv83BvqUh77JnnRl62ly0mP4VcmLS0xTGyBH6vhur6GCJrY=
      X-Amz-Request-Id:
      - 60354974C064C1A4
    status: 204 No Content
    code: 204
    duration: ""
- request:
    body: ""
    form: {}
    headers:
      User-Agent:
      - aws-sdk-go/1.19.16 (go1.12; linux; amd64)
      X-Amz-Content-Sha256:
      - e3b0c44298fc1c149afbf4c8996fb92427ae41e4649b934ca495991b7852b855
      X-Amz-Date:
      - 20190426T212648Z
    url: https://go-cloud-testing.s3.us-west-1.amazonaws.com/?marker=blob-for-list-1&max-keys=1000&prefix=blob-for-list
    method: GET
  response:
    body: |-
      <?xml version="1.0" encoding="UTF-8"?>
      <ListBucketResult xmlns="http://s3.amazonaws.com/doc/2006-03-01/"><Name>go-cloud-testing</Name><Prefix>blob-for-list</Prefix><Marker>blob-for-list-1</Marker><MaxKeys>1000</MaxKeys><IsTruncated>false</IsTruncated><Contents><Key>blob-for-list-2</Key><LastModified>2019-03-07T16:50:24.000Z</LastModified><ETag>&quot;5d41402abc4b2a76b9719d911017c592&quot;</ETag><Size>5</Size><Owner><ID>e1f8084cdfae4a96c0ca8d343fe30bfc18997dd786ab0930b2492a01f5f85b3b</ID><DisplayName>rvangent</DisplayName></Owner><StorageClass>STANDARD</StorageClass></Contents></ListBucketResult>
    headers:
      Content-Type:
      - application/xml
      Date:
      - Fri, 26 Apr 2019 21:26:49 GMT
      Server:
      - AmazonS3
      X-Amz-Bucket-Region:
      - us-west-1
      X-Amz-Id-2:
      - FUowVB/0lI5fcHLE/MMCL3WExLHc47GpKmLkdPI6R3qgO9mK3aY8N8K0dB7X3Q+JfeoolvnEUdQ=
      X-Amz-Request-Id:
      - A9657C686176C425
    status: 200 OK
    code: 200
    duration: ""
- request:
    body: hello
    form: {}
    headers:
      Content-Length:
      - "5"
      Content-Md5:
      - XUFAKrxLKna5cZ2REBfFkg==
      Content-Type:
      - text/plain; charset=utf-8
      User-Agent:
      - aws-sdk-go/1.19.16 (go1.12; linux; amd64) S3Manager
      X-Amz-Content-Sha256:
      - 2cf24dba5fb0a30e26e83b2ac5b9e29e1b161e5c1fa7425e73043362938b9824
      X-Amz-Date:
      - 20190426T212648Z
    url: https://go-cloud-testing.s3.us-west-1.amazonaws.com/blob-for-list-1
    method: PUT
  response:
    body: ""
    headers:
      Content-Length:
      - "0"
      Date:
      - Fri, 26 Apr 2019 21:26:49 GMT
      Etag:
      - '"5d41402abc4b2a76b9719d911017c592"'
      Server:
      - AmazonS3
      X-Amz-Id-2:
      - F/WL/wUp3oJT5DbFbUv8GChfnxHzlMaiaai94e1TXMlhqpTqmiM4CPx69gFGIizSunCbjPllmYE=
      X-Amz-Request-Id:
      - 4FDD7CEF7913B6FF
    status: 200 OK
    code: 200
    duration: ""
