---
version: 1
interactions:
- request:
    body: abcdefghijklmnopqurstuvwxyz
    form: {}
    headers:
      Content-Length:
      - "27"
      User-Agent:
      - X-Az-Target Azure-Storage/0.3 (go1.11.2; Windows_NT)
      X-Ms-Blob-Cache-Control:
      - ""
      X-Ms-Blob-Content-Disposition:
      - ""
      X-Ms-Blob-Content-Encoding:
      - ""
      X-Ms-Blob-Content-Language:
      - ""
      X-Ms-Blob-Content-Type:
      - text/plain; charset=utf-8
      X-Ms-Blob-Type:
      - BlockBlob
      X-Ms-Client-Request-Id:
      - c9a79d13-b4c5-4e98-6648-c0f2075edede
      X-Ms-Version:
      - "2018-03-28"
      x-ms-date:
      - Thu, 03 Jan 2019 02:36:21 GMT
    url: https://gocloud.blob.core.windows.net/go-cloud-bucket/blob-for-reading
    method: PUT
  response:
    body: ""
    headers:
      Content-Md5:
      - PflsWr6X8pZ9OAEIcAMKXw==
      Date:
      - Thu, 03 Jan 2019 02:36:20 GMT
      Etag:
      - '"0x8D671243F379669"'
      Last-Modified:
      - Thu, 03 Jan 2019 02:36:21 GMT
      Server:
      - Windows-Azure-Blob/1.0 Microsoft-HTTPAPI/2.0
      X-Ms-Request-Id:
      - 0d44c3c7-201e-0118-170d-a38d73000000
      X-Ms-Request-Server-Encrypted:
      - "true"
      X-Ms-Version:
      - "2018-03-28"
    status: 201 Created
    code: 201
    duration: ""
- request:
    body: ""
    form: {}
    headers:
      User-Agent:
      - X-Az-Target Azure-Storage/0.3 (go1.11.2; Windows_NT)
      X-Ms-Client-Request-Id:
      - e7c11fba-c3f2-44f0-5b71-02fbd0904db7
      X-Ms-Version:
      - "2018-03-28"
      x-ms-date:
      - Thu, 03 Jan 2019 02:36:21 GMT
    url: https://gocloud.blob.core.windows.net/go-cloud-bucket/blob-for-reading
    method: GET
  response:
    body: abcdefghijklmnopqurstuvwxyz
    headers:
      Accept-Ranges:
      - bytes
      Content-Disposition:
      - ""
      Content-Length:
      - "27"
      Content-Md5:
      - PflsWr6X8pZ9OAEIcAMKXw==
      Content-Type:
      - text/plain; charset=utf-8
      Date:
      - Thu, 03 Jan 2019 02:36:20 GMT
      Etag:
      - '"0x8D671243F379669"'
      Last-Modified:
      - Thu, 03 Jan 2019 02:36:21 GMT
      Server:
      - Windows-Azure-Blob/1.0 Microsoft-HTTPAPI/2.0
      X-Ms-Blob-Type:
      - BlockBlob
      X-Ms-Creation-Time:
      - Thu, 03 Jan 2019 02:36:21 GMT
      X-Ms-Lease-State:
      - available
      X-Ms-Lease-Status:
      - unlocked
      X-Ms-Request-Id:
      - 0d44c3cd-201e-0118-1d0d-a38d73000000
      X-Ms-Server-Encrypted:
      - "true"
      X-Ms-Version:
      - "2018-03-28"
    status: 200 OK
    code: 200
    duration: ""
- request:
    body: ""
    form: {}
    headers:
      User-Agent:
      - X-Az-Target Azure-Storage/0.3 (go1.11.2; Windows_NT)
      X-Ms-Client-Request-Id:
      - d253e621-54a1-42ba-4080-2edfec3372b6
      X-Ms-Delete-Snapshots:
      - include
      X-Ms-Version:
      - "2018-03-28"
      x-ms-date:
      - Thu, 03 Jan 2019 02:36:21 GMT
    url: https://gocloud.blob.core.windows.net/go-cloud-bucket/blob-for-reading
    method: DELETE
  response:
    body: ""
    headers:
      Date:
      - Thu, 03 Jan 2019 02:36:20 GMT
      Server:
      - Windows-Azure-Blob/1.0 Microsoft-HTTPAPI/2.0
      X-Ms-Delete-Type-Permanent:
      - "true"
      X-Ms-Request-Id:
      - 0d44c3d0-201e-0118-200d-a38d73000000
      X-Ms-Version:
      - "2018-03-28"
    status: 202 Accepted
    code: 202
    duration: ""
