---
version: 1
interactions:
- request:
    body: abcdefghijklmnopqurstuvwxyz
    form: {}
    headers:
      Content-Length:
      - "27"
      User-Agent:
      - X-Az-Target Azure-Storage/0.3 (go1.11.2; Windows_NT)
      X-Ms-Blob-Cache-Control:
      - ""
      X-Ms-Blob-Content-Disposition:
      - ""
      X-Ms-Blob-Content-Encoding:
      - ""
      X-Ms-Blob-Content-Language:
      - ""
      X-Ms-Blob-Content-Type:
      - text/plain; charset=utf-8
      X-Ms-Blob-Type:
      - BlockBlob
      X-Ms-Client-Request-Id:
      - 8101edb1-5a33-4b02-73a8-f2783dc12eb5
      X-Ms-Version:
      - "2018-03-28"
      x-ms-date:
      - Thu, 20 Dec 2018 02:46:33 GMT
    url: https://gocloud.blob.core.windows.net/go-cloud-bucket/blob-for-reading?timeout=4
    method: PUT
  response:
    body: ""
    headers:
      Content-Md5:
      - PflsWr6X8pZ9OAEIcAMKXw==
      Date:
      - Thu, 20 Dec 2018 02:46:33 GMT
      Etag:
      - '"0x8D666255AA315DA"'
      Last-Modified:
      - Thu, 20 Dec 2018 02:46:33 GMT
      Server:
      - Windows-Azure-Blob/1.0 Microsoft-HTTPAPI/2.0
      X-Ms-Request-Id:
      - b61a8141-701e-0062-700e-98a16b000000
      X-Ms-Request-Server-Encrypted:
      - "true"
      X-Ms-Version:
      - "2018-03-28"
    status: 201 Created
    code: 201
    duration: ""
- request:
    body: ""
    form: {}
    headers:
      User-Agent:
      - X-Az-Target Azure-Storage/0.3 (go1.11.2; Windows_NT)
      X-Ms-Client-Request-Id:
      - 2dbdf68f-c039-42ae-6002-4704e083e7fc
      X-Ms-Range:
      - bytes=10-14
      X-Ms-Version:
      - "2018-03-28"
      x-ms-date:
      - Thu, 20 Dec 2018 02:46:33 GMT
    url: https://gocloud.blob.core.windows.net/go-cloud-bucket/blob-for-reading?timeout=4
    method: GET
  response:
    body: klmno
    headers:
      Accept-Ranges:
      - bytes
      Content-Disposition:
      - ""
      Content-Length:
      - "5"
      Content-Range:
      - bytes 10-14/27
      Content-Type:
      - text/plain; charset=utf-8
      Date:
      - Thu, 20 Dec 2018 02:46:33 GMT
      Etag:
      - '"0x8D666255AA315DA"'
      Last-Modified:
      - Thu, 20 Dec 2018 02:46:33 GMT
      Server:
      - Windows-Azure-Blob/1.0 Microsoft-HTTPAPI/2.0
      X-Ms-Blob-Content-Md5:
      - PflsWr6X8pZ9OAEIcAMKXw==
      X-Ms-Blob-Type:
      - BlockBlob
      X-Ms-Creation-Time:
      - Thu, 20 Dec 2018 02:46:33 GMT
      X-Ms-Lease-State:
      - available
      X-Ms-Lease-Status:
      - unlocked
      X-Ms-Request-Id:
      - b61a8144-701e-0062-730e-98a16b000000
      X-Ms-Server-Encrypted:
      - "true"
      X-Ms-Version:
      - "2018-03-28"
    status: 206 Partial Content
    code: 206
    duration: ""
- request:
    body: ""
    form: {}
    headers:
      User-Agent:
      - X-Az-Target Azure-Storage/0.3 (go1.11.2; Windows_NT)
      X-Ms-Client-Request-Id:
      - 69452bdd-2793-4433-5c02-4a1ca2b9fcb2
      X-Ms-Version:
      - "2018-03-28"
      x-ms-date:
      - Thu, 20 Dec 2018 02:46:33 GMT
    url: https://gocloud.blob.core.windows.net/go-cloud-bucket/blob-for-reading?timeout=4
    method: HEAD
  response:
    body: ""
    headers:
      Accept-Ranges:
      - bytes
      Content-Disposition:
      - ""
      Content-Length:
      - "27"
      Content-Md5:
      - PflsWr6X8pZ9OAEIcAMKXw==
      Content-Type:
      - text/plain; charset=utf-8
      Date:
      - Thu, 20 Dec 2018 02:46:33 GMT
      Etag:
      - '"0x8D666255AA315DA"'
      Last-Modified:
      - Thu, 20 Dec 2018 02:46:33 GMT
      Server:
      - Windows-Azure-Blob/1.0 Microsoft-HTTPAPI/2.0
      X-Ms-Blob-Type:
      - BlockBlob
      X-Ms-Creation-Time:
      - Thu, 20 Dec 2018 02:46:33 GMT
      X-Ms-Lease-State:
      - available
      X-Ms-Lease-Status:
      - unlocked
      X-Ms-Request-Id:
      - b61a8145-701e-0062-740e-98a16b000000
      X-Ms-Server-Encrypted:
      - "true"
      X-Ms-Version:
      - "2018-03-28"
    status: 200 OK
    code: 200
    duration: ""
- request:
    body: ""
    form: {}
    headers:
      User-Agent:
      - X-Az-Target Azure-Storage/0.3 (go1.11.2; Windows_NT)
      X-Ms-Client-Request-Id:
      - f82f7828-78cd-40aa-5db4-cafa9b0d00f8
      X-Ms-Delete-Snapshots:
      - include
      X-Ms-Version:
      - "2018-03-28"
      x-ms-date:
      - Thu, 20 Dec 2018 02:46:33 GMT
    url: https://gocloud.blob.core.windows.net/go-cloud-bucket/blob-for-reading?timeout=4
    method: DELETE
  response:
    body: ""
    headers:
      Date:
      - Thu, 20 Dec 2018 02:46:33 GMT
      Server:
      - Windows-Azure-Blob/1.0 Microsoft-HTTPAPI/2.0
      X-Ms-Delete-Type-Permanent:
      - "true"
      X-Ms-Request-Id:
      - b61a8146-701e-0062-750e-98a16b000000
      X-Ms-Version:
      - "2018-03-28"
    status: 202 Accepted
    code: 202
    duration: ""
