---
version: 1
interactions:
- request:
    body: abcdefghijklmnopqurstuvwxyz
    form: {}
    headers:
      Content-Length:
      - "27"
      User-Agent:
      - X-Az-Target Azure-Storage/0.3 (go1.11.2; Windows_NT)
      X-Ms-Blob-Cache-Control:
      - ""
      X-Ms-Blob-Content-Disposition:
      - ""
      X-Ms-Blob-Content-Encoding:
      - ""
      X-Ms-Blob-Content-Language:
      - ""
      X-Ms-Blob-Content-Type:
      - text/plain; charset=utf-8
      X-Ms-Blob-Type:
      - BlockBlob
      X-Ms-Client-Request-Id:
      - c00e1653-cec3-4831-7d17-79a4d26b82c9
      X-Ms-Version:
      - "2018-03-28"
      x-ms-date:
      - Thu, 20 Dec 2018 21:07:27 GMT
    url: https://gocloud.blob.core.windows.net/go-cloud-bucket/blob-for-reading?timeout=4
    method: PUT
  response:
    body: ""
    headers:
      Content-Md5:
      - PflsWr6X8pZ9OAEIcAMKXw==
      Date:
      - Thu, 20 Dec 2018 21:07:27 GMT
      Etag:
      - '"0x8D666BF25C557C2"'
      Last-Modified:
      - Thu, 20 Dec 2018 21:07:27 GMT
      Server:
      - Windows-Azure-Blob/1.0 Microsoft-HTTPAPI/2.0
      X-Ms-Request-Id:
      - 8c931179-701e-0062-30a8-98a16b000000
      X-Ms-Request-Server-Encrypted:
      - "true"
      X-Ms-Version:
      - "2018-03-28"
    status: 201 Created
    code: 201
    duration: ""
- request:
    body: ""
    form: {}
    headers:
      User-Agent:
      - X-Az-Target Azure-Storage/0.3 (go1.11.2; Windows_NT)
      X-Ms-Client-Request-Id:
      - 4b8c0c50-d5c7-4b22-4dcc-3677e6e3bdf6
      X-Ms-Version:
      - "2018-03-28"
      x-ms-date:
      - Thu, 20 Dec 2018 21:07:27 GMT
    url: https://gocloud.blob.core.windows.net/go-cloud-bucket/blob-for-reading?timeout=4
    method: GET
  response:
    body: abcdefghijklmnopqurstuvwxyz
    headers:
      Accept-Ranges:
      - bytes
      Content-Disposition:
      - ""
      Content-Length:
      - "27"
      Content-Md5:
      - PflsWr6X8pZ9OAEIcAMKXw==
      Content-Type:
      - text/plain; charset=utf-8
      Date:
      - Thu, 20 Dec 2018 21:07:27 GMT
      Etag:
      - '"0x8D666BF25C557C2"'
      Last-Modified:
      - Thu, 20 Dec 2018 21:07:27 GMT
      Server:
      - Windows-Azure-Blob/1.0 Microsoft-HTTPAPI/2.0
      X-Ms-Blob-Type:
      - BlockBlob
      X-Ms-Creation-Time:
      - Thu, 20 Dec 2018 21:07:27 GMT
      X-Ms-Lease-State:
      - available
      X-Ms-Lease-Status:
      - unlocked
      X-Ms-Request-Id:
      - 8c931195-701e-0062-46a8-98a16b000000
      X-Ms-Server-Encrypted:
      - "true"
      X-Ms-Version:
      - "2018-03-28"
    status: 200 OK
    code: 200
    duration: ""
- request:
    body: ""
    form: {}
    headers:
      User-Agent:
      - X-Az-Target Azure-Storage/0.3 (go1.11.2; Windows_NT)
      X-Ms-Client-Request-Id:
      - 9a9a45a1-0b33-4b2f-40b4-c32bef50ee72
      X-Ms-Delete-Snapshots:
      - include
      X-Ms-Version:
      - "2018-03-28"
      x-ms-date:
      - Thu, 20 Dec 2018 21:07:27 GMT
    url: https://gocloud.blob.core.windows.net/go-cloud-bucket/blob-for-reading?timeout=4
    method: DELETE
  response:
    body: ""
    headers:
      Date:
      - Thu, 20 Dec 2018 21:07:27 GMT
      Server:
      - Windows-Azure-Blob/1.0 Microsoft-HTTPAPI/2.0
      X-Ms-Delete-Type-Permanent:
      - "true"
      X-Ms-Request-Id:
      - 8c931199-701e-0062-49a8-98a16b000000
      X-Ms-Version:
      - "2018-03-28"
    status: 202 Accepted
    code: 202
    duration: ""
