---
version: 1
interactions:
- request:
    body: abcdefghijklmnopqurstuvwxyz
    form: {}
    headers:
      Content-Length:
      - "27"
      User-Agent:
      - X-Az-Target Azure-Storage/0.3 (go1.11.2; Windows_NT)
      X-Ms-Blob-Cache-Control:
      - ""
      X-Ms-Blob-Content-Disposition:
      - ""
      X-Ms-Blob-Content-Encoding:
      - ""
      X-Ms-Blob-Content-Language:
      - ""
      X-Ms-Blob-Content-Type:
      - text/plain; charset=utf-8
      X-Ms-Blob-Type:
      - BlockBlob
      X-Ms-Client-Request-Id:
      - fc8bf149-64a2-4eda-5f0b-5d0067c39151
      X-Ms-Version:
      - "2018-03-28"
      x-ms-date:
      - Thu, 20 Dec 2018 03:19:54 GMT
    url: https://gocloud.blob.core.windows.net/go-cloud-bucket/blob-for-reading?timeout=4
    method: PUT
  response:
    body: ""
    headers:
      Content-Md5:
      - PflsWr6X8pZ9OAEIcAMKXw==
      Date:
      - Thu, 20 Dec 2018 03:19:54 GMT
      Etag:
      - '"0x8D6662A02F75F37"'
      Last-Modified:
      - Thu, 20 Dec 2018 03:19:54 GMT
      Server:
      - Windows-Azure-Blob/1.0 Microsoft-HTTPAPI/2.0
      X-Ms-Request-Id:
      - b46124cd-901e-0005-5e12-9812cc000000
      X-Ms-Request-Server-Encrypted:
      - "true"
      X-Ms-Version:
      - "2018-03-28"
    status: 201 Created
    code: 201
    duration: ""
- request:
    body: ""
    form: {}
    headers:
      User-Agent:
      - X-Az-Target Azure-Storage/0.3 (go1.11.2; Windows_NT)
      X-Ms-Client-Request-Id:
      - 435c0d26-d8a5-404a-52cc-1cbcf6bbd447
      X-Ms-Range:
      - bytes=10-
      X-Ms-Version:
      - "2018-03-28"
      x-ms-date:
      - Thu, 20 Dec 2018 03:19:54 GMT
    url: https://gocloud.blob.core.windows.net/go-cloud-bucket/blob-for-reading?timeout=4
    method: GET
  response:
    body: klmnopqurstuvwxyz
    headers:
      Accept-Ranges:
      - bytes
      Content-Disposition:
      - ""
      Content-Length:
      - "17"
      Content-Range:
      - bytes 10-26/27
      Content-Type:
      - text/plain; charset=utf-8
      Date:
      - Thu, 20 Dec 2018 03:19:54 GMT
      Etag:
      - '"0x8D6662A02F75F37"'
      Last-Modified:
      - Thu, 20 Dec 2018 03:19:54 GMT
      Server:
      - Windows-Azure-Blob/1.0 Microsoft-HTTPAPI/2.0
      X-Ms-Blob-Content-Md5:
      - PflsWr6X8pZ9OAEIcAMKXw==
      X-Ms-Blob-Type:
      - BlockBlob
      X-Ms-Creation-Time:
      - Thu, 20 Dec 2018 03:19:54 GMT
      X-Ms-Lease-State:
      - available
      X-Ms-Lease-Status:
      - unlocked
      X-Ms-Request-Id:
      - b46124d2-901e-0005-6212-9812cc000000
      X-Ms-Server-Encrypted:
      - "true"
      X-Ms-Version:
      - "2018-03-28"
    status: 206 Partial Content
    code: 206
    duration: ""
- request:
    body: ""
    form: {}
    headers:
      User-Agent:
      - X-Az-Target Azure-Storage/0.3 (go1.11.2; Windows_NT)
      X-Ms-Client-Request-Id:
      - 7eea3d1d-fa7f-4a64-6e90-3a346ecb472b
      X-Ms-Version:
      - "2018-03-28"
      x-ms-date:
      - Thu, 20 Dec 2018 03:19:54 GMT
    url: https://gocloud.blob.core.windows.net/go-cloud-bucket/blob-for-reading?timeout=4
    method: HEAD
  response:
    body: ""
    headers:
      Accept-Ranges:
      - bytes
      Content-Disposition:
      - ""
      Content-Length:
      - "27"
      Content-Md5:
      - PflsWr6X8pZ9OAEIcAMKXw==
      Content-Type:
      - text/plain; charset=utf-8
      Date:
      - Thu, 20 Dec 2018 03:19:54 GMT
      Etag:
      - '"0x8D6662A02F75F37"'
      Last-Modified:
      - Thu, 20 Dec 2018 03:19:54 GMT
      Server:
      - Windows-Azure-Blob/1.0 Microsoft-HTTPAPI/2.0
      X-Ms-Blob-Type:
      - BlockBlob
      X-Ms-Creation-Time:
      - Thu, 20 Dec 2018 03:19:54 GMT
      X-Ms-Lease-State:
      - available
      X-Ms-Lease-Status:
      - unlocked
      X-Ms-Request-Id:
      - b46124d5-901e-0005-6512-9812cc000000
      X-Ms-Server-Encrypted:
      - "true"
      X-Ms-Version:
      - "2018-03-28"
    status: 200 OK
    code: 200
    duration: ""
- request:
    body: ""
    form: {}
    headers:
      User-Agent:
      - X-Az-Target Azure-Storage/0.3 (go1.11.2; Windows_NT)
      X-Ms-Client-Request-Id:
      - 2a688d69-5788-4fb1-745d-70e4f5e48041
      X-Ms-Delete-Snapshots:
      - include
      X-Ms-Version:
      - "2018-03-28"
      x-ms-date:
      - Thu, 20 Dec 2018 03:19:54 GMT
    url: https://gocloud.blob.core.windows.net/go-cloud-bucket/blob-for-reading?timeout=4
    method: DELETE
  response:
    body: ""
    headers:
      Date:
      - Thu, 20 Dec 2018 03:19:54 GMT
      Server:
      - Windows-Azure-Blob/1.0 Microsoft-HTTPAPI/2.0
      X-Ms-Delete-Type-Permanent:
      - "true"
      X-Ms-Request-Id:
      - b46124d6-901e-0005-6612-9812cc000000
      X-Ms-Version:
      - "2018-03-28"
    status: 202 Accepted
    code: 202
    duration: ""
