---
version: 1
interactions:
- request:
    body: abcdefghijklmnopqurstuvwxyz
    form: {}
    headers:
      Content-Length:
      - "27"
      User-Agent:
      - X-Az-Target Azure-Storage/0.3 (go1.11; linux)
      X-Ms-Blob-Cache-Control:
      - ""
      X-Ms-Blob-Content-Disposition:
      - ""
      X-Ms-Blob-Content-Encoding:
      - ""
      X-Ms-Blob-Content-Language:
      - ""
      X-Ms-Blob-Content-Type:
      - text/plain; charset=utf-8
      X-Ms-Blob-Type:
      - BlockBlob
      X-Ms-Client-Request-Id:
      - 950548dd-d59b-4cae-53eb-0878d622bed1
      X-Ms-Version:
      - "2018-03-28"
      x-ms-date:
      - Thu, 03 Jan 2019 20:13:07 GMT
    url: https://gocloudblobtests.blob.core.windows.net/go-cloud-bucket/blob-for-reading
    method: PUT
  response:
    body: ""
    headers:
      Content-Md5:
      - PflsWr6X8pZ9OAEIcAMKXw==
      Date:
      - Thu, 03 Jan 2019 20:13:07 GMT
      Etag:
      - '"0x8D671B7E07D3775"'
      Last-Modified:
      - Thu, 03 Jan 2019 20:13:07 GMT
      Server:
      - Windows-Azure-Blob/1.0 Microsoft-HTTPAPI/2.0
      X-Ms-Request-Id:
      - c51ee5af-f01e-001c-58a0-a34da3000000
      X-Ms-Request-Server-Encrypted:
      - "true"
      X-Ms-Version:
      - "2018-03-28"
    status: 201 Created
    code: 201
    duration: ""
- request:
    body: ""
    form: {}
    headers:
      User-Agent:
      - X-Az-Target Azure-Storage/0.3 (go1.11; linux)
      X-Ms-Client-Request-Id:
      - 353cf23d-e339-4fa5-5590-89c9d4898679
      X-Ms-Range:
      - bytes=10-14
      X-Ms-Version:
      - "2018-03-28"
      x-ms-date:
      - Thu, 03 Jan 2019 20:13:07 GMT
    url: https://gocloudblobtests.blob.core.windows.net/go-cloud-bucket/blob-for-reading
    method: GET
  response:
    body: klmno
    headers:
      Accept-Ranges:
      - bytes
      Content-Disposition:
      - ""
      Content-Length:
      - "5"
      Content-Range:
      - bytes 10-14/27
      Content-Type:
      - text/plain; charset=utf-8
      Date:
      - Thu, 03 Jan 2019 20:13:07 GMT
      Etag:
      - '"0x8D671B7E07D3775"'
      Last-Modified:
      - Thu, 03 Jan 2019 20:13:07 GMT
      Server:
      - Windows-Azure-Blob/1.0 Microsoft-HTTPAPI/2.0
      X-Ms-Blob-Content-Md5:
      - PflsWr6X8pZ9OAEIcAMKXw==
      X-Ms-Blob-Type:
      - BlockBlob
      X-Ms-Creation-Time:
      - Thu, 03 Jan 2019 20:13:07 GMT
      X-Ms-Lease-State:
      - available
      X-Ms-Lease-Status:
      - unlocked
      X-Ms-Request-Id:
      - c51ee5b3-f01e-001c-5aa0-a34da3000000
      X-Ms-Server-Encrypted:
      - "true"
      X-Ms-Version:
      - "2018-03-28"
    status: 206 Partial Content
    code: 206
    duration: ""
- request:
    body: ""
    form: {}
    headers:
      User-Agent:
      - X-Az-Target Azure-Storage/0.3 (go1.11; linux)
      X-Ms-Client-Request-Id:
      - d8a68599-d702-40a1-4ccd-8ae3cb0b6ad8
      X-Ms-Delete-Snapshots:
      - include
      X-Ms-Version:
      - "2018-03-28"
      x-ms-date:
      - Thu, 03 Jan 2019 20:13:07 GMT
    url: https://gocloudblobtests.blob.core.windows.net/go-cloud-bucket/blob-for-reading
    method: DELETE
  response:
    body: ""
    headers:
      Date:
      - Thu, 03 Jan 2019 20:13:07 GMT
      Server:
      - Windows-Azure-Blob/1.0 Microsoft-HTTPAPI/2.0
      X-Ms-Delete-Type-Permanent:
      - "true"
      X-Ms-Request-Id:
      - c51ee5b4-f01e-001c-5ba0-a34da3000000
      X-Ms-Version:
      - "2018-03-28"
    status: 202 Accepted
    code: 202
    duration: ""
