---
version: 1
interactions:
- request:
    body: abcdefghijklmnopqurstuvwxyz
    form: {}
    headers:
      Content-Length:
      - "27"
      User-Agent:
      - X-Az-Target Azure-Storage/0.3 (go1.11.2; Windows_NT)
      X-Ms-Blob-Cache-Control:
      - ""
      X-Ms-Blob-Content-Disposition:
      - ""
      X-Ms-Blob-Content-Encoding:
      - ""
      X-Ms-Blob-Content-Language:
      - ""
      X-Ms-Blob-Content-Type:
      - text/plain; charset=utf-8
      X-Ms-Blob-Type:
      - BlockBlob
      X-Ms-Client-Request-Id:
      - 0b532d9e-62d1-45f4-6fe3-7c58280c94fa
      X-Ms-Version:
      - "2018-03-28"
      x-ms-date:
      - Fri, 21 Dec 2018 02:13:43 GMT
    url: https://gocloud.blob.core.windows.net/go-cloud-bucket/blob-for-reading?timeout=4
    method: PUT
  response:
    body: ""
    headers:
      Content-Md5:
      - PflsWr6X8pZ9OAEIcAMKXw==
      Date:
      - Fri, 21 Dec 2018 02:13:43 GMT
      Etag:
      - '"0x8D666E9EE7E2BDC"'
      Last-Modified:
      - Fri, 21 Dec 2018 02:13:43 GMT
      Server:
      - Windows-Azure-Blob/1.0 Microsoft-HTTPAPI/2.0
      X-Ms-Request-Id:
      - c4b6f2e8-701e-0166-05d2-9812bc000000
      X-Ms-Request-Server-Encrypted:
      - "true"
      X-Ms-Version:
      - "2018-03-28"
    status: 201 Created
    code: 201
    duration: ""
- request:
    body: ""
    form: {}
    headers:
      User-Agent:
      - X-Az-Target Azure-Storage/0.3 (go1.11.2; Windows_NT)
      X-Ms-Client-Request-Id:
      - 860d614d-7fc9-4ff9-6d43-a64cca69ae3d
      X-Ms-Version:
      - "2018-03-28"
      x-ms-date:
      - Fri, 21 Dec 2018 02:13:43 GMT
    url: https://gocloud.blob.core.windows.net/go-cloud-bucket/blob-for-reading?timeout=4
    method: GET
  response:
    body: abcdefghijklmnopqurstuvwxyz
    headers:
      Accept-Ranges:
      - bytes
      Content-Disposition:
      - ""
      Content-Length:
      - "27"
      Content-Md5:
      - PflsWr6X8pZ9OAEIcAMKXw==
      Content-Type:
      - text/plain; charset=utf-8
      Date:
      - Fri, 21 Dec 2018 02:13:43 GMT
      Etag:
      - '"0x8D666E9EE7E2BDC"'
      Last-Modified:
      - Fri, 21 Dec 2018 02:13:43 GMT
      Server:
      - Windows-Azure-Blob/1.0 Microsoft-HTTPAPI/2.0
      X-Ms-Blob-Type:
      - BlockBlob
      X-Ms-Creation-Time:
      - Fri, 21 Dec 2018 02:13:43 GMT
      X-Ms-Lease-State:
      - available
      X-Ms-Lease-Status:
      - unlocked
      X-Ms-Request-Id:
      - c4b6f2fa-701e-0166-16d2-9812bc000000
      X-Ms-Server-Encrypted:
      - "true"
      X-Ms-Version:
      - "2018-03-28"
    status: 200 OK
    code: 200
    duration: ""
- request:
    body: ""
    form: {}
    headers:
      User-Agent:
      - X-Az-Target Azure-Storage/0.3 (go1.11.2; Windows_NT)
      X-Ms-Client-Request-Id:
      - 15d8c992-112f-48a3-6a9d-419af624c695
      X-Ms-Delete-Snapshots:
      - include
      X-Ms-Version:
      - "2018-03-28"
      x-ms-date:
      - Fri, 21 Dec 2018 02:13:43 GMT
    url: https://gocloud.blob.core.windows.net/go-cloud-bucket/blob-for-reading?timeout=4
    method: DELETE
  response:
    body: ""
    headers:
      Date:
      - Fri, 21 Dec 2018 02:13:43 GMT
      Server:
      - Windows-Azure-Blob/1.0 Microsoft-HTTPAPI/2.0
      X-Ms-Delete-Type-Permanent:
      - "true"
      X-Ms-Request-Id:
      - c4b6f31f-701e-0166-31d2-9812bc000000
      X-Ms-Version:
      - "2018-03-28"
    status: 202 Accepted
    code: 202
    duration: ""
