---
version: 1
interactions:
- request:
    body: hello
    form: {}
    headers:
      Content-Length:
      - "5"
      Content-Md5:
      - XUFAKrxLKna5cZ2REBfFkg==
      Content-Type:
      - text/plain; charset=utf-8
      User-Agent:
      - aws-sdk-go/1.19.16 (go1.12; linux; amd64) S3Manager
      X-Amz-Content-Sha256:
      - 2cf24dba5fb0a30e26e83b2ac5b9e29e1b161e5c1fa7425e73043362938b9824
      X-Amz-Date:
      - 20190426T212650Z
      X-Amz-Meta-Foo:
      - bar
    url: https://go-cloud-testing.s3.us-west-1.amazonaws.com/blob-for-metadata
    method: PUT
  response:
    body: ""
    headers:
      Content-Length:
      - "0"
      Date:
      - Fri, 26 Apr 2019 21:26:51 GMT
      Etag:
      - '"5d41402abc4b2a76b9719d911017c592"'
      Server:
      - AmazonS3
      X-Amz-Id-2:
      - BpBO1XGYe/u9ZLU0xhJwsnZURnRd8VlTi4S4Y+XSCqyxPbiP1nKnP7F1HGKSmxyNe4zYPj4caxY=
      X-Amz-Request-Id:
      - 11E6C5DDBAEC0A52
    status: 200 OK
    code: 200
    duration: ""
- request:
    body: ""
    form: {}
    headers:
      User-Agent:
      - aws-sdk-go/1.19.16 (go1.12; linux; amd64)
      X-Amz-Content-Sha256:
      - e3b0c44298fc1c149afbf4c8996fb92427ae41e4649b934ca495991b7852b855
      X-Amz-Date:
      - 20190426T212650Z
    url: https://go-cloud-testing.s3.us-west-1.amazonaws.com/blob-for-metadata
    method: HEAD
  response:
    body: ""
    headers:
      Accept-Ranges:
      - bytes
      Content-Length:
      - "5"
      Content-Type:
      - text/plain; charset=utf-8
      Date:
      - Fri, 26 Apr 2019 21:26:51 GMT
      Etag:
      - '"5d41402abc4b2a76b9719d911017c592"'
      Last-Modified:
      - Fri, 26 Apr 2019 21:26:51 GMT
      Server:
      - AmazonS3
      X-Amz-Id-2:
      - eJpBSy9bCx0dKJfLl9WudkIyx0uqQSOYVNL0vndHy+Y3GFW6c0XN7ITfCYZVqSaQ0abttd4Unw0=
      X-Amz-Meta-Foo:
      - bar
      X-Amz-Request-Id:
      - 6299BDC8E958AADE
    status: 200 OK
    code: 200
    duration: ""
- request:
    body: ""
    form: {}
    headers:
      User-Agent:
      - aws-sdk-go/1.19.16 (go1.12; linux; amd64)
      X-Amz-Content-Sha256:
      - e3b0c44298fc1c149afbf4c8996fb92427ae41e4649b934ca495991b7852b855
      X-Amz-Date:
      - 20190426T212650Z
    url: https://go-cloud-testing.s3.us-west-1.amazonaws.com/blob-for-metadata
    method: HEAD
  response:
    body: ""
    headers:
      Accept-Ranges:
      - bytes
      Content-Length:
      - "5"
      Content-Type:
      - text/plain; charset=utf-8
      Date:
      - Fri, 26 Apr 2019 21:26:51 GMT
      Etag:
      - '"5d41402abc4b2a76b9719d911017c592"'
      Last-Modified:
      - Fri, 26 Apr 2019 21:26:51 GMT
      Server:
      - AmazonS3
      X-Amz-Id-2:
      - +vuR43tbWTYPd8BKMKpwj2EyNos+aEEPcrhglmMufiO+5Gif4ADeZU5+Gv+TOppZXdclquGWeqY=
      X-Amz-Meta-Foo:
      - bar
      X-Amz-Request-Id:
      - DC9BA4AEDBC9969C
    status: 200 OK
    code: 200
    duration: ""
- request:
    body: ""
    form: {}
    headers:
      User-Agent:
      - aws-sdk-go/1.19.16 (go1.12; linux; amd64)
      X-Amz-Content-Sha256:
      - e3b0c44298fc1c149afbf4c8996fb92427ae41e4649b934ca495991b7852b855
      X-Amz-Date:
      - 20190426T212650Z
    url: https://go-cloud-testing.s3.us-west-1.amazonaws.com/blob-for-metadata
    method: DELETE
  response:
    body: ""
    headers:
      Date:
      - Fri, 26 Apr 2019 21:26:51 GMT
      Server:
      - AmazonS3
      X-Amz-Id-2:
      - 6reKIxZ+5E/P7Yvo76snw1EVaP7ePwR90KlCdb/QCvfmVWwR5dC3RCDkpPNFk3Rr2f490NCwzAU=
      X-Amz-Request-Id:
      - C45D9FB0808C354F
    status: 204 No Content
    code: 204
    duration: ""
