---
version: 1
interactions:
- request:
    body: hello world
    form: {}
    headers:
      Content-Length:
      - "11"
      User-Agent:
      - X-Az-Target Azure-Storage/0.3 (go1.11.2; Windows_NT)
      X-Ms-Blob-Cache-Control:
      - ""
      X-Ms-Blob-Content-Disposition:
      - ""
      X-Ms-Blob-Content-Encoding:
      - ""
      X-Ms-Blob-Content-Language:
      - ""
      X-Ms-Blob-Content-Type:
      - text/plain; charset=utf-8
      X-Ms-Blob-Type:
      - BlockBlob
      X-Ms-Client-Request-Id:
      - f439fadf-97c0-46c9-754f-15b1e460bc6a
      X-Ms-Version:
      - "2018-03-28"
      x-ms-date:
      - Thu, 20 Dec 2018 20:36:47 GMT
    url: https://gocloud.blob.core.windows.net/go-cloud-bucket/blob-for-signing?timeout=4
    method: PUT
  response:
    body: ""
    headers:
      Content-Md5:
      - XrY7u+Ae7tCTyyK7j1rNww==
      Date:
      - Thu, 20 Dec 2018 20:36:47 GMT
      Etag:
      - '"0x8D666BADD0F59C2"'
      Last-Modified:
      - Thu, 20 Dec 2018 20:36:47 GMT
      Server:
      - Windows-Azure-Blob/1.0 Microsoft-HTTPAPI/2.0
      X-Ms-Request-Id:
      - b0abd65c-901e-0027-5da3-987cfa000000
      X-Ms-Request-Server-Encrypted:
      - "true"
      X-Ms-Version:
      - "2018-03-28"
    status: 201 Created
    code: 201
    duration: ""
- request:
    body: ""
    form: {}
    headers: {}
    url: https://gocloud.blob.core.windows.net/go-cloud-bucket/blob-for-signing?se=2018-12-20T21%3A36%3A47Z&sig=CWjv517yxsHtYwCl0kUaKkSC%2BxzyQMXQvnvy1DJi3do%3D&sp=racwd&spr=https&sr=b&sv=2018-03-28
    method: GET
  response:
    body: hello world
    headers:
      Accept-Ranges:
      - bytes
      Content-Disposition:
      - ""
      Content-Length:
      - "11"
      Content-Md5:
      - XrY7u+Ae7tCTyyK7j1rNww==
      Content-Type:
      - text/plain; charset=utf-8
      Date:
      - Thu, 20 Dec 2018 20:36:47 GMT
      Etag:
      - '"0x8D666BADD0F59C2"'
      Last-Modified:
      - Thu, 20 Dec 2018 20:36:47 GMT
      Server:
      - Windows-Azure-Blob/1.0 Microsoft-HTTPAPI/2.0
      X-Ms-Blob-Type:
      - BlockBlob
      X-Ms-Creation-Time:
      - Thu, 20 Dec 2018 20:36:47 GMT
      X-Ms-Lease-State:
      - available
      X-Ms-Lease-Status:
      - unlocked
      X-Ms-Request-Id:
      - b0abd664-901e-0027-63a3-987cfa000000
      X-Ms-Server-Encrypted:
      - "true"
      X-Ms-Version:
      - "2018-03-28"
    status: 200 OK
    code: 200
    duration: ""
- request:
    body: ""
    form: {}
    headers:
      User-Agent:
      - X-Az-Target Azure-Storage/0.3 (go1.11.2; Windows_NT)
      X-Ms-Client-Request-Id:
      - 66d621c3-befe-4696-6e8b-cbb56701f1f2
      X-Ms-Delete-Snapshots:
      - include
      X-Ms-Version:
      - "2018-03-28"
      x-ms-date:
      - Thu, 20 Dec 2018 20:36:47 GMT
    url: https://gocloud.blob.core.windows.net/go-cloud-bucket/blob-for-signing?timeout=4
    method: DELETE
  response:
    body: ""
    headers:
      Date:
      - Thu, 20 Dec 2018 20:36:47 GMT
      Server:
      - Windows-Azure-Blob/1.0 Microsoft-HTTPAPI/2.0
      X-Ms-Delete-Type-Permanent:
      - "true"
      X-Ms-Request-Id:
      - b0abd66c-901e-0027-6aa3-987cfa000000
      X-Ms-Version:
      - "2018-03-28"
    status: 202 Accepted
    code: 202
    duration: ""
