---
version: 1
interactions:
- request:
    body: Hello world
    form: {}
    headers:
      Content-Length:
      - "11"
      Content-Md5:
      - PiWWCnnbxptnTNTsZ6csYg==
      Content-Type:
      - text/plain; charset=utf-8
      User-Agent:
      - aws-sdk-go/1.19.16 (go1.12; linux; amd64) S3Manager
      X-Amz-Content-Sha256:
      - 64ec88ca00b268e5ba1a35678a1b5316d212f4f366b2477232534a8aeca37f3c
      X-Amz-Date:
      - 20190426T212651Z
    url: https://go-cloud-testing.s3.us-west-1.amazonaws.com/blob-for-deleting
    method: PUT
  response:
    body: ""
    headers:
      Content-Length:
      - "0"
      Date:
      - Fri, 26 Apr 2019 21:26:52 GMT
      Etag:
      - '"3e25960a79dbc69b674cd4ec67a72c62"'
      Server:
      - AmazonS3
      X-Amz-Id-2:
      - zBz4891XQSmttevOHOpbqvNjEygIzAHFCoUhdAtwTwneyfArKj+MXNYxnpFv0jLFbmlbEcIm2Zc=
      X-Amz-Request-Id:
      - 243D9F03DAA65E55
    status: 200 OK
    code: 200
    duration: ""
- request:
    body: ""
    form: {}
    headers:
      User-Agent:
      - aws-sdk-go/1.19.16 (go1.12; linux; amd64)
      X-Amz-Content-Sha256:
      - e3b0c44298fc1c149afbf4c8996fb92427ae41e4649b934ca495991b7852b855
      X-Amz-Date:
      - 20190426T212651Z
    url: https://go-cloud-testing.s3.us-west-1.amazonaws.com/blob-for-deleting
    method: HEAD
  response:
    body: ""
    headers:
      Accept-Ranges:
      - bytes
      Content-Length:
      - "11"
      Content-Type:
      - text/plain; charset=utf-8
      Date:
      - Fri, 26 Apr 2019 21:26:52 GMT
      Etag:
      - '"3e25960a79dbc69b674cd4ec67a72c62"'
      Last-Modified:
      - Fri, 26 Apr 2019 21:26:52 GMT
      Server:
      - AmazonS3
      X-Amz-Id-2:
      - XCMQKbvtmc/feNSRSLjV3GbZmYAj0GRonKdUUYR/PMhKcRM5kK5/On9iWu3owAF0Ts4nzrHwPvo=
      X-Amz-Request-Id:
      - 59146EE0AB3239BB
    status: 200 OK
    code: 200
    duration: ""
- request:
    body: ""
    form: {}
    headers:
      User-Agent:
      - aws-sdk-go/1.19.16 (go1.12; linux; amd64)
      X-Amz-Content-Sha256:
      - e3b0c44298fc1c149afbf4c8996fb92427ae41e4649b934ca495991b7852b855
      X-Amz-Date:
      - 20190426T212651Z
    url: https://go-cloud-testing.s3.us-west-1.amazonaws.com/blob-for-deleting
    method: DELETE
  response:
    body: ""
    headers:
      Date:
      - Fri, 26 Apr 2019 21:26:52 GMT
      Server:
      - AmazonS3
      X-Amz-Id-2:
      - BDZT5DrARM9mlpdl1PXvIN0ycn7HZvzpSElPWVRBkCTNs4DoIQhY4BWDGOk0JbycgR16lahkE4s=
      X-Amz-Request-Id:
      - 7A6A5A45B34CC49F
    status: 204 No Content
    code: 204
    duration: ""
- request:
    body: ""
    form: {}
    headers:
      User-Agent:
      - aws-sdk-go/1.19.16 (go1.12; linux; amd64)
      X-Amz-Content-Sha256:
      - e3b0c44298fc1c149afbf4c8996fb92427ae41e4649b934ca495991b7852b855
      X-Amz-Date:
      - 20190426T212651Z
    url: https://go-cloud-testing.s3.us-west-1.amazonaws.com/blob-for-deleting
    method: GET
  response:
    body: |-
      <?xml version="1.0" encoding="UTF-8"?>
      <Error><Code>NoSuchKey</Code><Message>The specified key does not exist.</Message><Key>blob-for-deleting</Key><RequestId>9025D0C8F0FF9FC8</RequestId><HostId>6hOMH8UsHlIkaLYYoyPDv+y9pX530ezyq2F7Fwau+f1t1jnjVfGL0s7Ca56GTialemF6pHLKMmw=</HostId></Error>
    headers:
      Content-Type:
      - application/xml
      Date:
      - Fri, 26 Apr 2019 21:26:51 GMT
      Server:
      - AmazonS3
      X-Amz-Id-2:
      - 6hOMH8UsHlIkaLYYoyPDv+y9pX530ezyq2F7Fwau+f1t1jnjVfGL0s7Ca56GTialemF6pHLKMmw=
      X-Amz-Request-Id:
      - 9025D0C8F0FF9FC8
    status: 404 Not Found
    code: 404
    duration: ""
- request:
    body: ""
    form: {}
    headers:
      User-Agent:
      - aws-sdk-go/1.19.16 (go1.12; linux; amd64)
      X-Amz-Content-Sha256:
      - e3b0c44298fc1c149afbf4c8996fb92427ae41e4649b934ca495991b7852b855
      X-Amz-Date:
      - 20190426T212651Z
    url: https://go-cloud-testing.s3.us-west-1.amazonaws.com/blob-for-deleting
    method: HEAD
  response:
    body: ""
    headers:
      Content-Type:
      - application/xml
      Date:
      - Fri, 26 Apr 2019 21:26:51 GMT
      Server:
      - AmazonS3
      X-Amz-Id-2:
      - gdB46JEyxbOp4DSJakodT0pqOMgy81+uEyFAHiFKwMAIm6+pnpH6t/8ObCfJVSBvHJbPHCObhMY=
      X-Amz-Request-Id:
      - C38283EE8AA893A2
    status: 404 Not Found
    code: 404
    duration: ""
